--------- beginning of crash
03-31 21:37:44.653  3528  3528 F libc    : Fatal signal 6 (SIGABRT), code -6 in tid 3528 (dex2oat)
03-31 21:37:44.996  3750  3750 F DEBUG   : *** *** *** *** *** *** *** *** *** *** *** *** *** *** *** ***
03-31 21:37:44.996  3750  3750 F DEBUG   : Build fingerprint: 'Sony/H4113/H4113:8.0.0/50.1.A.13.123/2558067933:user/release-keys'
03-31 21:37:44.996  3750  3750 F DEBUG   : Revision: '0'
03-31 21:37:44.996  3750  3750 F DEBUG   : ABI: 'arm'
03-31 21:37:44.996  3750  3750 F DEBUG   : pid: 3528, tid: 3528, name: dex2oat  >>> /system/bin/dex2oat <<<
03-31 21:37:44.996  3750  3750 F DEBUG   : signal 6 (SIGABRT), code -6 (SI_TKILL), fault addr --------
03-31 21:37:44.998  3750  3750 F DEBUG   : Abort message: 'terminating with uncaught exception of type std::bad_alloc: std::bad_alloc'
03-31 21:37:44.999  3750  3750 F DEBUG   :     r0 00000000  r1 00000dc8  r2 00000006  r3 00000008
03-31 21:37:44.999  3750  3750 F DEBUG   :     r4 00000dc8  r5 00000dc8  r6 ff8d49e8  r7 0000010c
03-31 21:37:44.999  3750  3750 F DEBUG   :     r8 88888889  r9 00000000  sl ed6a2b65  fp 00000001
03-31 21:37:44.999  3750  3750 F DEBUG   :     ip 00000000  sp ff8d49d8  lr f28a47bf  pc f28d4f10  cpsr 200f0010
03-31 21:37:45.073  3750  3750 F DEBUG   : 
03-31 21:37:45.073  3750  3750 F DEBUG   : backtrace:
03-31 21:37:45.073  3750  3750 F DEBUG   :     #00 pc 0004af10  /system/lib/libc.so (tgkill+12)
03-31 21:37:45.073  3750  3750 F DEBUG   :     #01 pc 0001a7bb  /system/lib/libc.so (abort+54)
03-31 21:37:45.073  3750  3750 F DEBUG   :     #02 pc 000329e5  /system/lib/libc++.so (abort_message+84)
03-31 21:37:45.073  3750  3750 F DEBUG   :     #03 pc 00032b7b  /system/lib/libc++.so (_ZL28demangling_terminate_handlerv+178)
03-31 21:37:45.073  3750  3750 F DEBUG   :     #04 pc 00045a9f  /system/lib/libc++.so (_ZSt11__terminatePFvvE+2)
03-31 21:37:45.073  3750  3750 F DEBUG   :     #05 pc 0004527b  /system/lib/libc++.so (__cxa_throw+94)
03-31 21:37:45.073  3750  3750 F DEBUG   :     #06 pc 00045bef  /system/lib/libc++.so (_Znwj+62)
03-31 21:37:45.073  3750  3750 F DEBUG   :     #07 pc 000155e5  /system/lib/libart-dexlayout.so (_ZNSt3__16vectorINS_10unique_ptrIN3art6dex_ir12PositionInfoENS_14default_deleteIS4_EEEENS_9allocatorIS7_EEE21__push_back_slow_pathIS7_EEvOT_+70)
03-31 21:37:45.073  3750  3750 F DEBUG   :     #08 pc 0001445d  /system/lib/libart-dexlayout.so (_ZN3art6dex_irL14GetPositionsCbEPvRKNS_7DexFile12PositionInfoE+60)
03-31 21:37:45.073  3750  3750 F DEBUG   :     #09 pc 001378f9  /system/lib/libart.so (_ZNK3art7DexFile23DecodeDebugPositionInfoEPKNS0_8CodeItemEPFbPvRKNS0_12PositionInfoEES4_+556)
03-31 21:37:45.073  3750  3750 F DEBUG   :     #10 pc 0001431f  /system/lib/libart-dexlayout.so (_ZN3art6dex_ir11Collections18GenerateMethodItemERKNS_7DexFileERNS_21ClassDataItemIteratorE+218)
03-31 21:37:45.073  3750  3750 F DEBUG   :     #11 pc 00012f51  /system/lib/libart-dexlayout.so (_ZN3art6dex_ir11Collections15CreateClassDataERKNS_7DexFileEPKhj+672)
03-31 21:37:45.073  3750  3750 F DEBUG   :     #12 pc 000127a7  /system/lib/libart-dexlayout.so (_ZN3art6dex_ir11Collections14CreateClassDefERKNS_7DexFileEj+182)
03-31 21:37:45.073  3750  3750 F DEBUG   :     #13 pc 0001786b  /system/lib/libart-dexlayout.so (_ZN3art6dex_ir12DexIrBuilderERKNS_7DexFileE+478)
03-31 21:37:45.073  3750  3750 F DEBUG   :     #14 pc 0000ecc3  /system/lib/libart-dexlayout.so (_ZN3art9DexLayout14ProcessDexFileEPKcPKNS_7DexFileEj+14)
03-31 21:37:45.073  3750  3750 F DEBUG   :     #15 pc 0017f63f  /system/lib/libart-compiler.so (_ZN3art9OatWriter21LayoutAndWriteDexFileEPNS_12OutputStreamEPNS0_10OatDexFileE+378)
03-31 21:37:45.073  3750  3750 F DEBUG   :     #16 pc 0017f0dd  /system/lib/libart-compiler.so (_ZN3art9OatWriter12WriteDexFileEPNS_12OutputStreamEPN9unix_file6FdFileEPNS0_10OatDexFileEb+32)
03-31 21:37:45.073  3750  3750 F DEBUG   :     #17 pc 0017a4b7  /system/lib/libart-compiler.so (_ZN3art9OatWriter20WriteAndOpenDexFilesEPN9unix_file6FdFileEPNS_12OutputStreamENS_14InstructionSetEPKNS_22InstructionSetFeaturesEPNS_7SafeMapINSt3__112basic_stringIcNSB_11char_traitsIcEENSB_9allocatorIcEEEESH_NSB_4lessISH_EENSF_INSB_4pairIKSH_SH_EEEEEEbbPNSB_10unique_ptrINS_6MemMapENSB_14default_deleteISR_EEEEPNSB_6vectorINSQ_IKNS_7DexFileENSS_ISY_EEEENSF_IS10_EEEE+374)
03-31 21:37:45.073  3750  3750 F DEBUG   :     #18 pc 0000b8e9  /system/bin/dex2oat (_ZN3art7Dex2Oat5SetupEv+2176)
03-31 21:37:45.073  3750  3750 F DEBUG   :     #19 pc 000080b3  /system/bin/dex2oat (main+514)
03-31 21:37:45.073  3750  3750 F DEBUG   :     #20 pc 00017e49  /system/lib/libc.so (__libc_init+48)
03-31 21:37:45.073  3750  3750 F DEBUG   :     #21 pc 00007dd0  /system/bin/dex2oat (_start+96)
--------- beginning of system
04-01 11:45:09.441  1570  3654 I chatty  : uid=1000(system) Binder:1570_12 expire 4 lines
04-01 11:45:11.540  1570  8533 I chatty  : uid=1000(system) Binder:1570_1E expire 2 lines
04-01 11:45:11.888  2198  2198 V KeyguardDisplayManager: hide
04-01 11:45:11.889  1570  3695 I chatty  : uid=1000(system) Binder:1570_16 expire 16 lines
04-01 11:45:11.940  1570  1614 I chatty  : uid=1000(system) ActivityManager expire 14 lines
04-01 11:45:11.981  1570  2360 I chatty  : uid=1000(system) Binder:1570_9 expire 1 line
04-01 11:45:12.006  1570  3656 I chatty  : uid=1000(system) Binder:1570_13 expire 6 lines
04-01 11:45:12.023  1570  2300 I chatty  : uid=1000(system) Binder:1570_5 expire 2 lines
04-01 11:45:12.956  1570  2114 I chatty  : uid=1000(system) Binder:1570_3 expire 10 lines
04-01 11:45:13.617  1570  3644 I chatty  : uid=1000(system) Binder:1570_11 expire 11 lines
04-01 11:45:13.865  1570  2113 I chatty  : uid=1000(system) IddHandlerThrea expire 6 lines
04-01 11:45:17.588  1570  2147 I chatty  : uid=1000(system) WifiScanningSer expire 2 lines
04-01 11:45:32.391  1570  2121 I chatty  : uid=1000(system) AlarmManager expire 3 lines
04-01 11:45:32.813  1570  2290 I chatty  : uid=1000(system) Binder:1570_4 expire 14 lines
04-01 11:45:37.082  1570  2359 I chatty  : uid=1000(system) Binder:1570_8 expire 12 lines
04-01 11:45:51.612   558   558 I tad     : MiscTA Unit 2491: 
04-01 11:45:51.612   558   558 I tad     : NOT WRITTEN (Identical)
04-01 11:45:51.612   558   558 I tad     : MiscTA: Write of unit 2491 completed - OK
04-01 11:46:06.733  1570  1717 I chatty  : uid=1000(system) PackageManager expire 19 lines
04-01 11:46:06.746  1570  1614 I chatty  : uid=1000(system) ActivityManager expire 9 lines
04-01 11:46:06.860 14787 14787 W ContextImpl: Calling a method in the system process without a qualified user: android.app.ContextImpl.startService:1472 android.content.ContextWrapper.startService:644 android.content.ContextWrapper.startService:644 com.qualcomm.qti.seemp.service.SeempBroadcastReceiver.onReceive:56 android.app.ActivityThread.handleReceiver:3260 
04-01 11:46:06.893  1570  2290 I chatty  : uid=1000(system) Binder:1570_4 expire 2 lines
04-01 11:46:08.763  1570  1615 I chatty  : uid=1000(system) android.ui expire 2 lines
04-01 11:46:08.945  1570  4156 I chatty  : uid=1000(system) Binder:1570_17 expire 1 line
04-01 11:46:09.385  1570  2359 I chatty  : uid=1000(system) Binder:1570_8 expire 3 lines
04-01 11:46:09.386  1570  2114 I chatty  : uid=1000(system) Binder:1570_3 expire 3 lines
04-01 11:46:09.429  1570  3695 I chatty  : uid=1000(system) Binder:1570_16 expire 1 line
04-01 11:46:09.429  1570  6667 I chatty  : uid=1000(system) Binder:1570_1B expire 3 lines
04-01 11:46:09.430  1570  3590 I chatty  : uid=1000(system) Binder:1570_C expire 1 line
04-01 11:46:09.439  1570  1614 I chatty  : uid=1000(system) ActivityManager expire 25 lines
04-01 11:46:09.444  1570  2114 I chatty  : uid=1000(system) Binder:1570_3 expire 16 lines
04-01 11:46:09.444  1570  2300 I chatty  : uid=1000(system) Binder:1570_5 expire 2 lines
04-01 11:46:09.445  1570  6667 I chatty  : uid=1000(system) Binder:1570_1B expire 4 lines
04-01 11:46:09.447  1570  3695 I chatty  : uid=1000(system) Binder:1570_16 expire 2 lines
04-01 11:46:09.447  1570  2360 I chatty  : uid=1000(system) Binder:1570_9 expire 3 lines
04-01 11:46:09.633  1570  3654 I chatty  : uid=1000(system) Binder:1570_12 expire 3 lines
04-01 11:46:09.633  1570  2359 I chatty  : uid=1000(system) Binder:1570_8 expire 9 lines
04-01 11:46:09.643  1570  8533 I chatty  : uid=1000(system) Binder:1570_1E expire 11 lines
04-01 11:46:09.652  1570  3661 I chatty  : uid=1000(system) Binder:1570_14 expire 21 lines
04-01 11:46:09.654  1570  3611 I chatty  : uid=1000(system) Binder:1570_D expire 18 lines
04-01 11:46:09.668  1570  3656 I chatty  : uid=1000(system) Binder:1570_13 expire 18 lines
04-01 11:46:09.770  1570  2290 I chatty  : uid=1000(system) Binder:1570_4 expire 20 lines
04-01 11:46:10.266  1570  1613 I chatty  : uid=1000(system) android.bg expire 3 lines
04-01 11:46:10.408  1570  1570 I chatty  : uid=1000 system_server expire 1 line
04-01 11:46:13.923  1570  2113 I chatty  : uid=1000(system) IddHandlerThrea expire 2 lines
04-01 11:46:15.870  1570  2147 I chatty  : uid=1000(system) WifiScanningSer expire 2 lines
04-01 11:46:16.486  1570  2121 I chatty  : uid=1000(system) AlarmManager expire 3 lines
04-01 11:46:31.915  1570  2359 I chatty  : uid=1000(system) Binder:1570_8 expire 6 lines
04-01 11:46:32.906  1570  1668 I chatty  : uid=1000(system) android.display expire 1 line
04-01 11:46:33.081  1570  2300 I chatty  : uid=1000(system) Binder:1570_5 expire 33 lines
04-01 11:46:33.748  1570  2360 I chatty  : uid=1000(system) Binder:1570_9 expire 8 lines
04-01 11:46:33.851  1570  3644 I chatty  : uid=1000(system) Binder:1570_11 expire 11 lines
04-01 11:46:33.897  1570  4156 I chatty  : uid=1000(system) Binder:1570_17 expire 4 lines
04-01 11:46:33.906  1570  3590 I chatty  : uid=1000(system) Binder:1570_C expire 6 lines
04-01 11:46:33.942  1570  2113 I chatty  : uid=1000(system) IddHandlerThrea expire 2 lines
04-01 11:46:39.397  1570  1613 I chatty  : uid=1000(system) android.bg expire 1 line
04-01 11:46:44.022  1570  1717 I chatty  : uid=1000(system) PackageManager expire 19 lines
04-01 11:46:44.032  1570  1614 I chatty  : uid=1000(system) ActivityManager expire 29 lines
04-01 11:46:44.117 14984 14984 W ContextImpl: Calling a method in the system process without a qualified user: android.app.ContextImpl.startService:1472 android.content.ContextWrapper.startService:644 android.content.ContextWrapper.startService:644 com.qualcomm.qti.seemp.service.SeempBroadcastReceiver.onReceive:56 android.app.ActivityThread.handleReceiver:3260 
04-01 11:46:44.607  1570  3611 I chatty  : uid=1000(system) Binder:1570_D expire 2 lines
04-01 11:46:46.893  1570  1570 I chatty  : uid=1000 system_server expire 1 line
04-01 11:46:46.906  1570  3695 I chatty  : uid=1000(system) Binder:1570_16 expire 23 lines
04-01 11:46:46.934  1570  3654 I chatty  : uid=1000(system) Binder:1570_12 expire 5 lines
04-01 11:46:46.936  1570  3068 I chatty  : uid=1000(system) Binder:1570_B expire 5 lines
04-01 11:46:47.069  1570  8533 I chatty  : uid=1000(system) Binder:1570_1E expire 3 lines
04-01 11:46:47.070  1570  2114 I chatty  : uid=1000(system) Binder:1570_3 expire 1 line
04-01 11:46:47.135  1570  3656 I chatty  : uid=1000(system) Binder:1570_13 expire 4 lines
04-01 11:46:47.193  1570  2300 I chatty  : uid=1000(system) Binder:1570_5 expire 14 lines
04-01 11:46:47.579  1570  1570 I chatty  : uid=1000 system_server expire 7 lines
04-01 11:46:47.597  1570  1613 I chatty  : uid=1000(system) android.bg expire 4 lines
04-01 11:46:47.734  1570  2360 I chatty  : uid=1000(system) Binder:1570_9 expire 1 line
04-01 11:46:47.828  1570  4156 I chatty  : uid=1000(system) Binder:1570_17 expire 8 lines
04-01 11:46:47.835  1570  3590 I chatty  : uid=1000(system) Binder:1570_C expire 1 line
04-01 11:46:50.234  1570 10171 I chatty  : uid=1000(system) SmartCleanerSer expire 1 line
04-01 11:46:52.607  1570  3644 I chatty  : uid=1000(system) Binder:1570_11 expire 10 lines
04-01 11:46:53.971  1570  2113 I chatty  : uid=1000(system) IddHandlerThrea expire 12 lines
04-01 11:47:00.001  1570  2121 I chatty  : uid=1000(system) AlarmManager expire 10 lines
04-01 11:47:01.964  1570  2139 I chatty  : uid=1000(system) NetworkStats expire 1 line
04-01 11:47:02.852  1570  3611 I chatty  : uid=1000(system) Binder:1570_D expire 14 lines
04-01 11:47:35.745  1570  2147 I chatty  : uid=1000(system) WifiScanningSer expire 3 lines
04-01 11:47:35.747  1570  1614 I chatty  : uid=1000(system) ActivityManager expire 9 lines
04-01 11:47:59.136  1570  1621 I chatty  : uid=1000(system) batterystats-sy expire 1 line
04-01 11:48:46.772  1570  1666 I chatty  : uid=1000(system) android.fg expire 4 lines
04-01 11:48:47.209  1570  9439 I chatty  : uid=1000(system) Binder:1570_1F expire 1 line
04-01 11:48:47.262 15259 15307 E ActivityThread: Failed to find provider info for com.facebook.appmanager.nekodirect
04-01 11:48:47.486  1570  3611 I chatty  : uid=1000(system) Binder:1570_D expire 13 lines
04-01 11:48:51.975   558   558 I tad     : MiscTA Unit 2491: 
04-01 11:48:51.975   558   558 I tad     : NOT WRITTEN (Identical)
04-01 11:48:51.975   558   558 I tad     : MiscTA: Write of unit 2491 completed - OK
04-01 11:48:52.654  1570  6667 I chatty  : uid=1000(system) Binder:1570_1B expire 12 lines
04-01 11:48:54.135  1570  2113 I chatty  : uid=1000(system) IddHandlerThrea expire 12 lines
04-01 11:49:03.289  1570  8220 I chatty  : uid=1000(system) Binder:1570_1D expire 5 lines
04-01 11:49:21.092  1570  3654 I chatty  : uid=1000(system) Binder:1570_12 expire 5 lines
04-01 11:49:57.134  1570  5879 I chatty  : uid=1000(system) Binder:1570_19 expire 9 lines
04-01 11:50:15.911  1570  3661 I chatty  : uid=1000(system) Binder:1570_14 expire 1 line
04-01 11:50:15.912  1570  2150 I chatty  : uid=1000(system) ConnectivitySer expire 1 line
04-01 11:50:34.751  1570  8533 I chatty  : uid=1000(system) Binder:1570_1E expire 4 lines
04-01 11:50:39.124 12424 15427 E ActivityThread: Failed to find provider info for com.facebook.mlite.sso.MessengerLoggedInUserProvider
04-01 11:50:39.265  1570  1588 I chatty  : uid=1000(system) Binder:1570_2 expire 2 lines
04-01 11:50:39.280  1570  3611 I chatty  : uid=1000(system) Binder:1570_D expire 17 lines
04-01 11:50:39.295  1570  1614 I chatty  : uid=1000(system) ActivityManager expire 7 lines
04-01 11:50:39.311  1570  5879 I chatty  : uid=1000(system) Binder:1570_19 expire 21 lines
04-01 11:50:42.595  1570  8533 I chatty  : uid=1000(system) Binder:1570_1E expire 2 lines
04-01 11:50:42.839  1570  1588 I chatty  : uid=1000(system) Binder:1570_2 expire 46 lines
04-01 11:50:45.784  1570  8220 I chatty  : uid=1000(system) Binder:1570_1D expire 17 lines
04-01 11:50:50.728 12424 15635 E ActivityThread: Failed to find provider info for com.facebook.mlite.sso.MessengerLoggedInUserProvider
04-01 11:50:50.735  1570  3611 I chatty  : uid=1000(system) Binder:1570_D expire 1 line
04-01 11:50:51.124  1570  5879 I chatty  : uid=1000(system) Binder:1570_19 expire 7 lines
04-01 11:50:54.287  1570  2113 I chatty  : uid=1000(system) IddHandlerThrea expire 12 lines
04-01 11:50:57.081  1570  2121 I chatty  : uid=1000(system) AlarmManager expire 5 lines
04-01 11:50:57.095  1570  1615 I chatty  : uid=1000(system) android.ui expire 1 line
04-01 11:50:58.661  1570  1717 I chatty  : uid=1000(system) PackageManager expire 1 line
04-01 11:50:58.691  1570  3590 I chatty  : uid=1000(system) Binder:1570_C expire 8 lines
04-01 11:50:59.094  1570  1613 I chatty  : uid=1000(system) android.bg expire 4 lines
04-01 11:50:59.137  1570  1570 I chatty  : uid=1000 system_server expire 3 lines
04-01 11:51:03.414  1570  2147 I chatty  : uid=1000(system) WifiScanningSer expire 1 line
04-01 11:51:30.016  1570  1666 I chatty  : uid=1000(system) android.fg expire 4 lines
04-01 11:51:52.384   558   558 I tad     : MiscTA Unit 2491: 
04-01 11:51:52.384   558   558 I tad     : NOT WRITTEN (Identical)
04-01 11:51:52.384   558   558 I tad     : MiscTA: Write of unit 2491 completed - OK
04-01 11:51:55.749  1570  1588 I chatty  : uid=1000(system) Binder:1570_2 expire 6 lines
04-01 11:52:23.705  1570  8220 I chatty  : uid=1000(system) Binder:1570_1D expire 4 lines
04-01 11:52:35.160  1570  1699 I chatty  : uid=1000(system) PowerManagerSer expire 2 lines
04-01 11:52:51.133  1570  5879 I chatty  : uid=1000(system) Binder:1570_19 expire 6 lines
04-01 11:52:54.441  1570  2113 I chatty  : uid=1000(system) IddHandlerThrea expire 12 lines
04-01 11:52:56.061  1570  2147 I chatty  : uid=1000(system) WifiScanningSer expire 2 lines
04-01 11:52:56.063  1570  1614 I chatty  : uid=1000(system) ActivityManager expire 13 lines
04-01 11:52:56.081  1570  1588 I chatty  : uid=1000(system) Binder:1570_2 expire 1 line
04-01 11:52:59.111  1570  1570 I chatty  : uid=1000 system_server expire 4 lines
04-01 11:52:59.141  1570  1621 I chatty  : uid=1000(system) batterystats-sy expire 1 line
04-01 11:53:00.001  1570  2121 I chatty  : uid=1000(system) AlarmManager expire 3 lines
04-01 11:53:00.366  1570  3611 I chatty  : uid=1000(system) Binder:1570_D expire 10 lines
04-01 11:53:11.426  1570  8220 I chatty  : uid=1000(system) Binder:1570_1D expire 20 lines
04-01 11:53:14.302  1570  3590 I chatty  : uid=1000(system) Binder:1570_C expire 12 lines
04-01 11:53:37.296  3544  3769 W ContextImpl: Calling a method in the system process without a qualified user: android.app.ContextImpl.bindService:1552 android.content.ContextWrapper.bindService:678 com.google.android.gms.ads.identifier.AdvertisingIdClient.h:34 com.google.android.gms.ads.identifier.AdvertisingIdClient.b:14 com.google.android.gms.ads.identifier.AdvertisingIdClient.getAdvertisingIdInfo:8 
04-01 11:53:46.937  1570  1666 I chatty  : uid=1000(system) android.fg expire 4 lines
04-01 11:54:23.000  1570  1668 I chatty  : uid=1000(system) android.display expire 1 line
04-01 11:54:23.378  1570  3661 I chatty  : uid=1000(system) Binder:1570_14 expire 9 lines
04-01 11:54:23.704  1570  2360 I chatty  : uid=1000(system) Binder:1570_9 expire 9 lines
04-01 11:54:24.056  1570  3654 I chatty  : uid=1000(system) Binder:1570_12 expire 3 lines
04-01 11:54:24.154  1570  3620 I chatty  : uid=1000(system) Binder:1570_F expire 11 lines
04-01 11:54:35.537  1570  6567 I chatty  : uid=1000(system) Binder:1570_1A expire 8 lines
04-01 11:54:35.540 12424 15852 E ActivityThread: Failed to find provider info for com.facebook.mlite.sso.MessengerLoggedInUserProvider
04-01 11:54:38.078  1570  3620 I chatty  : uid=1000(system) Binder:1570_F expire 4 lines
04-01 11:54:40.834  1570  1717 I chatty  : uid=1000(system) PackageManager expire 19 lines
04-01 11:54:40.927 15912 15912 W ContextImpl: Calling a method in the system process without a qualified user: android.app.ContextImpl.startService:1472 android.content.ContextWrapper.startService:644 android.content.ContextWrapper.startService:644 com.qualcomm.qti.seemp.service.SeempBroadcastReceiver.onReceive:56 android.app.ActivityThread.handleReceiver:3260 
04-01 11:54:43.614  1570  8220 I chatty  : uid=1000(system) Binder:1570_1D expire 2 lines
04-01 11:54:43.657  1570  3068 I chatty  : uid=1000(system) Binder:1570_B expire 4 lines
04-01 11:54:43.672  1570  2338 I chatty  : uid=1000(system) Binder:1570_6 expire 2 lines
04-01 11:54:43.672  1570  3590 I chatty  : uid=1000(system) Binder:1570_C expire 2 lines
04-01 11:54:43.674  1570  3611 I chatty  : uid=1000(system) Binder:1570_D expire 4 lines
04-01 11:54:43.697  1570  1614 I chatty  : uid=1000(system) ActivityManager expire 19 lines
04-01 11:54:43.796  1570  9439 I chatty  : uid=1000(system) Binder:1570_1F expire 4 lines
04-01 11:54:43.806  1570  3654 I chatty  : uid=1000(system) Binder:1570_12 expire 2 lines
04-01 11:54:43.813  1570  3068 I chatty  : uid=1000(system) Binder:1570_B expire 7 lines
04-01 11:54:43.844  1570  3590 I chatty  : uid=1000(system) Binder:1570_C expire 30 lines
04-01 11:54:43.846  1570  2360 I chatty  : uid=1000(system) Binder:1570_9 expire 26 lines
04-01 11:54:43.853  1570  3661 I chatty  : uid=1000(system) Binder:1570_14 expire 14 lines
04-01 11:54:43.857  1570  6567 I chatty  : uid=1000(system) Binder:1570_1A expire 10 lines
04-01 11:54:43.858  1570  8220 I chatty  : uid=1000(system) Binder:1570_1D expire 7 lines
04-01 11:54:43.924  1570  1570 I chatty  : uid=1000 system_server expire 3 lines
04-01 11:54:43.954  1570  8533 I chatty  : uid=1000(system) Binder:1570_1E expire 14 lines
04-01 11:54:44.013  1570  1613 I chatty  : uid=1000(system) android.bg expire 6 lines
04-01 11:54:46.990  1570 10171 I chatty  : uid=1000(system) SmartCleanerSer expire 1 line
04-01 11:54:47.323 16133 16133 D ActivityThread: Loading provider com.google.android.gm.sapi: com.google.android.gm.sapi.SapiUiProvider
04-01 11:54:52.752   558   558 I tad     : MiscTA Unit 2491: 
04-01 11:54:52.752   558   558 I tad     : NOT WRITTEN (Identical)
04-01 11:54:52.752   558   558 I tad     : MiscTA: Write of unit 2491 completed - OK
04-01 11:54:54.613  1570  2113 I chatty  : uid=1000(system) IddHandlerThrea expire 4 lines
04-01 11:54:58.666  1570  2121 I chatty  : uid=1000(system) AlarmManager expire 2 lines
04-01 11:55:18.242  1570  1668 I chatty  : uid=1000(system) android.display expire 1 line
04-01 11:55:18.877  1570  2338 I chatty  : uid=1000(system) Binder:1570_6 expire 8 lines
04-01 11:55:19.264  1570  5879 I chatty  : uid=1000(system) Binder:1570_19 expire 2 lines
04-01 11:55:22.795  1570  1717 I chatty  : uid=1000(system) PackageManager expire 19 lines
04-01 11:55:22.887 16282 16282 W ContextImpl: Calling a method in the system process without a qualified user: android.app.ContextImpl.startService:1472 android.content.ContextWrapper.startService:644 android.content.ContextWrapper.startService:644 com.qualcomm.qti.seemp.service.SeempBroadcastReceiver.onReceive:56 android.app.ActivityThread.handleReceiver:3260 
04-01 11:55:22.933  1570  1588 I chatty  : uid=1000(system) Binder:1570_2 expire 23 lines
04-01 11:55:23.158  1570  2338 I chatty  : uid=1000(system) Binder:1570_6 expire 4 lines
04-01 11:55:24.355  1570  1614 I chatty  : uid=1000(system) ActivityManager expire 29 lines
04-01 11:55:25.519  1570  5879 I chatty  : uid=1000(system) Binder:1570_19 expire 21 lines
04-01 11:55:25.525  1570  9439 I chatty  : uid=1000(system) Binder:1570_1F expire 6 lines
04-01 11:55:25.532  1570  1570 I chatty  : uid=1000 system_server expire 2 lines
04-01 11:55:25.574  1570  3620 I chatty  : uid=1000(system) Binder:1570_F expire 4 lines
04-01 11:55:25.581  1570  6567 I chatty  : uid=1000(system) Binder:1570_1A expire 16 lines
04-01 11:55:25.587  1570  8533 I chatty  : uid=1000(system) Binder:1570_1E expire 2 lines
04-01 11:55:25.599  1570  3590 I chatty  : uid=1000(system) Binder:1570_C expire 7 lines
04-01 11:55:25.604  1570  2300 I chatty  : uid=1000(system) Binder:1570_5 expire 2 lines
04-01 11:55:25.728  1570  3661 I chatty  : uid=1000(system) Binder:1570_14 expire 4 lines
04-01 11:55:25.733  1570  8220 I chatty  : uid=1000(system) Binder:1570_1D expire 14 lines
04-01 11:55:25.768  1570  3611 I chatty  : uid=1000(system) Binder:1570_D expire 1 line
04-01 11:55:25.823  1570  2360 I chatty  : uid=1000(system) Binder:1570_9 expire 10 lines
04-01 11:55:26.315  1570  1613 I chatty  : uid=1000(system) android.bg expire 6 lines
04-01 11:55:31.136  1570  5879 I chatty  : uid=1000(system) Binder:1570_19 expire 5 lines
04-01 11:55:34.137  1570  9439 I chatty  : uid=1000(system) Binder:1570_1F expire 10 lines
04-01 11:55:34.665  1570  2113 I chatty  : uid=1000(system) IddHandlerThrea expire 14 lines
04-01 11:55:36.048  1570  2147 I chatty  : uid=1000(system) WifiScanningSer expire 3 lines
04-01 11:55:36.049  1570  1614 I chatty  : uid=1000(system) ActivityManager expire 5 lines
04-01 11:55:36.072  1570  2360 I chatty  : uid=1000(system) Binder:1570_9 expire 13 lines
04-01 11:55:36.385  1570  8220 I chatty  : uid=1000(system) Binder:1570_1D expire 7 lines
04-01 11:55:40.578  1570  2121 I chatty  : uid=1000(system) AlarmManager expire 7 lines
04-01 11:55:58.884  1570  6567 I chatty  : uid=1000(system) Binder:1570_1A expire 11 lines
04-01 11:55:59.123  1570  1570 I chatty  : uid=1000 system_server expire 6 lines
04-01 11:55:59.145  1570  1621 I chatty  : uid=1000(system) batterystats-sy expire 1 line
04-01 11:56:07.017  1570  1666 I chatty  : uid=1000(system) android.fg expire 8 lines
04-01 11:56:07.955  1570  8533 I chatty  : uid=1000(system) Binder:1570_1E expire 18 lines
04-01 11:56:34.004  1570  3654 I chatty  : uid=1000(system) Binder:1570_12 expire 19 lines
04-01 11:57:53.145   558   558 I tad     : MiscTA Unit 2491: 
04-01 11:57:53.145   558   558 I tad     : NOT WRITTEN (Identical)
04-01 11:57:53.145   558   558 I tad     : MiscTA: Write of unit 2491 completed - OK
04-01 11:57:54.864  1570  2113 I chatty  : uid=1000(system) IddHandlerThrea expire 6 lines
04-01 11:58:00.759  1570  6567 I chatty  : uid=1000(system) Binder:1570_1A expire 1 line
04-01 11:58:12.930  1570  9439 I chatty  : uid=1000(system) Binder:1570_1F expire 1 line
04-01 11:58:16.146  1570  2360 I chatty  : uid=1000(system) Binder:1570_9 expire 3 lines
04-01 11:58:33.605  1570  1668 I chatty  : uid=1000(system) android.display expire 2 lines
04-01 11:58:34.054  1570  2300 I chatty  : uid=1000(system) Binder:1570_5 expire 1 line
04-01 11:58:34.629  1570  2290 I chatty  : uid=1000(system) Binder:1570_4 expire 9 lines
04-01 11:58:34.629  1570  1587 I chatty  : uid=1000(system) Binder:1570_1 expire 1 line
04-01 11:58:34.631  1570  2150 I chatty  : uid=1000(system) ConnectivitySer expire 4 lines
04-01 11:58:34.631  1570  3620 I chatty  : uid=1000(system) Binder:1570_F expire 1 line
04-01 11:58:34.639  1570  3068 I chatty  : uid=1000(system) Binder:1570_B expire 1 line
04-01 11:58:36.181  1570  3695 I chatty  : uid=1000(system) Binder:1570_16 expire 2 lines
04-01 11:58:37.307  1570  3590 I chatty  : uid=1000(system) Binder:1570_C expire 2 lines
04-01 11:58:44.277  1570  2160 I chatty  : uid=1000(system) HwBinder:1570_2 expire 1 line
04-01 11:58:44.398  1570  1699 I chatty  : uid=1000(system) PowerManagerSer expire 4 lines
04-01 11:58:44.408  1570  1621 I chatty  : uid=1000(system) batterystats-sy expire 2 lines
04-01 11:58:44.469  1570  2290 I chatty  : uid=1000(system) Binder:1570_4 expire 17 lines
04-01 11:58:44.522  1570  1614 I chatty  : uid=1000(system) ActivityManager expire 11 lines
04-01 11:58:44.771  1570  8220 I chatty  : uid=1000(system) Binder:1570_1D expire 10 lines
04-01 11:58:44.793 16746 16746 W ContextImpl: Calling a method in the system process without a qualified user: android.app.ContextImpl.startService:1472 android.content.ContextWrapper.startService:644 android.content.ContextWrapper.startService:644 com.sonymobile.smartcharger.SmartChargeReceiver.onReceive:46 android.app.ActivityThread.handleReceiver:3260 
04-01 11:58:45.205  1570  1666 I chatty  : uid=1000(system) android.fg expire 5 lines
04-01 11:58:45.873 16746 16746 W ContextImpl: Calling a method in the system process without a qualified user: android.app.ContextImpl.startService:1472 android.content.ContextWrapper.startService:644 com.sonymobile.smartcharger.ChargerPlugFilterService$1.run:176 android.os.Handler.handleCallback:789 android.os.Handler.dispatchMessage:98 
04-01 11:58:46.017 16746 16746 W ContextImpl: Calling a method in the system process without a qualified user: android.app.ContextImpl.startService:1472 android.content.ContextWrapper.startService:644 com.sonymobile.smartcharger.SmartChargeService.deleteNotif:1400 com.sonymobile.smartcharger.SmartChargeService.offState:1163 com.sonymobile.smartcharger.SmartChargeService.onStartCommand:493 
04-01 11:58:46.025  1570  1570 I chatty  : uid=1000 system_server expire 13 lines
04-01 11:58:52.654  1570  2067 I chatty  : uid=1000(system) android.anim expire 1 line
04-01 11:58:54.934  1570  2113 I chatty  : uid=1000(system) IddHandlerThrea expire 8 lines
04-01 11:58:55.531 16952 16952 D ActivityThread: Loading provider contacts;com.android.contacts: com.android.providers.contacts.SemcContactsProvider2
04-01 11:58:56.227  1570  3695 I chatty  : uid=1000(system) Binder:1570_16 expire 5 lines
04-01 11:58:56.898  1570  2160 I chatty  : uid=1000(system) HwBinder:1570_2 expire 4 lines
04-01 11:58:56.908 16746 16746 W ContextImpl: Calling a method in the system process without a qualified user: android.app.ContextImpl.startService:1472 android.content.ContextWrapper.startService:644 android.content.ContextWrapper.startService:644 com.sonymobile.smartcharger.SmartChargeReceiver.onReceive:46 android.app.ActivityThread.handleReceiver:3260 
04-01 11:58:56.928  1570  3654 I chatty  : uid=1000(system) Binder:1570_12 expire 3 lines
04-01 11:58:57.043 16746 16746 W ContextImpl: Calling a method in the system process without a qualified user: android.app.ContextImpl.startService:1472 android.content.ContextWrapper.startService:644 com.sonymobile.smartcharger.ChargerPlugFilterService$1.run:176 android.os.Handler.handleCallback:789 android.os.Handler.dispatchMessage:98 
04-01 11:58:57.076 16746 16746 W ContextImpl: Calling a method in the system process without a qualified user: android.app.ContextImpl.startService:1472 android.content.ContextWrapper.startService:644 com.sonymobile.smartcharger.SmartChargeService.startIntelligentService:1323 com.sonymobile.smartcharger.SmartChargeService.onStartCommand:415 android.app.ActivityThread.handleServiceArgs:3547 
04-01 11:58:57.156 16790 16790 W ContextImpl: Calling a method in the system process without a qualified user: android.app.ContextImpl.startService:1472 android.content.ContextWrapper.startService:644 android.content.ContextWrapper.startService:644 com.sonyericsson.usbux.service.UsbServiceReceiver.onReceive:107 android.app.ActivityThread.handleReceiver:3260 
04-01 11:58:57.182 16774 16774 W ContextImpl: Calling a method in the system process without a qualified user: android.app.ContextImpl.startActivity:844 android.content.ContextWrapper.startActivity:366 android.content.ContextWrapper.startActivity:366 com.android.settings.deviceinfo.UsbModeChooserReceiver.onReceive:82 android.app.ActivityThread.handleReceiver:3260 
04-01 11:58:57.182 16774 16774 W ContextImpl: Calling a method in the system process without a qualified user: android.app.ContextImpl.startActivity:856 android.app.ContextImpl.startActivity:845 android.content.ContextWrapper.startActivity:366 android.content.ContextWrapper.startActivity:366 com.android.settings.deviceinfo.UsbModeChooserReceiver.onReceive:82 
04-01 11:58:57.183  1570  3590 I chatty  : uid=1000(system) Binder:1570_C expire 20 lines
04-01 11:58:57.258 16790 16790 W ContextImpl: Calling a method in the system process without a qualified user: android.app.ContextImpl.startService:1472 android.content.ContextWrapper.startService:644 android.content.ContextWrapper.startService:644 com.sonyericsson.usbux.service.UsbServiceReceiver.onReceive:107 android.app.ActivityThread.handleReceiver:3260 
04-01 11:58:57.270 16746 16746 W ContextImpl: Calling a method in the system process without a qualified user: android.app.ContextImpl.startService:1472 android.content.ContextWrapper.startService:644 com.sonymobile.smartcharger.chargingintelligentservice.PredictProvider.query:59 android.content.ContentProvider.query:1059 android.content.ContentProvider.query:1151 
04-01 11:58:57.305 16746 16746 W ContextImpl: Calling a method in the system process without a qualified user: android.app.ContextImpl.startService:1472 android.content.ContextWrapper.startService:644 com.sonymobile.smartcharger.SmartChargeService.deleteNotif:1400 com.sonymobile.smartcharger.SmartChargeService.offState:1163 com.sonymobile.smartcharger.SmartChargeService.outofTermState:911 
04-01 11:58:57.365  1570  2290 I chatty  : uid=1000(system) Binder:1570_4 expire 7 lines
04-01 11:58:58.030  1570  9439 I chatty  : uid=1000(system) Binder:1570_1F expire 9 lines
04-01 11:58:59.572  1570 10171 I chatty  : uid=1000(system) SmartCleanerSer expire 3 lines
04-01 11:59:00.000  1570  2121 I chatty  : uid=1000(system) AlarmManager expire 2 lines
04-01 11:59:00.556  1570  6667 I chatty  : uid=1000(system) Binder:1570_1B expire 2 lines
04-01 11:59:00.818  1570  2360 I chatty  : uid=1000(system) Binder:1570_9 expire 4 lines
04-01 11:59:01.875  1570  1587 I chatty  : uid=1000(system) Binder:1570_1 expire 1 line
04-01 11:59:07.252  1570  3644 I chatty  : uid=1000(system) Binder:1570_11 expire 12 lines
04-01 11:59:14.134  1570  2147 I chatty  : uid=1000(system) WifiScanningSer expire 1 line
04-01 11:59:14.246  1570  3620 I chatty  : uid=1000(system) Binder:1570_F expire 2 lines
04-01 11:59:19.124  1570  2359 I chatty  : uid=1000(system) Binder:1570_8 expire 11 lines
04-01 11:59:32.154  1570  1717 I chatty  : uid=1000(system) PackageManager expire 1 line
04-01 11:59:32.173  1570  8533 I chatty  : uid=1000(system) Binder:1570_1E expire 1 line
04-01 11:59:32.618  1570  1613 I chatty  : uid=1000(system) android.bg expire 1 line
04-01 11:59:41.171  1570  2114 I chatty  : uid=1000(system) Binder:1570_3 expire 2 lines
04-01 11:59:46.173  1570  3661 I chatty  : uid=1000(system) Binder:1570_14 expire 2 lines
04-01 12:00:00.003  1570  2121 I chatty  : uid=1000(system) AlarmManager expire 2 lines
04-01 12:00:02.369  1570  8220 I chatty  : uid=1000(system) Binder:1570_1D expire 8 lines
04-01 12:00:06.046  1570  5879 I chatty  : uid=1000(system) Binder:1570_19 expire 6 lines
04-01 12:00:06.403  1570  2114 I chatty  : uid=1000(system) Binder:1570_3 expire 10 lines
04-01 12:00:06.525  1570  3611 I chatty  : uid=1000(system) Binder:1570_D expire 10 lines
04-01 12:00:06.652  1570  1615 I chatty  : uid=1000(system) android.ui expire 1 line
04-01 12:00:06.935  1570  1587 I chatty  : uid=1000(system) Binder:1570_1 expire 16 lines
04-01 12:00:08.055  1570  2290 I chatty  : uid=1000(system) Binder:1570_4 expire 3 lines
04-01 12:00:15.026  1570  2113 I chatty  : uid=1000(system) IddHandlerThrea expire 2 lines
04-01 12:00:16.793  1570  1717 I chatty  : uid=1000(system) PackageManager expire 20 lines
04-01 12:00:16.934  1570  1614 I chatty  : uid=1000(system) ActivityManager expire 22 lines
04-01 12:00:17.118 17677 17677 W ContextImpl: Calling a method in the system process without a qualified user: android.app.ContextImpl.startService:1472 android.content.ContextWrapper.startService:644 android.content.ContextWrapper.startService:644 com.qualcomm.qti.seemp.service.SeempBroadcastReceiver.onReceive:56 android.app.ActivityThread.handleReceiver:3260 
04-01 12:00:19.647  1570  1570 I chatty  : uid=1000 system_server expire 2 lines
04-01 12:00:19.712  1570  4156 I chatty  : uid=1000(system) Binder:1570_17 expire 7 lines
04-01 12:00:19.881  1570  1588 I chatty  : uid=1000(system) Binder:1570_2 expire 2 lines
04-01 12:00:19.883  1570  3656 I chatty  : uid=1000(system) Binder:1570_13 expire 1 line
04-01 12:00:19.909  1570  3620 I chatty  : uid=1000(system) Binder:1570_F expire 42 lines
04-01 12:00:19.957  1570  3654 I chatty  : uid=1000(system) Binder:1570_12 expire 10 lines
04-01 12:00:20.015  1570  3620 I chatty  : uid=1000(system) Binder:1570_F expire 9 lines
04-01 12:00:20.260  1570  3611 I chatty  : uid=1000(system) Binder:1570_D expire 3 lines
04-01 12:00:20.267  1570  1614 I chatty  : uid=1000(system) ActivityManager expire 15 lines
04-01 12:00:20.270  1570  1587 I chatty  : uid=1000(system) Binder:1570_1 expire 1 line
04-01 12:00:20.413  1570  1570 I chatty  : uid=1000 system_server expire 8 lines
04-01 12:00:20.488  1570  1613 I chatty  : uid=1000(system) android.bg expire 4 lines
04-01 12:00:20.502  1570  4156 I chatty  : uid=1000(system) Binder:1570_17 expire 9 lines
04-01 12:00:20.666  1570  5879 I chatty  : uid=1000(system) Binder:1570_19 expire 6 lines
04-01 12:00:25.710  1570  1588 I chatty  : uid=1000(system) Binder:1570_2 expire 5 lines
04-01 12:00:35.052  1570  2113 I chatty  : uid=1000(system) IddHandlerThrea expire 16 lines
04-01 12:00:52.002  1570  6567 I chatty  : uid=1000(system) Binder:1570_1A expire 2 lines
04-01 12:00:53.458   558   558 I tad     : MiscTA Unit 2491: 
04-01 12:00:53.458   558   558 I tad     : NOT WRITTEN (Identical)
04-01 12:00:53.458   558   558 I tad     : MiscTA: Write of unit 2491 completed - OK
04-01 12:00:56.163  1570  2147 I chatty  : uid=1000(system) WifiScanningSer expire 3 lines
04-01 12:00:56.935  1570  1621 I chatty  : uid=1000(system) batterystats-sy expire 1 line
04-01 12:00:57.371  1570  2114 I chatty  : uid=1000(system) Binder:1570_3 expire 11 lines
04-01 12:01:00.001  1570  2121 I chatty  : uid=1000(system) AlarmManager expire 7 lines
04-01 12:01:08.963  1570  8220 I chatty  : uid=1000(system) Binder:1570_1D expire 10 lines
04-01 12:01:32.757  1570  1699 I chatty  : uid=1000(system) PowerManagerSer expire 3 lines
04-01 12:01:47.747  1570  2150 I chatty  : uid=1000(system) ConnectivitySer expire 1 line
04-01 12:01:53.034  1570  2338 I chatty  : uid=1000(system) Binder:1570_6 expire 9 lines
04-01 12:01:55.071  1570  2145 I chatty  : uid=1000(system) WifiStateMachin expire 2 lines
04-01 12:03:02.481  1570  1717 I chatty  : uid=1000(system) PackageManager expire 19 lines
04-01 12:03:02.577 18015 18015 W ContextImpl: Calling a method in the system process without a qualified user: android.app.ContextImpl.startService:1472 android.content.ContextWrapper.startService:644 android.content.ContextWrapper.startService:644 com.qualcomm.qti.seemp.service.SeempBroadcastReceiver.onReceive:56 android.app.ActivityThread.handleReceiver:3260 
04-01 12:03:02.596  1570  2114 I chatty  : uid=1000(system) Binder:1570_3 expire 1 line
04-01 12:03:04.075  1570  1614 I chatty  : uid=1000(system) ActivityManager expire 3 lines
04-01 12:03:04.116  1570  3656 I chatty  : uid=1000(system) Binder:1570_13 expire 2 lines
04-01 12:03:04.117  1570  3654 I chatty  : uid=1000(system) Binder:1570_12 expire 4 lines
04-01 12:03:04.277  1570  1668 I chatty  : uid=1000(system) android.display expire 1 line
04-01 12:03:04.650  1570  1615 I chatty  : uid=1000(system) android.ui expire 1 line
04-01 12:03:05.060  1570  6667 I chatty  : uid=1000(system) Binder:1570_1B expire 25 lines
04-01 12:03:05.117  1570  3590 I chatty  : uid=1000(system) Binder:1570_C expire 10 lines
04-01 12:03:05.118  1570  2114 I chatty  : uid=1000(system) Binder:1570_3 expire 21 lines
04-01 12:03:05.123  1570  5879 I chatty  : uid=1000(system) Binder:1570_19 expire 10 lines
04-01 12:03:05.126  1570  3656 I chatty  : uid=1000(system) Binder:1570_13 expire 1 line
04-01 12:03:05.126  1570  3661 I chatty  : uid=1000(system) Binder:1570_14 expire 20 lines
04-01 12:03:05.127  1570  1614 I chatty  : uid=1000(system) ActivityManager expire 28 lines
04-01 12:03:05.225  1570  3068 I chatty  : uid=1000(system) Binder:1570_B expire 2 lines
04-01 12:03:05.238  1570  2338 I chatty  : uid=1000(system) Binder:1570_6 expire 3 lines
04-01 12:03:05.247  1570  3654 I chatty  : uid=1000(system) Binder:1570_12 expire 1 line
04-01 12:03:05.296  1570  1570 I chatty  : uid=1000 system_server expire 1 line
04-01 12:03:05.326  1570  1613 I chatty  : uid=1000(system) android.bg expire 3 lines
04-01 12:03:05.330  1570  8220 I chatty  : uid=1000(system) Binder:1570_1D expire 1 line
04-01 12:03:05.338  1570  2300 I chatty  : uid=1000(system) Binder:1570_5 expire 11 lines
04-01 12:03:05.349  1570  2290 I chatty  : uid=1000(system) Binder:1570_4 expire 1 line
04-01 12:03:05.390  1570  6567 I chatty  : uid=1000(system) Binder:1570_1A expire 12 lines
04-01 12:03:12.755  1570  1699 I chatty  : uid=1000(system) PowerManagerSer expire 3 lines
04-01 12:03:14.787  1570  1668 I chatty  : uid=1000(system) android.display expire 1 line
04-01 12:03:14.846  1570  1587 I chatty  : uid=1000(system) Binder:1570_1 expire 1 line
04-01 12:03:15.130  1570  1588 I chatty  : uid=1000(system) Binder:1570_2 expire 1 line
04-01 12:03:15.252  1570  2113 I chatty  : uid=1000(system) IddHandlerThrea expire 2 lines
04-01 12:03:30.666  1570  1717 I chatty  : uid=1000(system) PackageManager expire 19 lines
04-01 12:03:30.721 18180 18180 W ContextImpl: Calling a method in the system process without a qualified user: android.app.ContextImpl.startService:1472 android.content.ContextWrapper.startService:644 android.content.ContextWrapper.startService:644 com.qualcomm.qti.seemp.service.SeempBroadcastReceiver.onReceive:56 android.app.ActivityThread.handleReceiver:3260 
04-01 12:03:30.746  1570  3661 I chatty  : uid=1000(system) Binder:1570_14 expire 3 lines
04-01 12:03:32.066  1570  1614 I chatty  : uid=1000(system) ActivityManager expire 29 lines
04-01 12:03:32.938  1570  2114 I chatty  : uid=1000(system) Binder:1570_3 expire 7 lines
04-01 12:03:32.982  1570  8220 I chatty  : uid=1000(system) Binder:1570_1D expire 14 lines
04-01 12:03:32.988  1570  2338 I chatty  : uid=1000(system) Binder:1570_6 expire 3 lines
04-01 12:03:33.011  1570  2360 I chatty  : uid=1000(system) Binder:1570_9 expire 10 lines
04-01 12:03:33.156  1570  3590 I chatty  : uid=1000(system) Binder:1570_C expire 11 lines
04-01 12:03:33.179  1570  6667 I chatty  : uid=1000(system) Binder:1570_1B expire 3 lines
04-01 12:03:33.180  1570  1587 I chatty  : uid=1000(system) Binder:1570_1 expire 50 lines
04-01 12:03:33.187  1570  1613 I chatty  : uid=1000(system) android.bg expire 3 lines
04-01 12:03:33.194  1570  1570 I chatty  : uid=1000 system_server expire 1 line
04-01 12:03:33.220  1570  3656 I chatty  : uid=1000(system) Binder:1570_13 expire 1 line
04-01 12:03:33.254  1570  5879 I chatty  : uid=1000(system) Binder:1570_19 expire 2 lines
04-01 12:03:35.270  1570  2113 I chatty  : uid=1000(system) IddHandlerThrea expire 3 lines
04-01 12:03:36.134  1570 10171 I chatty  : uid=1000(system) SmartCleanerSer expire 1 line
04-01 12:03:36.151  1570  2147 I chatty  : uid=1000(system) WifiScanningSer expire 1 line
04-01 12:03:51.937  1570  1666 I chatty  : uid=1000(system) android.fg expire 4 lines
04-01 12:03:53.795   558   558 I tad     : MiscTA Unit 2491: 
04-01 12:03:53.795   558   558 I tad     : NOT WRITTEN (Identical)
04-01 12:03:53.795   558   558 I tad     : MiscTA: Write of unit 2491 completed - OK
04-01 12:03:55.301  1570  2113 I chatty  : uid=1000(system) IddHandlerThrea expire 7 lines
04-01 12:03:55.951  1570  3590 I chatty  : uid=1000(system) Binder:1570_C expire 3 lines
04-01 12:03:56.904  1570  1570 I chatty  : uid=1000 system_server expire 6 lines
04-01 12:03:56.922  1570  1621 I chatty  : uid=1000(system) batterystats-sy expire 1 line
04-01 12:04:00.004  1570  2121 I chatty  : uid=1000(system) AlarmManager expire 5 lines
04-01 12:04:01.016  1570  8220 I chatty  : uid=1000(system) Binder:1570_1D expire 7 lines
04-01 12:04:02.960  1570  1613 I chatty  : uid=1000(system) android.bg expire 3 lines
04-01 12:04:03.207  1570  1614 I chatty  : uid=1000(system) ActivityManager expire 32 lines
04-01 12:04:05.568  1570  2360 I chatty  : uid=1000(system) Binder:1570_9 expire 20 lines
04-01 12:04:16.633  1570  1587 I chatty  : uid=1000(system) Binder:1570_1 expire 18 lines
04-01 12:05:01.484  1570  5879 I chatty  : uid=1000(system) Binder:1570_19 expire 7 lines
04-01 12:05:03.578  1570  1668 I chatty  : uid=1000(system) android.display expire 2 lines
04-01 12:05:04.318  1570  1717 I chatty  : uid=1000(system) PackageManager expire 19 lines
04-01 12:05:04.387 18562 18562 W ContextImpl: Calling a method in the system process without a qualified user: android.app.ContextImpl.startService:1472 android.content.ContextWrapper.startService:644 android.content.ContextWrapper.startService:644 com.qualcomm.qti.seemp.service.SeempBroadcastReceiver.onReceive:56 android.app.ActivityThread.handleReceiver:3260 
04-01 12:05:04.709  1570  3656 I chatty  : uid=1000(system) Binder:1570_13 expire 10 lines
04-01 12:05:06.088  1570  1615 I chatty  : uid=1000(system) android.ui expire 1 line
04-01 12:05:06.861  1570  6667 I chatty  : uid=1000(system) Binder:1570_1B expire 2 lines
04-01 12:05:06.865  1570  1588 I chatty  : uid=1000(system) Binder:1570_2 expire 2 lines
04-01 12:05:06.896  1570  3661 I chatty  : uid=1000(system) Binder:1570_14 expire 3 lines
04-01 12:05:06.898  1570  2290 I chatty  : uid=1000(system) Binder:1570_4 expire 10 lines
04-01 12:05:07.071  1570  3620 I chatty  : uid=1000(system) Binder:1570_F expire 3 lines
04-01 12:05:07.073  1570  3611 I chatty  : uid=1000(system) Binder:1570_D expire 10 lines
04-01 12:05:07.216  1570  2290 I chatty  : uid=1000(system) Binder:1570_4 expire 13 lines
04-01 12:05:07.217  1570  1587 I chatty  : uid=1000(system) Binder:1570_1 expire 26 lines
04-01 12:05:07.238  1570  2360 I chatty  : uid=1000(system) Binder:1570_9 expire 4 lines
04-01 12:05:07.251  1570  3620 I chatty  : uid=1000(system) Binder:1570_F expire 12 lines
04-01 12:05:07.271  1570  5879 I chatty  : uid=1000(system) Binder:1570_19 expire 10 lines
04-01 12:05:07.335  1570  3656 I chatty  : uid=1000(system) Binder:1570_13 expire 2 lines
04-01 12:05:07.551  1570  1699 I chatty  : uid=1000(system) PowerManagerSer expire 2 lines
04-01 12:05:09.771  1570  2147 I chatty  : uid=1000(system) WifiScanningSer expire 1 line
04-01 12:05:09.773  1570  1614 I chatty  : uid=1000(system) ActivityManager expire 13 lines
04-01 12:05:15.383  1570  2113 I chatty  : uid=1000(system) IddHandlerThrea expire 8 lines
04-01 12:05:19.364  1570  1613 I chatty  : uid=1000(system) android.bg expire 3 lines
04-01 12:05:27.618  1570  2150 I chatty  : uid=1000(system) ConnectivitySer expire 1 line
04-01 12:05:27.627  1570  1668 I chatty  : uid=1000(system) android.display expire 2 lines
04-01 12:05:32.601  1570  2121 I chatty  : uid=1000(system) AlarmManager expire 7 lines
04-01 12:05:32.827  1570  6567 I chatty  : uid=1000(system) Binder:1570_1A expire 7 lines
04-01 12:05:52.054  1570  1666 I chatty  : uid=1000(system) android.fg expire 2 lines
04-01 12:05:53.814  1570  3695 I chatty  : uid=1000(system) Binder:1570_16 expire 4 lines
04-01 12:05:56.906  1570  1570 I chatty  : uid=1000 system_server expire 3 lines
04-01 12:05:57.123  1570  1615 I chatty  : uid=1000(system) android.ui expire 1 line
04-01 12:06:02.089  1570  6667 I chatty  : uid=1000(system) Binder:1570_1B expire 3 lines
04-01 12:06:02.417  1570  3068 I chatty  : uid=1000(system) Binder:1570_B expire 6 lines
04-01 12:06:13.636  1570  1717 I chatty  : uid=1000(system) PackageManager expire 19 lines
04-01 12:06:13.690 18834 18834 W ContextImpl: Calling a method in the system process without a qualified user: android.app.ContextImpl.startService:1472 android.content.ContextWrapper.startService:644 android.content.ContextWrapper.startService:644 com.qualcomm.qti.seemp.service.SeempBroadcastReceiver.onReceive:56 android.app.ActivityThread.handleReceiver:3260 
04-01 12:06:14.556  1570  3611 I chatty  : uid=1000(system) Binder:1570_D expire 1 line
04-01 12:06:15.892  1570  3644 I chatty  : uid=1000(system) Binder:1570_11 expire 2 lines
04-01 12:06:15.910  1570  4156 I chatty  : uid=1000(system) Binder:1570_17 expire 4 lines
04-01 12:06:15.929  1570  3695 I chatty  : uid=1000(system) Binder:1570_16 expire 40 lines
04-01 12:06:15.936  1570  3611 I chatty  : uid=1000(system) Binder:1570_D expire 9 lines
04-01 12:06:15.937  1570  3068 I chatty  : uid=1000(system) Binder:1570_B expire 3 lines
04-01 12:06:15.939  1570  1614 I chatty  : uid=1000(system) ActivityManager expire 22 lines
04-01 12:06:16.021  1570  6667 I chatty  : uid=1000(system) Binder:1570_1B expire 16 lines
04-01 12:06:16.087  1570  3654 I chatty  : uid=1000(system) Binder:1570_12 expire 36 lines
04-01 12:06:16.094  1570  1570 I chatty  : uid=1000 system_server expire 1 line
04-01 12:06:16.126  1570  3656 I chatty  : uid=1000(system) Binder:1570_13 expire 10 lines
04-01 12:06:16.130  1570  1613 I chatty  : uid=1000(system) android.bg expire 3 lines
04-01 12:06:16.224  1570  2147 I chatty  : uid=1000(system) WifiScanningSer expire 1 line
04-01 12:06:19.109  1570 10171 I chatty  : uid=1000(system) SmartCleanerSer expire 1 line
04-01 12:06:19.115  1570  3590 I chatty  : uid=1000(system) Binder:1570_C expire 5 lines
04-01 12:06:19.712  1570  1587 I chatty  : uid=1000(system) Binder:1570_1 expire 6 lines
04-01 12:06:21.204  1570  2360 I chatty  : uid=1000(system) Binder:1570_9 expire 2 lines
04-01 12:06:28.900 19217 19217 D ActivityThread: Loading provider contacts;com.android.contacts: com.android.providers.contacts.SemcContactsProvider2
04-01 12:06:28.964  1570  2300 I chatty  : uid=1000(system) Binder:1570_5 expire 1 line
04-01 12:06:29.124  1570  3695 I chatty  : uid=1000(system) Binder:1570_16 expire 3 lines
04-01 12:06:33.179  1570  1614 I chatty  : uid=1000(system) ActivityManager expire 34 lines
04-01 12:06:34.131  1570  3611 I chatty  : uid=1000(system) Binder:1570_D expire 13 lines
04-01 12:06:35.514  1570  2113 I chatty  : uid=1000(system) IddHandlerThrea expire 10 lines
04-01 12:06:37.830  1570  3590 I chatty  : uid=1000(system) Binder:1570_C expire 6 lines
04-01 12:06:38.258  1570  1717 I chatty  : uid=1000(system) PackageManager expire 21 lines
04-01 12:06:38.289  1570  3656 I chatty  : uid=1000(system) Binder:1570_13 expire 10 lines
04-01 12:06:38.293  1570  1587 I chatty  : uid=1000(system) Binder:1570_1 expire 4 lines
04-01 12:06:38.305  1570  2300 I chatty  : uid=1000(system) Binder:1570_5 expire 4 lines
04-01 12:06:38.323  1570  1570 I chatty  : uid=1000 system_server expire 6 lines
04-01 12:06:38.324  1570  1613 I chatty  : uid=1000(system) android.bg expire 5 lines
04-01 12:06:40.628  1570  2360 I chatty  : uid=1000(system) Binder:1570_9 expire 9 lines
04-01 12:06:54.199   558   558 I tad     : MiscTA Unit 2491: 
04-01 12:06:54.199   558   558 I tad     : NOT WRITTEN (Identical)
04-01 12:06:54.199   558   558 I tad     : MiscTA: Write of unit 2491 completed - OK
04-01 12:06:56.276  1570  3611 I chatty  : uid=1000(system) Binder:1570_D expire 5 lines
04-01 12:06:59.104  1570  3695 I chatty  : uid=1000(system) Binder:1570_16 expire 15 lines
04-01 12:07:00.003  1570  2121 I chatty  : uid=1000(system) AlarmManager expire 3 lines
04-01 12:07:10.490  1570  1621 I chatty  : uid=1000(system) batterystats-sy expire 1 line
