04-01 15:53:08.471 16039 16206 E fb4a.BootIdReader: 	at X.3ce.run(:10)
04-01 15:53:08.471 16039 16206 E fb4a.BootIdReader: 	at X.1da.call(:43)
04-01 15:53:08.471 16039 16206 E fb4a.BootIdReader: 	at java.util.concurrent.FutureTask.run(FutureTask.java:266)
04-01 15:53:08.471 16039 16206 E fb4a.BootIdReader: 	at java.util.concurrent.Executors$RunnableAdapter.call(Executors.java:457)
04-01 15:53:08.471 16039 16206 E fb4a.BootIdReader: 	at X.1ep.run(:2)
04-01 15:53:08.471 16039 16206 E fb4a.BootIdReader: 	at java.util.concurrent.Executors$RunnableAdapter.call(Executors.java:457)
04-01 15:53:08.471 16039 16206 E fb4a.BootIdReader: 	at java.util.concurrent.FutureTask.run(FutureTask.java:266)
04-01 15:53:08.471 16039 16206 E fb4a.BootIdReader: 	at X.2Pe.run(:23)
04-01 15:53:08.471 16039 16206 E fb4a.BootIdReader: 	at java.util.concurrent.ThreadPoolExecutor.runWorker(ThreadPoolExecutor.java:1162)
04-01 15:53:08.471 16039 16206 E fb4a.BootIdReader: 	at java.util.concurrent.ThreadPoolExecutor$Worker.run(ThreadPoolExecutor.java:636)
04-01 15:53:08.471 16039 16206 E fb4a.BootIdReader: 	at X.2Gr.run(:3)
04-01 15:53:08.471 16039 16206 E fb4a.BootIdReader: 	at X.0aw.run(:12)
04-01 15:53:08.471 16039 16206 E fb4a.BootIdReader: 	at java.lang.Thread.run(Thread.java:764)
04-01 15:53:08.496 16039 16048 W JavaBinder: BinderProxy is being destroyed but the application did not call unlinkToDeath to unlink all of its death recipients beforehand.  Releasing leaked death recipient: X.3Kv
04-01 15:53:08.610  3881  3881 W Nearby  : Bind call too late - someone already tried to get: interface boch [CONTEXT service_id=49 ]
04-01 15:53:08.762  1570  1614 W BroadcastQueue: Permission Denial: broadcasting Intent { act=android.net.conn.CONNECTIVITY_CHANGE flg=0x4000010 (has extras) } from null (pid=-1, uid=-1) requires com.facebook.permission.prod.FB_APP_COMMUNICATION due to registered receiver BroadcastFilter{19f2efa u0 ReceiverList{f0ead25 16039 com.facebook.katana/10144/u0 remote:befed1c}}
04-01 15:53:08.762  1570  1614 W BroadcastQueue: Permission Denial: broadcasting Intent { act=android.net.conn.INET_CONDITION_ACTION flg=0x4000010 (has extras) } from null (pid=-1, uid=-1) requires com.facebook.permission.prod.FB_APP_COMMUNICATION due to registered receiver BroadcastFilter{19f2efa u0 ReceiverList{f0ead25 16039 com.facebook.katana/10144/u0 remote:befed1c}}
04-01 15:53:08.791 16039 16207 W fb4a.ServiceInfoParser: X.3ou: Service com.facebook.attribution.AttributionIdService is missing meta key com.facebook.common.jobscheduler.compat.jobIds
04-01 15:53:08.791 16039 16207 W fb4a.ServiceInfoParser: X.3ou: Service com.facebook.common.errorreporting.memory.MemoryDumpUploadService is missing meta key com.facebook.common.jobscheduler.compat.jobIds
04-01 15:53:08.791 16039 16207 W fb4a.ServiceInfoParser: X.3ou: Service com.facebook.globallibrarycollector.GlobalLibraryCollectorService is missing meta key com.facebook.common.jobscheduler.compat.jobIds
04-01 15:53:08.791 16039 16207 W fb4a.ServiceInfoParser: X.3ou: Service com.facebook.browser.lite.BrowserLiteIntentService is missing meta key com.facebook.common.jobscheduler.compat.jobIds
04-01 15:53:08.791 16039 16207 W fb4a.ServiceInfoParser: X.3ou: Service com.facebook.browser.lite.BrowserLiteFallbackIntentService is missing meta key com.facebook.common.jobscheduler.compat.jobIds
04-01 15:53:08.791 16039 16207 W fb4a.ServiceInfoParser: X.3ou: Service com.facebook.businessintegrity.cloakingdetection.service.CloakingDetectionService is missing meta key com.facebook.common.jobscheduler.compat.jobIds
04-01 15:53:08.791 16039 16207 W fb4a.ServiceInfoParser: X.3ou: Service com.facebook.contacts.service.ContactLocaleChangeService is missing meta key com.facebook.common.jobscheduler.compat.jobIds
04-01 15:53:08.791 16039 16207 W fb4a.ServiceInfoParser: X.3ou: Service com.facebook.account.login.notification.LoginNotificationService is missing meta key com.facebook.common.jobscheduler.compat.jobIds
04-01 15:53:08.791 16039 16207 W fb4a.ServiceInfoParser: X.3ou: Service com.facebook.analytics.appstatelogger.AppStateIntentService is missing meta key com.facebook.common.jobscheduler.compat.jobIds
04-01 15:53:08.791 16039 16207 W fb4a.ServiceInfoParser: X.3ou: Service com.facebook.analytics2.logger.LollipopUploadService is missing meta key com.facebook.common.jobscheduler.compat.jobIds
04-01 15:53:08.792 16039 16207 W fb4a.ServiceInfoParser: X.3ou: Service com.facebook.appcomponentmanager.AppComponentManagerService is missing meta key com.facebook.common.jobscheduler.compat.jobIds
04-01 15:53:08.792 16039 16207 W fb4a.ServiceInfoParser: X.3ou: Service com.facebook.appupdate.DownloadCompleteService is missing meta key com.facebook.common.jobscheduler.compat.jobIds
04-01 15:53:08.792 16039 16207 W fb4a.ServiceInfoParser: X.3ou: Service com.facebook.backgroundlocation.process.BackgroundLocationGatheringService is missing meta key com.facebook.common.jobscheduler.compat.jobIds
04-01 15:53:08.792 16039 16207 W fb4a.ServiceInfoParser: X.3ou: Service com.facebook.backgroundlocation.reporting.periodic.PeriodicSignalCollectorJobService is missing meta key com.facebook.common.jobscheduler.compat.jobIds
04-01 15:53:08.792 16039 16207 W fb4a.ServiceInfoParser: X.3ou: Service com.facebook.battery.monitor.ContinuousBatteryMonitorService is missing meta key com.facebook.common.jobscheduler.compat.jobIds
04-01 15:53:08.793 16039 16207 W fb4a.ServiceInfoParser: X.3ou: Service com.facebook.common.dextricks.DexOptimization$Service is missing meta key com.facebook.common.jobscheduler.compat.jobIds
04-01 15:53:08.793 16039 16207 W fb4a.ServiceInfoParser: X.3ou: Service com.facebook.compost.service.CompostNotificationService is missing meta key com.facebook.common.jobscheduler.compat.jobIds
04-01 15:53:08.793 16039 16207 W fb4a.ServiceInfoParser: X.3ou: Service com.facebook.conditionalworker.ConditionalWorkerService is missing meta key com.facebook.common.jobscheduler.compat.jobIds
04-01 15:53:08.794 16039 16207 W fb4a.ServiceInfoParser: X.3ou: Service com.facebook.confirmation.service.BackgroundVoiceCallConfirmationService is missing meta key com.facebook.common.jobscheduler.compat.jobIds
04-01 15:53:08.794 16039 16207 W fb4a.ServiceInfoParser: X.3ou: Service com.facebook.delayedworker.DelayedWorkerService is missing meta key com.facebook.common.jobscheduler.compat.jobIds
04-01 15:53:08.794 16039 16207 W fb4a.ServiceInfoParser: X.3ou: Service com.facebook.displaytimeinvalidation.service.DisplayTimeBlockIntentService is missing meta key com.facebook.common.jobscheduler.compat.jobIds
04-01 15:53:08.794 16039 16207 W fb4a.ServiceInfoParser: X.3ou: Service com.facebook.fbservice.service.BlueServiceJobIntentService is missing meta key com.facebook.common.jobscheduler.compat.jobIds
04-01 15:53:08.794 16039 16207 W fb4a.ServiceInfoParser: X.3ou: Service com.facebook.feed.platformads.AppInstallService is missing meta key com.facebook.common.jobscheduler.compat.jobIds
04-01 15:53:08.794 16039 16207 W fb4a.ServiceInfoParser: X.3ou: Service com.facebook.googleplay.GooglePlayInstallRefererService is missing meta key com.facebook.common.jobscheduler.compat.jobIds
04-01 15:53:08.795 16039 16207 W fb4a.ServiceInfoParser: X.3ou: Service com.facebook.messaging.prefs.notifications.NotificationPrefsSyncService is missing meta key com.facebook.common.jobscheduler.compat.jobIds
04-01 15:53:08.796 16039 16207 W fb4a.ServiceInfoParser: X.3ou: Service com.facebook.orca.notify.MessagesNotificationService is missing meta key com.facebook.common.jobscheduler.compat.jobIds
04-01 15:53:08.796 16039 16207 W fb4a.ServiceInfoParser: X.3ou: Service com.facebook.oxygen.preloads.sdk.firstparty.managedappcache.IsManagedAppCacheJobService is missing meta key com.facebook.common.jobscheduler.compat.jobIds
04-01 15:53:08.796 16039 16207 W fb4a.ServiceInfoParser: X.3ou: Service com.facebook.push.registration.RegistrarHelperService is missing meta key com.facebook.common.jobscheduler.compat.jobIds
04-01 15:53:08.798 16039 16207 W fb4a.ServiceInfoParser: X.3ou: Service com.facebook.push.crossapp.PackageRemovedReporterService is missing meta key com.facebook.common.jobscheduler.compat.jobIds
04-01 15:53:08.798 16039 16207 W fb4a.ServiceInfoParser: X.3ou: Service com.facebook.push.fbpushdata.common.FbPushDataHandlerService is missing meta key com.facebook.common.jobscheduler.compat.jobIds
04-01 15:53:08.798 16039 16207 W fb4a.ServiceInfoParser: X.3ou: Service com.facebook.push.mqtt.service.MqttPushHelperService is missing meta key com.facebook.common.jobscheduler.compat.jobIds
04-01 15:53:08.798 16039 16207 W fb4a.ServiceInfoParser: X.3ou: Service com.facebook.push.negativefeedback.PushNegativeFeedbackFbJobIntentService is missing meta key com.facebook.common.jobscheduler.compat.jobIds
04-01 15:53:08.798 16039 16207 W fb4a.ServiceInfoParser: X.3ou: Service com.facebook.registration.service.NetworkSchedulerService is missing meta key com.facebook.common.jobscheduler.compat.jobIds
04-01 15:53:08.798 16039 16207 W fb4a.ServiceInfoParser: X.3ou: Service com.facebook.registration.notification.RegistrationNotificationService is missing meta key com.facebook.common.jobscheduler.compat.jobIds
04-01 15:53:08.799 16039 16207 W fb4a.ServiceInfoParser: X.3ou: Service com.facebook.registration.service.NewAccountStateLoggingService is missing meta key com.facebook.common.jobscheduler.compat.jobIds
04-01 15:53:08.799 16039 16207 W fb4a.ServiceInfoParser: X.3ou: Service com.facebook.reportaproblem.base.bugreport.BugReportUploadService is missing meta key com.facebook.common.jobscheduler.compat.jobIds
04-01 15:53:08.799 16039 16207 W fb4a.ServiceInfoParser: X.3ou: Service com.facebook.selfupdate.SelfUpdateFetchService is missing meta key com.facebook.common.jobscheduler.compat.jobIds
04-01 15:53:08.799 16039 16207 W fb4a.ServiceInfoParser: X.3ou: Service com.facebook.selfupdate2.SelfUpdateLaterWaiterService is missing meta key com.facebook.common.jobscheduler.compat.jobIds
04-01 15:53:08.806  1570  1579 I chatty  : uid=1000(system) HeapTaskDaemon expire 1 line
04-01 15:53:08.817  1570  1613 V ActivityManager: Broadcast: Intent { act=android.os.action.POWER_SAVE_TEMP_WHITELIST_CHANGED flg=0x40000010 } ordered=false userid=0 callerApp=ProcessRecord{1876cb0 1570:system/1000}
04-01 15:53:08.823  1570  1614 W BroadcastQueue: Permission Denial: broadcasting Intent { act=android.net.conn.CONNECTIVITY_CHANGE flg=0x4000010 (has extras) } from null (pid=-1, uid=-1) requires com.facebook.permission.prod.FB_APP_COMMUNICATION due to registered receiver BroadcastFilter{bc2c3b4 u0 ReceiverList{f091887 16039 com.facebook.katana/10144/u0 remote:2140c6}}
04-01 15:53:09.055  1570  3620 I ActivityManager: Start proc 16272:com.facebook.orca/u0a173 for content provider com.facebook.orca/com.facebook.messenger.app.MessengerLoggedInUserProvider
04-01 15:53:09.058  1570  1570 V ActivityManager: Broadcast sticky: Intent { act=android.intent.action.BATTERY_CHANGED flg=0x60000010 (has extras) } ordered=false userid=-1 callerApp=null
04-01 15:53:09.060  2198  2198 D KeyguardUpdateMonitor: received broadcast android.intent.action.BATTERY_CHANGED
04-01 15:53:09.066  2198  2198 D KeyguardUpdateMonitor: handleBatteryUpdate
04-01 15:53:09.101   829   829 I chatty  : uid=1000(system) memtrack@1.0-se expire 12 lines
04-01 15:53:09.118  1570  3611 V ActivityManager: Broadcast: Intent { act=messenger_diode_badge_sync_action flg=0x10 (has extras) } ordered=false userid=0 callerApp=ProcessRecord{d6763cc 16039:com.facebook.katana/u0a144}
04-01 15:53:09.266 16039 16214 I zygote  : Deoptimizing X.0Tj X.0Tj.B(java.lang.Object, X.0RP) due to JIT inline cache
04-01 15:53:09.301 16272 16272 W m.facebook.orca: type=1400 audit(0.0:65436): avc: denied { read } for name="vmstat" dev="proc" ino=4026532136 scontext=u:r:untrusted_app:s0:c512,c768 tcontext=u:object_r:proc:s0 tclass=file permissive=0 ppid=702 pcomm="main" pgid=702 pgcomm="main"
04-01 15:53:09.354 16272 16288 W CrashLoopRemedyLog: unable to delete remedy log, instaCrash: false
04-01 15:53:09.354 16272 16288 W CrashLoopRemedyLog: unable to delete remedy log, instaCrash: true
04-01 15:53:09.362  1570  3656 W ActivityManager: Unable to start service Intent { act=Orca.START cmp=com.facebook.katana/com.facebook.rti.push.service.FbnsService (has extras) } U=0: not found
04-01 15:53:09.371 16272 16272 W EnsureDelegate: type=1400 audit(0.0:65439): avc: denied { read } for name="zoneinfo" dev="proc" ino=4026532137 scontext=u:r:untrusted_app:s0:c512,c768 tcontext=u:object_r:proc_zoneinfo:s0 tclass=file permissive=0 ppid=702 pcomm="main" pgid=16272 pgcomm="m.facebook.orca"
04-01 15:53:09.392  1570  3611 I ActivityManager: Killing 12793:com.google.android.gms.learning/u0a41 (adj 906): empty #17
04-01 15:53:09.393  1570  3611 I ActivityManager: Killing 13061:pl.tajchert.canary/u0a271 (adj 906): empty #18
04-01 15:53:09.458 16039 16217 W fb4a.5Mg: Start regular sync initialization
04-01 15:53:09.497 16272 16288 E ACRA    : Initializing ANR detector for process: com.facebook.orca
04-01 15:53:09.551 16039 16213 I zygote  : Deoptimizing void X.1ak.<init>(int, X.0RP) due to JIT inline cache
04-01 15:53:09.592  1570  1699 D AutomaticBrightnessController: DOWN updateAutoBrightness: value_down=0.007843138, value_mid=0.09019607, mScreenAutoBrightnessAdjustment=-0.51171875, value=0.04805453
04-01 15:53:09.599 16272 16288 I zygote  : Thread[11,tid=16288,Native,Thread*=0xe2fe9c00,peer=0x12c572f0,"EnsureDelegate"] recursive attempt to load library "/data/user/0/com.facebook.orca/lib-xzs/libfb.so"
04-01 15:53:09.800  1570  3656 V ActivityManager: Broadcast: Intent { act=com.facebook.messaging.ipc.peersPROD flg=0x10 (has extras) } ordered=false userid=0 callerApp=ProcessRecord{d6763cc 16039:com.facebook.katana/u0a144}
04-01 15:53:09.803 16272 16288 V appstatelogger: Registered App State Logger stream with Breakpad
04-01 15:53:09.832 16272 16288 W dalvik-internals: ignoring failure to find _ZN3art12FaultManager35EnsureArtActionInFrontOfSignalChainEv: could not hook _ZN3art12FaultManager35EnsureArtActionInFrontOfSignalChainEv
04-01 15:53:09.833 16272 16288 V dalvik-internals: hooked signal using trap ()
04-01 15:53:09.833 16272 16288 V dalvik-internals: hooked sysv_signal using trap ()
04-01 15:53:09.833 16272 16288 V dalvik-internals: hooked bsd_signal using trap ()
04-01 15:53:09.836 16272 16288 V dalvik-internals: hooked sigaction using trap ()
04-01 15:53:09.836 16272 16288 I dalvik-internals: installed sigmux crash handler for crash log
04-01 15:53:09.844 16272 16288 W DexLibLoader: failure to locate primary/auxiliary dexes: perf loss
04-01 15:53:09.849 16272 16305 D SigquitBasedANRDetector: Signal catcher tid: 16278
04-01 15:53:09.849 16272 16305 D SigquitBasedANRDetector: Initialized
04-01 15:53:09.850 16272 16288 W DexLibLoader: disabling background optimization
04-01 15:53:09.858 16272 16305 D         : Function _ZN3art13SignalCatcher6OutputERKNSt3__112basic_stringIcNS1_11char_traitsIcEENS1_9allocatorIcEEEE hooked with result=0
04-01 15:53:09.858 16272 16305 D SigquitBasedANRDetector: Hooked methods
04-01 15:53:09.892 16272 16288 W MultiDexClassLoader: unable to use native MDCL: falling back to Java impl
04-01 15:53:09.892 16272 16288 W MultiDexClassLoader: java.lang.Exception: Bailing: No primary dexes
04-01 15:53:09.892 16272 16288 W MultiDexClassLoader: 	at com.facebook.common.dextricks.MultiDexClassLoaderArtNative.<init>(:13493)
04-01 15:53:09.892 16272 16288 W MultiDexClassLoader: 	at com.facebook.common.dextricks.MultiDexClassLoader.createMultiDexClassLoader(:13385)
04-01 15:53:09.892 16272 16288 W MultiDexClassLoader: 	at com.facebook.common.dextricks.MultiDexClassLoader.install(:13429)
04-01 15:53:09.892 16272 16288 W MultiDexClassLoader: 	at com.facebook.common.dextricks.DexStore.loadDexFiles(:14532)
04-01 15:53:09.892 16272 16288 W MultiDexClassLoader: 	at com.facebook.common.dextricks.DexStore.loadAllImpl(:14458)
04-01 15:53:09.892 16272 16288 W MultiDexClassLoader: 	at com.facebook.common.dextricks.DexStore.loadAll(:14274)
04-01 15:53:09.892 16272 16288 W MultiDexClassLoader: 	at com.facebook.common.dextricks.DexLibLoader.loadAllImpl(:13934)
04-01 15:53:09.892 16272 16288 W MultiDexClassLoader: 	at com.facebook.common.dextricks.DexLibLoader.loadAll(:13881)
04-01 15:53:09.892 16272 16288 W MultiDexClassLoader: 	at com.facebook.common.dextricks.DexLibLoader.loadAll(:13874)
04-01 15:53:09.892 16272 16288 W MultiDexClassLoader: 	at com.facebook.messenger.app.MessengerApplication.a(:1911)
04-01 15:53:09.892 16272 16288 W MultiDexClassLoader: 	at X.002.b(:2671)
04-01 15:53:09.892 16272 16288 W MultiDexClassLoader: 	at X.00G.run(:3914)
04-01 15:53:09.898 16272 16288 W MemoryReductionHack: Couldn't update the Loader (NoSuchFieldException)
04-01 15:53:10.135  1570  3620 V ActivityManager: Broadcast: Intent { act=com.facebook.profilo.MAIN_PROCESS_STARTED_V3 flg=0x10 (has extras) } ordered=false userid=0 callerApp=ProcessRecord{e82386 16272:com.facebook.orca/u0a173}
04-01 15:53:10.138  1570  3620 V ActivityManager: Broadcast: Intent { act=com.facebook.messaging.ipc.peersPROD flg=0x10 (has extras) } ordered=false userid=0 callerApp=ProcessRecord{e82386 16272:com.facebook.orca/u0a173}
04-01 15:53:10.157  1570  3620 V ActivityManager: Broadcast: Intent { act=messenger_diode_badge_sync_action flg=0x10 (has extras) } ordered=false userid=0 callerApp=ProcessRecord{d6763cc 16039:com.facebook.katana/u0a144}
04-01 15:53:10.264  1570  5879 I ActivityManager: Killing 15314:com.google.android.gms.unstable/u0a41 (adj 906): empty #17
04-01 15:53:10.288  1570  5879 V ActivityManager: Broadcast: Intent { act=com.sonyericsson.home.action.UPDATE_BADGE flg=0x10 (has extras) } ordered=false userid=0 callerApp=ProcessRecord{d6763cc 16039:com.facebook.katana/u0a144}
04-01 15:53:10.330 16039 16225 E fb4a.BootIdReader: Error reading boot_id from procfs
04-01 15:53:10.330 16039 16225 E fb4a.BootIdReader: java.io.FileNotFoundException: /proc/sys/kernel/random/boot_id (Permission denied)
04-01 15:53:10.330 16039 16225 E fb4a.BootIdReader: 	at java.io.FileInputStream.open0(Native Method)
04-01 15:53:10.330 16039 16225 E fb4a.BootIdReader: 	at java.io.FileInputStream.open(FileInputStream.java:200)
04-01 15:53:10.330 16039 16225 E fb4a.BootIdReader: 	at java.io.FileInputStream.<init>(FileInputStream.java:150)
04-01 15:53:10.330 16039 16225 E fb4a.BootIdReader: 	at java.io.FileInputStream.<init>(FileInputStream.java:103)
04-01 15:53:10.330 16039 16225 E fb4a.BootIdReader: 	at java.io.FileReader.<init>(FileReader.java:58)
04-01 15:53:10.330 16039 16225 E fb4a.BootIdReader: 	at X.2dg.D(:25)
04-01 15:53:10.330 16039 16225 E fb4a.BootIdReader: 	at X.2yq.B(:363153)
04-01 15:53:10.330 16039 16225 E fb4a.BootIdReader: 	at X.0Pf.B(:130)
04-01 15:53:10.330 16039 16225 E fb4a.BootIdReader: 	at X.0RO.G(:23)
04-01 15:53:10.330 16039 16225 E fb4a.BootIdReader: 	at X.0RO.D(:10)
04-01 15:53:10.330 16039 16225 E fb4a.BootIdReader: 	at X.3Ih.nFA(:18)
04-01 15:53:10.330 16039 16225 E fb4a.BootIdReader: 	at X.3Ud.G(:0)
04-01 15:53:10.330 16039 16225 E fb4a.BootIdReader: 	at X.1eD.C(:39)
04-01 15:53:10.330 16039 16225 E fb4a.BootIdReader: 	at X.1eD.ZAC(:239)
04-01 15:53:10.330 16039 16225 E fb4a.BootIdReader: 	at X.1eA.B(:29)
04-01 15:53:10.330 16039 16225 E fb4a.BootIdReader: 	at X.0a1.G(:28)
04-01 15:53:10.330 16039 16225 E fb4a.BootIdReader: 	at X.0a1.handleMessage(:892)
04-01 15:53:10.330 16039 16225 E fb4a.BootIdReader: 	at android.os.Handler.dispatchMessage(Handler.java:105)
04-01 15:53:10.330 16039 16225 E fb4a.BootIdReader: 	at android.os.Looper.loop(Looper.java:164)
04-01 15:53:10.330 16039 16225 E fb4a.BootIdReader: 	at android.os.HandlerThread.run(HandlerThread.java:65)
04-01 15:53:10.321 16039 16039 W Analytics-Norma: type=1400 audit(0.0:65442): avc: denied { read } for name="boot_id" dev="proc" ino=5361391 scontext=u:r:untrusted_app:s0:c512,c768 tcontext=u:object_r:proc:s0 tclass=file permissive=0 ppid=702 pcomm="main" pgid=16039 pgcomm="facebook.katana"
04-01 15:53:10.750  1570  1570 V ActivityManager: Broadcast sticky: Intent { act=android.intent.action.BATTERY_CHANGED flg=0x60000010 (has extras) } ordered=false userid=-1 callerApp=null
04-01 15:53:10.758  2198  2198 D KeyguardUpdateMonitor: received broadcast android.intent.action.BATTERY_CHANGED
04-01 15:53:10.763  2198  2198 D KeyguardUpdateMonitor: handleBatteryUpdate
04-01 15:53:10.940  1570  8533 V ActivityManager: Broadcast: Intent { act=com.facebook.orca.ACTION_THREAD_LIST_UPDATED_FOR_UI flg=0x10 pkg=com.facebook.orca (has extras) } ordered=false userid=0 callerApp=ProcessRecord{e82386 16272:com.facebook.orca/u0a173}
04-01 15:53:11.054  1570  8533 D CountryDetector: The first listener is added
04-01 15:53:11.082 15562 15773 D Configuration: mLastEightDiditsMatching: false
04-01 15:53:11.177  1570  3656 V ActivityManager: Broadcast: Intent { act=com.facebook.messaging.ipc.peersPROD flg=0x10 (has extras) } ordered=false userid=0 callerApp=ProcessRecord{e82386 16272:com.facebook.orca/u0a173}
04-01 15:53:11.337  1570  3656 V ActivityManager: Broadcast: Intent { act=com.facebook.orca.ACTION_THREAD_LIST_UPDATED_FOR_UI flg=0x10 pkg=com.facebook.orca (has extras) } ordered=false userid=0 callerApp=ProcessRecord{e82386 16272:com.facebook.orca/u0a173}
04-01 15:53:11.352  1570  8533 V ActivityManager: Broadcast: Intent { act=com.facebook.messaging.sms.MARK_PENDING_MMS flg=0x10 cmp=com.facebook.orca/com.facebook.messaging.sms.defaultapp.SmsReceiver (has extras) } ordered=false userid=0 callerApp=ProcessRecord{e82386 16272:com.facebook.orca/u0a173}
04-01 15:53:11.581  1570  3656 V ActivityManager: Broadcast: Intent { act=com.facebook.orca.ACTION_THREAD_LIST_UPDATED_FOR_UI flg=0x10 pkg=com.facebook.orca (has extras) } ordered=false userid=0 callerApp=ProcessRecord{e82386 16272:com.facebook.orca/u0a173}
04-01 15:53:11.783  1570  4156 V ActivityManager: Broadcast: Intent { act=com.facebook.orca.ACTION_THREAD_LIST_UPDATED_FOR_UI flg=0x10 pkg=com.facebook.orca (has extras) } ordered=false userid=0 callerApp=ProcessRecord{e82386 16272:com.facebook.orca/u0a173}
04-01 15:53:12.201  1570  8533 V ActivityManager: Broadcast: Intent { act=messenger_diode_badge_sync_action flg=0x10 (has extras) } ordered=false userid=0 callerApp=ProcessRecord{d6763cc 16039:com.facebook.katana/u0a144}
04-01 15:53:13.220  1570  8533 V ActivityManager: Broadcast: Intent { act=com.facebook.messaging.ipc.peersPROD flg=0x10 (has extras) } ordered=false userid=0 callerApp=ProcessRecord{e82386 16272:com.facebook.orca/u0a173}
04-01 15:53:13.844  1570  8533 V ActivityManager: Broadcast: Intent { act=com.facebook.messaging.ipc.peersPROD flg=0x10 (has extras) } ordered=false userid=0 callerApp=ProcessRecord{d6763cc 16039:com.facebook.katana/u0a144}
04-01 15:53:14.533 16272 16326 V tigonliger: tigonliger/JNI_OnLoad called
04-01 15:53:14.590 16272 16326 V tigonliger: tigonapi/JNI_OnLoad called
04-01 15:53:14.590  1570  6567 V ActivityManager: Broadcast: Intent { act=com.facebook.rti.mqtt.ACTION_MQTT_CONFIG_CHANGED flg=0x10 pkg=com.facebook.orca } ordered=false userid=0 callerApp=ProcessRecord{e82386 16272:com.facebook.orca/u0a173}
04-01 15:53:14.615 16272 16326 I mobileconfig: No OTA resource found
04-01 15:53:14.615 16272 16326 I mobileconfig: Using asset manager to stream (sessionless: YES) params_map.txt
04-01 15:53:14.690 16272 16326 I mobileconfig: Params map streaming - readbytes: 495747/495747
04-01 15:53:14.690 16272 16326 I mobileconfig: Successfully parsed (sessionless: YES) params_map.txt
04-01 15:53:14.707 16272 16326 I mobileconfig: Initialized MobileConfig - directory: /data/user/0/com.facebook.orca/files, appVersion: 208.0.0.27.84, paramHash: 724aa36278b48299e36a2db11e90af22, readOnly: false
04-01 15:53:14.727 16272 16335 I mobileconfig: No OTA resource found
04-01 15:53:14.727 16272 16335 I mobileconfig: Using asset manager to stream (sessionless: NO) params_map.txt
04-01 15:53:14.801 16272 16335 I mobileconfig: Params map streaming - readbytes: 495747/495747
04-01 15:53:14.801 16272 16335 I mobileconfig: Successfully parsed (sessionless: NO) params_map.txt
04-01 15:53:14.812 16272 16335 I mobileconfig: Initialized MobileConfig - directory: /data/user/0/com.facebook.orca/files, appVersion: 208.0.0.27.84, paramHash: 724aa36278b48299e36a2db11e90af22, readOnly: false
04-01 15:53:14.983  1570  1570 V ActivityManager: Broadcast sticky: Intent { act=android.intent.action.BATTERY_CHANGED flg=0x60000010 (has extras) } ordered=false userid=-1 callerApp=null
04-01 15:53:14.985  2198  2198 D KeyguardUpdateMonitor: received broadcast android.intent.action.BATTERY_CHANGED
04-01 15:53:14.990  2198  2198 D KeyguardUpdateMonitor: handleBatteryUpdate
04-01 15:53:15.050  1570  1614 W BroadcastQueue: Permission Denial: broadcasting Intent { act=android.net.conn.CONNECTIVITY_CHANGE flg=0x4000010 (has extras) } from null (pid=-1, uid=-1) requires com.facebook.permission.prod.FB_APP_COMMUNICATION due to registered receiver BroadcastFilter{adb628 u0 ReceiverList{a1f3c4b 16272 com.facebook.orca/10173/u0 remote:356491a}}
04-01 15:53:15.050  1570  1614 W BroadcastQueue: Permission Denial: broadcasting Intent { act=android.net.conn.INET_CONDITION_ACTION flg=0x4000010 (has extras) } from null (pid=-1, uid=-1) requires com.facebook.permission.prod.FB_APP_COMMUNICATION due to registered receiver BroadcastFilter{adb628 u0 ReceiverList{a1f3c4b 16272 com.facebook.orca/10173/u0 remote:356491a}}
04-01 15:53:15.075 16272 16337 W msgr.ServiceInfoParser: X.1zR: Service com.facebook.browser.lite.BrowserLiteIntentService is missing meta key com.facebook.common.jobscheduler.compat.jobIds
04-01 15:53:15.075 16272 16337 W msgr.ServiceInfoParser: X.1zR: Service com.facebook.common.errorreporting.memory.MemoryDumpUploadService is missing meta key com.facebook.common.jobscheduler.compat.jobIds
04-01 15:53:15.075 16272 16337 W msgr.ServiceInfoParser: X.1zR: Service com.facebook.contacts.service.ContactLocaleChangeService is missing meta key com.facebook.common.jobscheduler.compat.jobIds
04-01 15:53:15.075 16272 16337 W msgr.ServiceInfoParser: X.1zR: Service com.facebook.messaging.chatheads.service.ChatHeadsBooterService is missing meta key com.facebook.common.jobscheduler.compat.jobIds
04-01 15:53:15.075 16272 16337 W msgr.ServiceInfoParser: X.1zR: Service com.facebook.analytics.appstatelogger.AppStateIntentService is missing meta key com.facebook.common.jobscheduler.compat.jobIds
04-01 15:53:15.075 16272 16337 W msgr.ServiceInfoParser: X.1zR: Service com.facebook.analytics2.logger.LollipopUploadService is missing meta key com.facebook.common.jobscheduler.compat.jobIds
04-01 15:53:15.075 16272 16337 W msgr.ServiceInfoParser: X.1zR: Service com.facebook.appcomponentmanager.AppComponentManagerService is missing meta key com.facebook.common.jobscheduler.compat.jobIds
04-01 15:53:15.075 16272 16337 W msgr.ServiceInfoParser: X.1zR: Service com.facebook.appupdate.DownloadCompleteService is missing meta key com.facebook.common.jobscheduler.compat.jobIds
04-01 15:53:15.077 16272 16337 W msgr.ServiceInfoParser: X.1zR: Service com.facebook.common.dextricks.DexOptimization$Service is missing meta key com.facebook.common.jobscheduler.compat.jobIds
04-01 15:53:15.077 16272 16337 W msgr.ServiceInfoParser: X.1zR: Service com.facebook.conditionalworker.ConditionalWorkerService is missing meta key com.facebook.common.jobscheduler.compat.jobIds
04-01 15:53:15.077 16272 16337 W msgr.ServiceInfoParser: X.1zR: Service com.facebook.delayedworker.DelayedWorkerService is missing meta key com.facebook.common.jobscheduler.compat.jobIds
04-01 15:53:15.077 16272 16337 W msgr.ServiceInfoParser: X.1zR: Service com.facebook.fbservice.service.BlueServiceJobIntentService is missing meta key com.facebook.common.jobscheduler.compat.jobIds
04-01 15:53:15.077 16272 16337 W msgr.ServiceInfoParser: X.1zR: Service com.facebook.googleplay.GooglePlayInstallRefererService is missing meta key com.facebook.common.jobscheduler.compat.jobIds
04-01 15:53:15.078 16272 16337 W msgr.ServiceInfoParser: X.1zR: Service com.facebook.messaging.prefs.notifications.NotificationPrefsSyncService is missing meta key com.facebook.common.jobscheduler.compat.jobIds
04-01 15:53:15.078 16272 16337 W msgr.ServiceInfoParser: X.1zR: Service com.facebook.messaging.sms.defaultapp.SmsHandlerService is missing meta key com.facebook.common.jobscheduler.compat.jobIds
04-01 15:53:15.078 16272 16337 W msgr.ServiceInfoParser: X.1zR: Service com.facebook.messaging.universallinks.receiver.InstallReferrerFetchJobIntentService is missing meta key com.facebook.common.jobscheduler.compat.jobIds
04-01 15:53:15.078 16272 16337 W msgr.ServiceInfoParser: X.1zR: Service com.facebook.orca.notify.MessagesNotificationService is missing meta key com.facebook.common.jobscheduler.compat.jobIds
04-01 15:53:15.078 16272 16337 W msgr.ServiceInfoParser: X.1zR: Service com.facebook.attribution.AttributionIdService is missing meta key com.facebook.common.jobscheduler.compat.jobIds
04-01 15:53:15.078 16272 16337 W msgr.ServiceInfoParser: X.1zR: Service com.facebook.oxygen.preloads.sdk.firstparty.managedappcache.IsManagedAppCacheJobService is missing meta key com.facebook.common.jobscheduler.compat.jobIds
04-01 15:53:15.079 16272 16337 W msgr.ServiceInfoParser: X.1zR: Service com.facebook.push.registration.RegistrarHelperService is missing meta key com.facebook.common.jobscheduler.compat.jobIds
04-01 15:53:15.079 16272 16337 W msgr.ServiceInfoParser: X.1zR: Service com.facebook.push.crossapp.PackageRemovedReporterService is missing meta key com.facebook.common.jobscheduler.compat.jobIds
04-01 15:53:15.080 16272 16337 W msgr.ServiceInfoParser: X.1zR: Service com.facebook.push.fbpushdata.common.FbPushDataHandlerService is missing meta key com.facebook.common.jobscheduler.compat.jobIds
04-01 15:53:15.080 16272 16337 W msgr.ServiceInfoParser: X.1zR: Service com.facebook.push.fcm.FcmRegistrarFbJobIntentService is missing meta key com.facebook.common.jobscheduler.compat.jobIds
04-01 15:53:15.080 16272 16337 W msgr.ServiceInfoParser: X.1zR: Service com.facebook.push.mqtt.service.MqttPushHelperService is missing meta key com.facebook.common.jobscheduler.compat.jobIds
04-01 15:53:15.080  1114  2278 V LocSvc_HIDL_IzatProvider: [onLocationChanged][67] [HS] =>>>> [HC]
04-01 15:53:15.081  1570  2595 I chatty  : uid=1000(system) HwBinder:1570_4 expire 2 lines
04-01 15:53:15.081  1114  2278 V LocSvc_HIDL_IzatProvider: [onLocationChanged][67] [HS] =>>>> [HC]
04-01 15:53:15.081 16272 16337 W msgr.ServiceInfoParser: X.1zR: Service com.facebook.push.negativefeedback.PushNegativeFeedbackFbJobIntentService is missing meta key com.facebook.common.jobscheduler.compat.jobIds
04-01 15:53:15.083 16272 16337 W msgr.ServiceInfoParser: X.1zR: Service com.facebook.reportaproblem.base.bugreport.BugReportUploadService is missing meta key com.facebook.common.jobscheduler.compat.jobIds
04-01 15:53:15.084 16272 16337 W msgr.ServiceInfoParser: X.1zR: Service com.facebook.selfupdate2.SelfUpdateLaterWaiterService is missing meta key com.facebook.common.jobscheduler.compat.jobIds
04-01 15:53:15.099  1570  1614 W BroadcastQueue: Permission Denial: broadcasting Intent { act=android.net.conn.CONNECTIVITY_CHANGE flg=0x4000010 (has extras) } from null (pid=-1, uid=-1) requires com.facebook.permission.prod.FB_APP_COMMUNICATION due to registered receiver BroadcastFilter{65ce172 u0 ReceiverList{9723e7d 16272 com.facebook.orca/10173/u0 remote:43c0cd4}}
04-01 15:53:15.265 16272 16335 E CompactDiskManagerImpl.cpp: Failed to remove new folder structure directories: No such file or directory
04-01 15:53:15.440  1570  1588 V ActivityManager: Broadcast: Intent { act=messenger_diode_badge_sync_action flg=0x10 (has extras) } ordered=false userid=0 callerApp=ProcessRecord{e82386 16272:com.facebook.orca/u0a173}
04-01 15:53:15.474  1570  1588 V ActivityManager: Broadcast: Intent { act=com.facebook.orca.ACTION_INBOX_BADGE_COUNT_UPDATED flg=0x10 pkg=com.facebook.orca (has extras) } ordered=false userid=0 callerApp=ProcessRecord{e82386 16272:com.facebook.orca/u0a173}
04-01 15:53:15.497  1570  6567 V ActivityManager: Broadcast: Intent { act=com.sonyericsson.home.action.UPDATE_BADGE flg=0x10 (has extras) } ordered=false userid=0 callerApp=ProcessRecord{e82386 16272:com.facebook.orca/u0a173}
04-01 15:53:15.614  1570  6567 W ActivityManager: Unable to start service Intent { act=Orca.START cmp=com.facebook.orca/com.facebook.rti.push.service.FbnsService (has extras) } U=0: not found
04-01 15:53:15.619 16272 16325 W msgr.8Fd: Start regular sync initialization
04-01 15:53:15.657 16272 16326 W Profilo/configparser: Returning a default config
04-01 15:53:16.209  1570  4156 V ActivityManager: Broadcast: Intent { act=messenger_diode_badge_sync_action flg=0x10 (has extras) } ordered=false userid=0 callerApp=ProcessRecord{d6763cc 16039:com.facebook.katana/u0a144}
04-01 15:53:16.445  1570  4156 V ActivityManager: Broadcast: Intent { act=messenger_diode_badge_sync_action flg=0x10 (has extras) } ordered=false userid=0 callerApp=ProcessRecord{e82386 16272:com.facebook.orca/u0a173}
04-01 15:53:16.562  1570  4156 V ActivityManager: Broadcast: Intent { act=X.2DQ.NETWORKING_ACTIVE flg=0x10 (has extras) } ordered=false userid=0 callerApp=ProcessRecord{e82386 16272:com.facebook.orca/u0a173}
04-01 15:53:17.231  1570  4156 V ActivityManager: Broadcast: Intent { act=com.facebook.messaging.ipc.peersPROD flg=0x10 (has extras) } ordered=false userid=0 callerApp=ProcessRecord{e82386 16272:com.facebook.orca/u0a173}
04-01 15:53:18.491  1570  6567 V ActivityManager: Broadcast: Intent { act=messenger_diode_badge_sync_action flg=0x10 (has extras) } ordered=false userid=0 callerApp=ProcessRecord{e82386 16272:com.facebook.orca/u0a173}
04-01 15:53:18.578  1570  6567 V ActivityManager: Broadcast: Intent { act=X.2DQ.NETWORKING_INACTIVE flg=0x10 (has extras) } ordered=false userid=0 callerApp=ProcessRecord{e82386 16272:com.facebook.orca/u0a173}
04-01 15:53:18.929  1097  2414 I ExtendedUtils: printFileName fd(12) -> /data/data/com.videothumbnails/cache/ImagePicker/04166669-5cdb-49cc-af6c-81eee3f203ee.mp4
04-01 15:53:18.954  1097  2414 E MediaExtractor: Trace connect 0xe9cb43a0 0xeba2da40
04-01 15:53:18.956 15884 15924 I chatty  : uid=10319(u0_a319) com.videothumbnails expire 17 lines
04-01 15:53:19.404  1570  1717 I chatty  : uid=1000(system) PackageManager expire 2 lines
04-01 15:53:19.405  1570  1717 V ActivityManager: Broadcast: Intent { act=android.intent.action.PACKAGE_CHANGED dat=package:com.facebook.katana flg=0x44000010 (has extras) } ordered=false userid=0 callerApp=null
04-01 15:53:19.432  1570  1717 V ActivityManager: Broadcast: Intent { act=android.intent.action.PACKAGE_CHANGED dat=package:com.facebook.orca flg=0x44000010 (has extras) } ordered=false userid=0 callerApp=null
04-01 15:53:19.441  1570  6567 W ActivityManager: Permission Denial: Accessing service ComponentInfo{com.google.android.music/com.google.android.music.dial.DialMediaRouteProviderService} from pid=3959, uid=10041 that is not exported from uid 10123
04-01 15:53:19.446  1570  6567 W ActivityManager: Permission Denial: Accessing service ComponentInfo{com.sonyericsson.album/com.sonymobile.somcmediarouter.provider.dlna.DlnaMediaRouteProviderService} from pid=3959, uid=10041 that is not exported from uid 10079
04-01 15:53:19.449  1570  1588 W ActivityManager: Permission Denial: Accessing service ComponentInfo{com.sonyericsson.music/com.sonymobile.somcmediarouter.provider.dlna.DlnaMediaRouteProviderService} from pid=3959, uid=10041 that is not exported from uid 10058
04-01 15:53:19.452  1570  3068 W ActivityManager: Permission Denial: Accessing service ComponentInfo{com.google.android.music/com.google.android.music.dial.DialMediaRouteProviderService} from pid=3959, uid=10041 that is not exported from uid 10123
04-01 15:53:19.452  1570  8533 W ActivityManager: Permission Denial: Accessing service ComponentInfo{com.sonyericsson.album/com.sonymobile.somcmediarouter.provider.dlna.DlnaMediaRouteProviderService} from pid=3959, uid=10041 that is not exported from uid 10079
04-01 15:53:19.453  1570  3656 W ActivityManager: Permission Denial: Accessing service ComponentInfo{com.sonyericsson.music/com.sonymobile.somcmediarouter.provider.dlna.DlnaMediaRouteProviderService} from pid=3959, uid=10041 that is not exported from uid 10058
04-01 15:53:19.472  2339  2339 D ImsResolver: maybeAddedImsService, packageName: com.facebook.katana
04-01 15:53:19.477  2339  2339 D CarrierSvcBindHelper: No carrier app for: 0
04-01 15:53:19.478  2339  2339 D CarrierSvcBindHelper: No carrier app for: 1
04-01 15:53:19.501  1570  2125 I chatty  : uid=1000(system) InputReader expire 2 lines
04-01 15:53:19.513  2339  2339 D CarrierSvcBindHelper: No carrier app for: 0
04-01 15:53:19.513  2339  2339 D CarrierSvcBindHelper: No carrier app for: 1
04-01 15:53:19.513  2339  2339 D ImsResolver: maybeAddedImsService, packageName: com.facebook.orca
04-01 15:53:19.562  3512  3512 D RegisteredServicesCache:  Reading service state data always from file
04-01 15:53:19.568  3512  3512 D RegisteredServicesCache: ServiceStateFileVersion=1.0
04-01 15:53:19.568  3512  3512 E RegisteredServicesCache: Next Tag=services
04-01 15:53:19.568  3512  3512 D RegisteredServicesCache:  curr component com.citynav.jakdojade.pl.android/com.citynav.jakdojade.pl.android.tickets.ui.control.ControlTicketApduService
04-01 15:53:19.568  3512  3512 D RegisteredServicesCache:  curr uid 10176
04-01 15:53:19.568  3512  3512 D RegisteredServicesCache:  curr state 1
04-01 15:53:19.568  3512  3512 E RegisteredServicesCache: installedServices no uidString 
04-01 15:53:19.568  3512  3512 D NxpApduServiceInfo: getServiceState:Description:Jakdojade:InternalState:2
04-01 15:53:19.567  1570  1570 I chatty  : uid=1000 system_server expire 3 lines
04-01 15:53:19.571  3512  3512 D NxpApduServiceInfo: setServiceState:Description:Jakdojade:InternalState:2:state:1
04-01 15:53:19.571  3512  3512 E RegisteredServicesCache: 1invalidateCache:WriteServiceStateToFile
04-01 15:53:19.571  3512  3512 E RegisteredServicesCache:  Writing service state Data Always
04-01 15:53:19.573  3512  3512 E RegisteredServicesCache: component namecom.citynav.jakdojade.pl.android/com.citynav.jakdojade.pl.android.tickets.ui.control.ControlTicketApduService
04-01 15:53:19.588  3512  3512 D NxpApduServiceInfo: getServiceState:Description:Jakdojade:InternalState:1
04-01 15:53:19.588  3512  3512 D NxpApduServiceInfo: getServiceState:Description:Jakdojade:InternalState:1
04-01 15:53:19.592  3512  3512 D RegisteredNfcFServicesCache: Service unchanged, not updating
04-01 15:53:19.615  3512  3512 D RegisteredServicesCache:  Reading service state data always from file
04-01 15:53:19.616  3512  3512 D RegisteredServicesCache: ServiceStateFileVersion=1.0
04-01 15:53:19.616  3512  3512 E RegisteredServicesCache: Next Tag=services
04-01 15:53:19.616  3512  3512 D RegisteredServicesCache:  curr component com.citynav.jakdojade.pl.android/com.citynav.jakdojade.pl.android.tickets.ui.control.ControlTicketApduService
04-01 15:53:19.616  3512  3512 D RegisteredServicesCache:  curr uid 10176
04-01 15:53:19.616  3512  3512 D RegisteredServicesCache:  curr state 1
04-01 15:53:19.616  3512  3512 E RegisteredServicesCache: installedServices no uidString 
04-01 15:53:19.616  3512  3512 D NxpApduServiceInfo: getServiceState:Description:Jakdojade:InternalState:2
04-01 15:53:19.617  3512  3512 D NxpApduServiceInfo: setServiceState:Description:Jakdojade:InternalState:2:state:1
04-01 15:53:19.618  3512  3512 E RegisteredServicesCache: 1invalidateCache:WriteServiceStateToFile
04-01 15:53:19.618  3512  3512 E RegisteredServicesCache:  Writing service state Data Always
04-01 15:53:19.620  3512  3512 E RegisteredServicesCache: component namecom.citynav.jakdojade.pl.android/com.citynav.jakdojade.pl.android.tickets.ui.control.ControlTicketApduService
04-01 15:53:19.656  3512  3512 D NxpApduServiceInfo: getServiceState:Description:Jakdojade:InternalState:1
04-01 15:53:19.656  3512  3512 D NxpApduServiceInfo: getServiceState:Description:Jakdojade:InternalState:1
04-01 15:53:19.662  3512  3512 D RegisteredNfcFServicesCache: Service unchanged, not updating
04-01 15:53:19.790  1570  1613 I chatty  : uid=1000(system) android.bg expire 8 lines
04-01 15:53:19.908  1570  1613 V ActivityManager: Broadcast: Intent { act=android.search.action.SEARCHABLES_CHANGED flg=0x24000010 } ordered=false userid=0 callerApp=ProcessRecord{1876cb0 1570:system/1000}
04-01 15:53:19.983  1570  1570 I Telecom : DefaultDialerCache: Refreshing default dialer for user 0: now com.vladlee.easyblacklist: DDC.oR@E7E
04-01 15:53:20.000  1570  1570 I Telecom : DefaultDialerCache: Refreshing default dialer for user 0: now com.vladlee.easyblacklist: DDC.oR@E7I
04-01 15:53:20.000  1570  1570 V ActivityManager: Broadcast sticky: Intent { act=android.intent.action.BATTERY_CHANGED flg=0x60000010 (has extras) } ordered=false userid=-1 callerApp=null
04-01 15:53:20.003  2198  2198 D KeyguardUpdateMonitor: received broadcast android.intent.action.BATTERY_CHANGED
04-01 15:53:20.018  2198  2198 D KeyguardUpdateMonitor: handleBatteryUpdate
04-01 15:53:20.020  1570  1613 V ActivityManager: Broadcast: Intent { act=android.search.action.SEARCHABLES_CHANGED flg=0x24000010 } ordered=false userid=0 callerApp=ProcessRecord{1876cb0 1570:system/1000}
04-01 15:53:20.345  1570  1570 V ActivityManager: Broadcast sticky: Intent { act=android.intent.action.BATTERY_CHANGED flg=0x60000010 (has extras) } ordered=false userid=-1 callerApp=null
04-01 15:53:20.349  2198  2198 D KeyguardUpdateMonitor: received broadcast android.intent.action.BATTERY_CHANGED
04-01 15:53:20.355  2198  2198 D KeyguardUpdateMonitor: handleBatteryUpdate
04-01 15:53:21.183  1570  3656 V ActivityManager: Broadcast sticky: Intent { act=android.intent.action.SIG_STR flg=0x10 (has extras) } ordered=false userid=-1 callerApp=ProcessRecord{1876cb0 1570:system/1000}
04-01 15:53:21.861  1570  3656 V ActivityManager: Broadcast: Intent { act=com.facebook.messaging.ipc.peersPROD flg=0x10 (has extras) } ordered=false userid=0 callerApp=ProcessRecord{d6763cc 16039:com.facebook.katana/u0a144}
04-01 15:53:22.498  1570  3656 V ActivityManager: Broadcast: Intent { act=messenger_diode_badge_sync_action flg=0x10 (has extras) } ordered=false userid=0 callerApp=ProcessRecord{e82386 16272:com.facebook.orca/u0a173}
04-01 15:53:24.250  1570  3656 V ActivityManager: Broadcast: Intent { act=messenger_diode_badge_sync_action flg=0x10 (has extras) } ordered=false userid=0 callerApp=ProcessRecord{d6763cc 16039:com.facebook.katana/u0a144}
04-01 15:53:24.421 16272 16272 W Analytics-Norma: type=1400 audit(0.0:65451): avc: denied { read } for name="boot_id" dev="proc" ino=5367920 scontext=u:r:untrusted_app:s0:c512,c768 tcontext=u:object_r:proc:s0 tclass=file permissive=0 ppid=702 pcomm="main" pgid=16272 pgcomm="m.facebook.orca"
04-01 15:53:24.434 16272 16370 E msgr.BootIdReader: Error reading boot_id from procfs
04-01 15:53:24.434 16272 16370 E msgr.BootIdReader: java.io.FileNotFoundException: /proc/sys/kernel/random/boot_id (Permission denied)
04-01 15:53:24.434 16272 16370 E msgr.BootIdReader: 	at java.io.FileInputStream.open0(Native Method)
04-01 15:53:24.434 16272 16370 E msgr.BootIdReader: 	at java.io.FileInputStream.open(FileInputStream.java:200)
04-01 15:53:24.434 16272 16370 E msgr.BootIdReader: 	at java.io.FileInputStream.<init>(FileInputStream.java:150)
04-01 15:53:24.434 16272 16370 E msgr.BootIdReader: 	at java.io.FileInputStream.<init>(FileInputStream.java:103)
04-01 15:53:24.434 16272 16370 E msgr.BootIdReader: 	at java.io.FileReader.<init>(FileReader.java:58)
04-01 15:53:24.434 16272 16370 E msgr.BootIdReader: 	at X.2oJ.a(:380700)
04-01 15:53:24.434 16272 16370 E msgr.BootIdReader: 	at X.3r3.a(:490467)
04-01 15:53:24.434 16272 16370 E msgr.BootIdReader: 	at X.0OQ.A(Unknown Source:25)
04-01 15:53:24.434 16272 16370 E msgr.BootIdReader: 	at X.0PS.a(:61539)
04-01 15:53:24.434 16272 16370 E msgr.BootIdReader: 	at X.6Dr.a(:744745)
04-01 15:53:24.434 16272 16370 E msgr.BootIdReader: 	at X.2fb.a(:368679)
04-01 15:53:24.434 16272 16370 E msgr.BootIdReader: 	at X.0YU.a(:81365)
04-01 15:53:24.434 16272 16370 E msgr.BootIdReader: 	at X.0YU.a(:81322)
04-01 15:53:24.434 16272 16370 E msgr.BootIdReader: 	at X.0YR.a(:81252)
04-01 15:53:24.434 16272 16370 E msgr.BootIdReader: 	at X.0Zw.d(:84852)
04-01 15:53:24.434 16272 16370 E msgr.BootIdReader: 	at X.0Zw.c(:84823)
04-01 15:53:24.434 16272 16370 E msgr.BootIdReader: 	at X.0Zw.handleMessage(:85011)
04-01 15:53:24.434 16272 16370 E msgr.BootIdReader: 	at android.os.Handler.dispatchMessage(Handler.java:105)
04-01 15:53:24.434 16272 16370 E msgr.BootIdReader: 	at android.os.Looper.loop(Looper.java:164)
04-01 15:53:24.434 16272 16370 E msgr.BootIdReader: 	at android.os.HandlerThread.run(HandlerThread.java:65)
04-01 15:53:25.029  1570  4156 I ActivityManager: Killing 15397:com.google.android.apps.maps/u0a118 (adj 906): empty #17
04-01 15:53:25.083  1570  8220 D ConnectivityService: ConnectivityService NetworkRequestInfo binderDied(NetworkRequest [ LISTEN id=573, [ Capabilities: INTERNET&NOT_RESTRICTED&TRUSTED&FOREGROUND] ], android.os.BinderProxy@4830905)
04-01 15:53:25.085  1570  2150 E ConnectivityService: RemoteException caught trying to send a callback msg for NetworkRequest [ LISTEN id=573, [ Capabilities: INTERNET&NOT_RESTRICTED&TRUSTED&FOREGROUND] ]
04-01 15:53:25.280  1570  3695 V ActivityManager: Broadcast: Intent { act=com.facebook.messaging.ipc.peersPROD flg=0x10 (has extras) } ordered=false userid=0 callerApp=ProcessRecord{e82386 16272:com.facebook.orca/u0a173}
04-01 15:53:25.858  1570  3695 V ActivityManager: Broadcast sticky: Intent { act=android.intent.action.SIG_STR flg=0x10 (has extras) } ordered=false userid=-1 callerApp=ProcessRecord{1876cb0 1570:system/1000}
04-01 15:53:26.048 15170 15245 I chatty  : uid=10103(u0_a103) CelloTaskRunner expire 10 lines
04-01 15:53:26.705  1570  2113 W ContextImpl: Calling a method in the system process without a qualified user: android.app.ContextImpl.sendBroadcast:962 com.android.server.BatteryService$1.ExecuteThermalCamera:285 com.android.server.BatteryService$1.run:393 android.os.Handler.handleCallback:789 android.os.Handler.dispatchMessage:98 
04-01 15:53:26.706  1570  2113 V ActivityManager: Broadcast: Intent { act=com.sonyericsson.psm.action.CAMERA_COOLED_DOWN_NORMAL flg=0x10 } ordered=false userid=0 callerApp=ProcessRecord{1876cb0 1570:system/1000}
04-01 15:53:27.106  3959 10003 I PlayCommon: [5901] obp.c: Preparing logs for uploading
04-01 15:53:27.111  3959 10003 W PlayCommon: [5901] obp.a: No account for auth token provided
04-01 15:53:27.112  3959 10003 I PlayCommon: [5901] obp.c: Connecting to server: https://play.googleapis.com/play/log?format=raw&proto_v2=true
04-01 15:53:27.367  3959 10003 I PlayCommon: [5901] obp.c: Successfully uploaded logs.
04-01 15:53:30.271  1064  1064 I QNS     : QNS: soc=100, v=4333, i=218, t=310
04-01 15:53:30.271  1064  1064 I QNS     : QNS: requested charging params: current: 600, voltage: 4380
04-01 15:53:30.546  1570  3068 V ActivityManager: Broadcast: Intent { act=messenger_diode_badge_sync_action flg=0x10 (has extras) } ordered=false userid=0 callerApp=ProcessRecord{e82386 16272:com.facebook.orca/u0a173}
04-01 15:53:31.612 10831 10858 I Finsky  : [1800] iea.run(3): Stats for Executor: BlockingExecutor ifl@a3a5eb4[Running, pool size = 1, active threads = 0, queued tasks = 0, completed tasks = 236]
04-01 15:53:31.613 10831 10858 I Finsky  : [1800] iea.run(3): Stats for Executor: LightweightExecutor ifl@6ed5add[Running, pool size = 4, active threads = 0, queued tasks = 0, completed tasks = 62]
04-01 15:53:31.614 10831 10858 I Finsky  : [1800] iea.run(3): Stats for Executor: bgExecutor ifl@e9fb54d[Running, pool size = 4, active threads = 0, queued tasks = 0, completed tasks = 811]
04-01 15:53:33.217  1570  3068 V ActivityManager: Broadcast sticky: Intent { act=android.intent.action.SIG_STR flg=0x10 (has extras) } ordered=false userid=-1 callerApp=ProcessRecord{1876cb0 1570:system/1000}
04-01 15:53:35.344  3959  9987 I PlayCommon: [5900] obp.c: Preparing logs for uploading
04-01 15:53:35.356  1570  3695 I ActivityManager: Killing 15384:com.google.android.apps.photos/u0a127 (adj 906): empty #17
04-01 15:53:35.351   829   829 I chatty  : uid=1000(system) memtrack@1.0-se expire 37 lines
04-01 15:53:35.371  3881  3881 W ChimeraUtils: Non Chimera context
04-01 15:53:35.371  3881  3881 W ChimeraUtils: Non Chimera context
04-01 15:53:35.392  3881  6006 E Auth    : [GoogleAccountDataServiceImpl] getToken() -> BAD_AUTHENTICATION. Account: <ELLIDED:-2015590899>, App: com.google.android.gms, Service: oauth2:https://www.googleapis.com/auth/games
04-01 15:53:35.392  3881  6006 E Auth    : qsy: Long live credential not available.
04-01 15:53:35.392  3881  6006 E Auth    : 	at hbl.c(:com.google.android.gms@15090021@15.0.90 (040408-231259764):17)
04-01 15:53:35.392  3881  6006 E Auth    : 	at hbl.a(:com.google.android.gms@15090021@15.0.90 (040408-231259764):12)
04-01 15:53:35.392  3881  6006 E Auth    : 	at hbl.b(Unknown Source:0)
04-01 15:53:35.392  3881  6006 E Auth    : 	at gzw.a(:com.google.android.gms@15090021@15.0.90 (040408-231259764):22)
04-01 15:53:35.392  3881  6006 E Auth    : 	at its.a(:com.google.android.gms@15090021@15.0.90 (040408-231259764):7)
04-01 15:53:35.392  3881  6006 E Auth    : 	at its.a(:com.google.android.gms@15090021@15.0.90 (040408-231259764):161)
04-01 15:53:35.392  3881  6006 E Auth    : 	at iss.a(Unknown Source:2)
04-01 15:53:35.392  3881  6006 E Auth    : 	at isq.a(:com.google.android.gms@15090021@15.0.90 (040408-231259764):17)
04-01 15:53:35.392  3881  6006 E Auth    : 	at isq.a(:com.google.android.gms@15090021@15.0.90 (040408-231259764):7)
04-01 15:53:35.392  3881  6006 E Auth    : 	at gwi.a(:com.google.android.gms@15090021@15.0.90 (040408-231259764):33)
