04-01 15:52:28.989  1570  1570 V ActivityManager: Broadcast sticky: Intent { act=android.intent.action.BATTERY_CHANGED flg=0x60000010 (has extras) } ordered=false userid=-1 callerApp=null
04-01 15:52:30.409  1570  2114 I ActivityManager: Killing 12501:com.android.musicfx/u0a49 (adj 904): empty #17
04-01 15:52:33.261  1570  1570 V ActivityManager: Broadcast sticky: Intent { act=android.intent.action.BATTERY_CHANGED flg=0x60000010 (has extras) } ordered=false userid=-1 callerApp=null
04-01 15:52:34.035  1570  4156 V ActivityManager: Broadcast sticky: Intent { act=android.intent.action.SIG_STR flg=0x10 (has extras) } ordered=false userid=-1 callerApp=ProcessRecord{1876cb0 1570:system/1000}
04-01 15:52:36.123  1570  1717 I ActivityManager: Start proc 15715:com.android.defcontainer/u0a33 for service com.android.defcontainer/.DefaultContainerService
04-01 15:52:36.182  1570  1717 V ActivityManager: Broadcast: Intent { act=com.qualcomm.qti.intent.action.PACKAGE_NEEDS_OPTIONAL_VERIFICATION dat=file:///data/app/vmdl1415784724.tmp typ=application/vnd.android.package-archive flg=0x10000011 cmp=com.qualcomm.qti.seemp.service/.SeempBroadcastReceiver (has extras) } ordered=false userid=0 callerApp=ProcessRecord{1876cb0 1570:system/1000}
04-01 15:52:36.194  1570  1614 I ActivityManager: Start proc 15732:com.qualcomm.qti.seemp.service:seemp_service/1000 for broadcast com.qualcomm.qti.seemp.service/.SeempBroadcastReceiver
04-01 15:52:36.196  1570  1717 V ActivityManager: Broadcast: Intent { act=android.os.action.POWER_SAVE_TEMP_WHITELIST_CHANGED flg=0x40000010 } ordered=false userid=0 callerApp=ProcessRecord{1876cb0 1570:system/1000}
04-01 15:52:36.196  1570  1717 V ActivityManager: Broadcast: Intent { act=android.intent.action.PACKAGE_NEEDS_VERIFICATION dat=file:///data/app/vmdl1415784724.tmp typ=application/vnd.android.package-archive flg=0x10000011 cmp=com.android.vending/com.google.android.finsky.verifier.impl.PackageVerificationReceiver (has extras) } ordered=true userid=0 callerApp=ProcessRecord{1876cb0 1570:system/1000}
04-01 15:52:36.269 15732 15732 W ContextImpl: Calling a method in the system process without a qualified user: android.app.ContextImpl.startService:1472 android.content.ContextWrapper.startService:644 android.content.ContextWrapper.startService:644 com.qualcomm.qti.seemp.service.SeempBroadcastReceiver.onReceive:56 android.app.ActivityThread.handleReceiver:3260 
04-01 15:52:36.305  1570  2300 I ActivityManager: Process com.qualcomm.qti.seemp.service:seemp_service (pid 15732) has died: fore SVC 
04-01 15:52:36.577  1570  1717 V ActivityManager: Broadcast: Intent { act=android.intent.action.PACKAGE_VERIFIED dat=file:///data/app/vmdl1415784724.tmp typ=application/vnd.android.package-archive flg=0x11 (has extras) } ordered=false userid=-1 callerApp=ProcessRecord{1876cb0 1570:system/1000}
04-01 15:52:36.578  1570  1717 D PackageManager: installPackageLI: path=/data/app/vmdl1415784724.tmp
04-01 15:52:37.544  1570  1570 V ActivityManager: Broadcast sticky: Intent { act=android.intent.action.BATTERY_CHANGED flg=0x60000010 (has extras) } ordered=false userid=-1 callerApp=null
04-01 15:52:37.847  1570  1614 I ActivityManager: Force stopping com.videothumbnails appid=10319 user=-1: installPackageLI
04-01 15:52:37.847  1570  1717 D PackageManager: replacePackageLI: new=Package{87b737f com.videothumbnails}, old=Package{d8737b1 com.videothumbnails}
04-01 15:52:37.847  1570  1717 D PackageManager: replaceNonSystemPackageLI: new=Package{87b737f com.videothumbnails}, old=Package{d8737b1 com.videothumbnails}
04-01 15:52:37.847  1570  1717 D PackageManager: deletePackageLI: com.videothumbnails user null
04-01 15:52:37.847  1570  1717 D PackageManager: Removing non-system package: com.videothumbnails
04-01 15:52:37.847  1570  1717 D PackageManager: removePackageDataLI: PackageSetting{445f4aa com.videothumbnails/10319}
04-01 15:52:37.847  1570  1614 I ActivityManager: Killing 14920:com.videothumbnails/u0a319 (adj 0): stop com.videothumbnails
04-01 15:52:37.849  1570  1614 W ActivityManager: Force removing ActivityRecord{3e77a75 u0 com.videothumbnails/.MainActivity t15751}: app died, no saved state
04-01 15:52:38.055  1570  1717 I PackageManager: Package com.videothumbnails codePath changed from /data/app/com.videothumbnails-Nzkbg8yXG1ZBJYftLi1I_Q== to /data/app/com.videothumbnails-7zNTpxnzMfUYckXBCb40Dg==; Retaining data and using new
04-01 15:52:38.056  1570  1717 W PackageManager: Code path for com.videothumbnails changing from /data/app/com.videothumbnails-Nzkbg8yXG1ZBJYftLi1I_Q== to /data/app/com.videothumbnails-7zNTpxnzMfUYckXBCb40Dg==
04-01 15:52:38.056  1570  1717 W PackageManager: Resource path for com.videothumbnails changing from /data/app/com.videothumbnails-Nzkbg8yXG1ZBJYftLi1I_Q== to /data/app/com.videothumbnails-7zNTpxnzMfUYckXBCb40Dg==
04-01 15:52:38.066  1570  1668 W ActivityManager: setHasOverlayUi called on unknown pid: 14920
04-01 15:52:38.231  1570  1717 D PackageManager: New package installed in /data/app/com.videothumbnails-7zNTpxnzMfUYckXBCb40Dg==
04-01 15:52:38.239  1570  1615 W Looper  : Dispatch took 391ms on android.ui, h=Handler (com.android.server.am.ActivityManagerService$UiHandler) {9698ca4} cb=null msg=53
04-01 15:52:38.414  1570  8220 V ActivityManager: Broadcast sticky: Intent { act=android.intent.action.SIG_STR flg=0x10 (has extras) } ordered=false userid=-1 callerApp=ProcessRecord{1876cb0 1570:system/1000}
04-01 15:52:38.420  1570  1615 W Looper  : Dispatch took 180ms on android.ui, h=Handler (com.android.server.am.ActivityManagerService$UiHandler) {9698ca4} cb=null msg=31
04-01 15:52:38.423  1570  2359 V ActivityManager: Broadcast: Intent { act=org.codeaurora.action.stk.idle_screen flg=0x10 cmp=com.android.stk/.StkCmdReceiver (has extras) } ordered=false userid=0 callerApp=ProcessRecord{731d13d 5838:com.sonymobile.home/u0a83}
04-01 15:52:38.433  1570  3611 I ActivityManager: Killing 12589:com.android.printspooler/u0a124 (adj 906): empty #17
04-01 15:52:38.674  1570  3611 V ActivityManager: Broadcast: Intent { act=com.google.android.gms.gcm.ACTION_SCHEDULE flg=0x10 pkg=com.google.android.gms (has extras) } ordered=false userid=0 callerApp=ProcessRecord{50174d3 3881:com.google.android.gms.persistent/u0a41}
04-01 15:52:38.684  1570  8220 V ActivityManager: Broadcast: Intent { act=com.google.android.contextmanager.producer.module.DetectedActivityProducer flg=0x10 pkg=com.google.android.gms (has extras) } ordered=true userid=0 callerApp=null
04-01 15:52:38.774  1570  1717 V ActivityManager: Broadcast: Intent { act=android.intent.action.PACKAGE_REMOVED dat=package:com.videothumbnails flg=0x4000010 (has extras) } ordered=false userid=0 callerApp=null
04-01 15:52:38.774  1570  1717 I ActivityManager: Force stopping com.videothumbnails appid=10319 user=0: pkg removed
04-01 15:52:38.804  1570  1614 I ActivityManager: Start proc 15776:com.android.musicfx/u0a49 for broadcast com.android.musicfx/.Compatibility$Receiver
04-01 15:52:38.808  1570  1717 V ActivityManager: Broadcast: Intent { act=android.intent.action.PACKAGE_ADDED dat=package:com.videothumbnails flg=0x4000010 (has extras) } ordered=false userid=0 callerApp=null
04-01 15:52:38.829  1570  1717 V ActivityManager: Broadcast: Intent { act=android.intent.action.PACKAGE_REPLACED dat=package:com.videothumbnails flg=0x4000010 (has extras) } ordered=false userid=0 callerApp=null
04-01 15:52:38.835  1570  3644 W ActivityManager: Permission Denial: Accessing service ComponentInfo{com.google.android.music/com.google.android.music.dial.DialMediaRouteProviderService} from pid=3959, uid=10041 that is not exported from uid 10123
04-01 15:52:38.838  1570  1570 V ActivityManager: Broadcast: Intent { act=android.os.action.POWER_SAVE_TEMP_WHITELIST_CHANGED flg=0x40000010 } ordered=false userid=0 callerApp=ProcessRecord{1876cb0 1570:system/1000}
04-01 15:52:38.869  1570  1570 I ActivityManager: Start proc 15793:com.android.keychain/1000 for service com.android.keychain/.KeyChainService
04-01 15:52:38.873  1570  1717 V ActivityManager: Broadcast: Intent { act=android.intent.action.MY_PACKAGE_REPLACED flg=0x4000010 pkg=com.videothumbnails (has extras) } ordered=false userid=0 callerApp=null
04-01 15:52:38.875  1570  8220 W ActivityManager: Permission Denial: Accessing service ComponentInfo{com.sonyericsson.album/com.sonymobile.somcmediarouter.provider.dlna.DlnaMediaRouteProviderService} from pid=3959, uid=10041 that is not exported from uid 10079
04-01 15:52:38.881  1570  3644 V ActivityManager: Broadcast: Intent { act=com.google.android.contextmanager.producer.module.DetectedActivityProducer flg=0x10 pkg=com.google.android.gms (has extras) } ordered=true userid=0 callerApp=null
04-01 15:52:38.882  1570  8220 W ActivityManager: Permission Denial: Accessing service ComponentInfo{com.sonyericsson.music/com.sonymobile.somcmediarouter.provider.dlna.DlnaMediaRouteProviderService} from pid=3959, uid=10041 that is not exported from uid 10058
04-01 15:52:38.885  1570  8533 W ActivityManager: Permission Denial: Accessing service ComponentInfo{com.google.android.music/com.google.android.music.dial.DialMediaRouteProviderService} from pid=3959, uid=10041 that is not exported from uid 10123
04-01 15:52:38.886  1570  8533 W ActivityManager: Permission Denial: Accessing service ComponentInfo{com.sonyericsson.album/com.sonymobile.somcmediarouter.provider.dlna.DlnaMediaRouteProviderService} from pid=3959, uid=10041 that is not exported from uid 10079
04-01 15:52:38.887  1570  8533 W ActivityManager: Permission Denial: Accessing service ComponentInfo{com.sonyericsson.music/com.sonymobile.somcmediarouter.provider.dlna.DlnaMediaRouteProviderService} from pid=3959, uid=10041 that is not exported from uid 10058
04-01 15:52:38.893  1570  1588 W ActivityManager: Permission Denial: Accessing service ComponentInfo{com.google.android.music/com.google.android.music.dial.DialMediaRouteProviderService} from pid=3959, uid=10041 that is not exported from uid 10123
04-01 15:52:38.893  1570  8533 W ActivityManager: Permission Denial: Accessing service ComponentInfo{com.sonyericsson.album/com.sonymobile.somcmediarouter.provider.dlna.DlnaMediaRouteProviderService} from pid=3959, uid=10041 that is not exported from uid 10079
04-01 15:52:38.894  1570  8533 W ActivityManager: Permission Denial: Accessing service ComponentInfo{com.sonyericsson.music/com.sonymobile.somcmediarouter.provider.dlna.DlnaMediaRouteProviderService} from pid=3959, uid=10041 that is not exported from uid 10058
04-01 15:52:38.944  1570  1588 W BroadcastQueue: Background execution not allowed: receiving Intent { act=android.intent.action.PACKAGE_REMOVED dat=package:com.videothumbnails flg=0x4000010 (has extras) } to com.android.vending/com.google.android.finsky.packagemanager.impl.PackageMonitorReceiverImpl$RegisteredReceiver
04-01 15:52:38.944  1570  1614 W BroadcastQueue: Background execution not allowed: receiving Intent { act=android.intent.action.PACKAGE_REMOVED dat=package:com.videothumbnails flg=0x4000010 (has extras) } to com.android.vending/com.google.android.finsky.instantapps.appmanagement.InstantAppRemoveMonitor
04-01 15:52:38.945  1570  1614 W BroadcastQueue: Background execution not allowed: receiving Intent { act=android.intent.action.PACKAGE_REMOVED dat=package:com.videothumbnails flg=0x4000010 (has extras) } to com.facebook.katana/com.facebook.feed.platformads.AppInstallReceiver
04-01 15:52:38.945  1570  1614 W BroadcastQueue: Background execution not allowed: receiving Intent { act=android.intent.action.PACKAGE_REMOVED dat=package:com.videothumbnails flg=0x4000010 (has extras) } to com.facebook.katana/com.facebook.games.packagecontroller.PackageChangeReceiver
04-01 15:52:38.945  1570  1614 W BroadcastQueue: Background execution not allowed: receiving Intent { act=android.intent.action.PACKAGE_REMOVED dat=package:com.videothumbnails flg=0x4000010 (has extras) } to com.facebook.services/com.facebook.oxygen.services.fbns.RegisteredMqttSystemBroadcastReceiver
04-01 15:52:38.945  1570  1614 W BroadcastQueue: Background execution not allowed: receiving Intent { act=android.intent.action.PACKAGE_REMOVED dat=package:com.videothumbnails flg=0x4000010 (has extras) } to com.google.android.gms/.games.chimera.GamesSystemBroadcastReceiverProxy
04-01 15:52:38.945  1570  1614 W BroadcastQueue: Background execution not allowed: receiving Intent { act=android.intent.action.PACKAGE_REMOVED dat=package:com.videothumbnails flg=0x4000010 (has extras) } to com.google.android.gms/.photos.autobackup.PhotosAppUninstalledReceiver
04-01 15:52:38.946  1570  1614 W BroadcastQueue: Background execution not allowed: receiving Intent { act=android.intent.action.PACKAGE_REMOVED dat=package:com.videothumbnails flg=0x4000010 (has extras) } to com.google.android.gms/.chimera.GmsIntentOperationService$PersistentTrustedReceiver
04-01 15:52:38.948  1570  1614 W BroadcastQueue: Background execution not allowed: receiving Intent { act=android.intent.action.PACKAGE_REMOVED dat=package:com.videothumbnails flg=0x4000010 (has extras) } to com.google.android.googlequicksearchbox/com.google.android.apps.gsa.googlequicksearchbox.GelStubAppWatcher
04-01 15:52:38.948  1570  1614 W BroadcastQueue: Background execution not allowed: receiving Intent { act=android.intent.action.PACKAGE_REMOVED dat=package:com.videothumbnails flg=0x4000010 (has extras) } to com.sonyericsson.updatecenter/.update.ApplicationRemovedReceiver
04-01 15:52:38.973  1570  6567 W BroadcastQueue: Background execution not allowed: receiving Intent { act=android.intent.action.PACKAGE_REMOVED dat=package:com.videothumbnails flg=0x4000010 (has extras) } to com.sonymobile.xperiaservices/.receiver.PackageReceiver
04-01 15:52:38.986  1570  5879 W BroadcastQueue: Background execution not allowed: receiving Intent { act=android.intent.action.PACKAGE_ADDED dat=package:com.videothumbnails flg=0x4000010 (has extras) } to com.android.vending/com.google.android.finsky.packagemanager.impl.PackageMonitorReceiverImpl$RegisteredReceiver
04-01 15:52:38.987  1570  1614 W BroadcastQueue: Background execution not allowed: receiving Intent { act=android.intent.action.PACKAGE_ADDED dat=package:com.videothumbnails flg=0x4000010 (has extras) } to com.facebook.appmanager/com.facebook.oxygen.common.packages.event.manifest.ManifestPackageEventReceiver
04-01 15:52:38.988  1570  1614 W BroadcastQueue: Background execution not allowed: receiving Intent { act=android.intent.action.PACKAGE_ADDED dat=package:com.videothumbnails flg=0x4000010 (has extras) } to com.facebook.katana/com.facebook.feed.platformads.AppInstallReceiver
04-01 15:52:38.988  1570  1614 W BroadcastQueue: Background execution not allowed: receiving Intent { act=android.intent.action.PACKAGE_ADDED dat=package:com.videothumbnails flg=0x4000010 (has extras) } to com.facebook.katana/com.facebook.games.packagecontroller.PackageChangeReceiver
04-01 15:52:38.989  1570  1614 W BroadcastQueue: Background execution not allowed: receiving Intent { act=android.intent.action.PACKAGE_ADDED dat=package:com.videothumbnails flg=0x4000010 (has extras) } to com.google.android.gms/.games.chimera.GamesSystemBroadcastReceiverProxy
04-01 15:52:38.991  1570  1614 W BroadcastQueue: Background execution not allowed: receiving Intent { act=android.intent.action.PACKAGE_ADDED dat=package:com.videothumbnails flg=0x4000010 (has extras) } to com.google.android.gms/.gass.chimera.PackageChangeBroadcastReceiver
04-01 15:52:38.993  1570  1614 W BroadcastQueue: Background execution not allowed: receiving Intent { act=android.intent.action.PACKAGE_ADDED dat=package:com.videothumbnails flg=0x4000010 (has extras) } to com.google.android.gms/.chimera.GmsIntentOperationService$PersistentTrustedReceiver
04-01 15:52:38.993  1570  1614 W BroadcastQueue: Background execution not allowed: receiving Intent { act=android.intent.action.PACKAGE_ADDED dat=package:com.videothumbnails flg=0x4000010 (has extras) } to com.google.android.googlequicksearchbox/com.google.android.apps.gsa.googlequicksearchbox.GelStubAppWatcher
04-01 15:52:38.994  1570  1614 W BroadcastQueue: Background execution not allowed: receiving Intent { act=android.intent.action.PACKAGE_ADDED dat=package:com.videothumbnails flg=0x4000010 (has extras) } to com.google.android.ims/.receivers.RcsAutoStartReceiver
04-01 15:52:38.994  1570  1614 W BroadcastQueue: Background execution not allowed: receiving Intent { act=android.intent.action.PACKAGE_ADDED dat=package:com.videothumbnails flg=0x4000010 (has extras) } to com.sonyericsson.updatecenter/.update.ApplicationInstalledReceiver
04-01 15:52:39.064  1570  2300 V ActivityManager: Broadcast: Intent { act=com.google.android.gms.icing.IME_NOTIFICATION flg=0x10 pkg=com.google.android.inputmethod.pinyin (has extras) } ordered=false userid=0 callerApp=ProcessRecord{46ef56c 3959:com.google.android.gms/u0a41}
04-01 15:52:39.065  1570  4156 V ActivityManager: Broadcast: Intent { act=com.google.android.gms.icing.IME_NOTIFICATION flg=0x10 pkg=com.google.android.apps.inputmethod.hindi (has extras) } ordered=false userid=0 callerApp=ProcessRecord{46ef56c 3959:com.google.android.gms/u0a41}
04-01 15:52:39.067  1570  5879 V ActivityManager: Broadcast: Intent { act=com.google.android.vending.verifier.ACTION_CHECK_VERIFY_INSTALL flg=0x10 pkg=com.android.vending (has extras) } ordered=false userid=0 callerApp=ProcessRecord{46ef56c 3959:com.google.android.gms/u0a41}
04-01 15:52:39.068  1570  8533 V ActivityManager: Broadcast: Intent { act=com.google.android.gms.icing.IME_NOTIFICATION flg=0x10 pkg=com.google.android.apps.inputmethod.zhuyin (has extras) } ordered=false userid=0 callerApp=ProcessRecord{46ef56c 3959:com.google.android.gms/u0a41}
04-01 15:52:39.084  1570  5879 I ActivityManager: Start proc 15841:com.sonymobile.runtimeskinning.picker/u0a160 for broadcast com.sonymobile.runtimeskinning.picker/.receiver.PackageAddedReceiver
04-01 15:52:39.085  1570  8533 V ActivityManager: Broadcast: Intent { act=com.google.android.gms.icing.IME_NOTIFICATION flg=0x10 pkg=com.google.android.inputmethod.latin.canary (has extras) } ordered=false userid=0 callerApp=ProcessRecord{46ef56c 3959:com.google.android.gms/u0a41}
04-01 15:52:39.086  1570  8533 V ActivityManager: Broadcast: Intent { act=com.google.android.gms.icing.IME_NOTIFICATION flg=0x10 pkg=com.android.inputmethod.latin (has extras) } ordered=false userid=0 callerApp=ProcessRecord{46ef56c 3959:com.google.android.gms/u0a41}
04-01 15:52:39.088  1570  5879 I ActivityManager: Killing 12982:com.sonymobile.rcahandler/1000 (adj 906): empty #17
04-01 15:52:39.090  1570  2359 V ActivityManager: Broadcast: Intent { act=com.google.android.gms.icing.IME_NOTIFICATION flg=0x10 pkg=com.google.android.inputmethod.japanese (has extras) } ordered=false userid=0 callerApp=ProcessRecord{46ef56c 3959:com.google.android.gms/u0a41}
04-01 15:52:39.092  1570  2359 V ActivityManager: Broadcast: Intent { act=com.google.android.gms.icing.IME_NOTIFICATION flg=0x10 pkg=com.google.android.inputmethod.latin (has extras) } ordered=false userid=0 callerApp=ProcessRecord{46ef56c 3959:com.google.android.gms/u0a41}
04-01 15:52:39.093  1570  1587 V ActivityManager: Broadcast: Intent { act=com.google.android.contextmanager.producer.module.DetectedActivityProducer flg=0x10 pkg=com.google.android.gms (has extras) } ordered=true userid=0 callerApp=null
04-01 15:52:39.095  1570  1587 I ActivityManager: Killing 12972:com.sonyericsson.crashmonitor/1000 (adj 906): empty #17
04-01 15:52:39.098  1570  5879 V ActivityManager: Broadcast: Intent { act=com.google.android.gms.icing.IME_NOTIFICATION flg=0x10 pkg=com.google.android.inputmethod.latin.dev (has extras) } ordered=false userid=0 callerApp=ProcessRecord{46ef56c 3959:com.google.android.gms/u0a41}
04-01 15:52:39.099  1570  5879 V ActivityManager: Broadcast: Intent { act=com.google.android.gms.icing.IME_NOTIFICATION flg=0x10 pkg=com.google.android.inputmethod.korean (has extras) } ordered=false userid=0 callerApp=ProcessRecord{46ef56c 3959:com.google.android.gms/u0a41}
04-01 15:52:39.101  1570  5879 V ActivityManager: Broadcast: Intent { act=com.google.android.gms.icing.IME_NOTIFICATION flg=0x10 pkg=com.google.android.apps.inputmethod.cantonese (has extras) } ordered=false userid=0 callerApp=ProcessRecord{46ef56c 3959:com.google.android.gms/u0a41}
04-01 15:52:39.102  1570  6567 V ActivityManager: Broadcast: Intent { act=com.google.android.gms.icing.IME_NOTIFICATION flg=0x10 pkg=com.google.android.inputmethod.pinyin (has extras) } ordered=false userid=0 callerApp=ProcessRecord{46ef56c 3959:com.google.android.gms/u0a41}
04-01 15:52:39.104  1570  1587 V ActivityManager: Broadcast: Intent { act=com.google.android.gms.icing.IME_NOTIFICATION flg=0x10 pkg=com.google.android.apps.inputmethod.hindi (has extras) } ordered=false userid=0 callerApp=ProcessRecord{46ef56c 3959:com.google.android.gms/u0a41}
04-01 15:52:39.107  1570  2359 V ActivityManager: Broadcast: Intent { act=com.google.android.gms.icing.IME_NOTIFICATION flg=0x10 pkg=com.google.android.apps.inputmethod.zhuyin (has extras) } ordered=false userid=0 callerApp=ProcessRecord{46ef56c 3959:com.google.android.gms/u0a41}
04-01 15:52:39.108  1570  2359 V ActivityManager: Broadcast: Intent { act=com.google.android.gms.icing.IME_NOTIFICATION flg=0x10 pkg=com.google.android.inputmethod.latin.canary (has extras) } ordered=false userid=0 callerApp=ProcessRecord{46ef56c 3959:com.google.android.gms/u0a41}
04-01 15:52:39.109  1570  2359 V ActivityManager: Broadcast: Intent { act=com.google.android.gms.icing.IME_NOTIFICATION flg=0x10 pkg=com.android.inputmethod.latin (has extras) } ordered=false userid=0 callerApp=ProcessRecord{46ef56c 3959:com.google.android.gms/u0a41}
04-01 15:52:39.110  1570  5879 V ActivityManager: Broadcast: Intent { act=com.google.android.gms.icing.IME_NOTIFICATION flg=0x10 pkg=com.google.android.inputmethod.japanese (has extras) } ordered=false userid=0 callerApp=ProcessRecord{46ef56c 3959:com.google.android.gms/u0a41}
04-01 15:52:39.112  1570  5879 V ActivityManager: Broadcast: Intent { act=com.google.android.gms.icing.IME_NOTIFICATION flg=0x10 pkg=com.google.android.inputmethod.latin (has extras) } ordered=false userid=0 callerApp=ProcessRecord{46ef56c 3959:com.google.android.gms/u0a41}
04-01 15:52:39.114  1570  1587 V ActivityManager: Broadcast: Intent { act=com.google.android.gms.icing.IME_NOTIFICATION flg=0x10 pkg=com.google.android.inputmethod.latin.dev (has extras) } ordered=false userid=0 callerApp=ProcessRecord{46ef56c 3959:com.google.android.gms/u0a41}
04-01 15:52:39.136  1570  1587 V ActivityManager: Broadcast: Intent { act=com.google.android.gms.icing.IME_NOTIFICATION flg=0x10 pkg=com.google.android.inputmethod.korean (has extras) } ordered=false userid=0 callerApp=ProcessRecord{46ef56c 3959:com.google.android.gms/u0a41}
04-01 15:52:39.148  1570  2359 V ActivityManager: Broadcast: Intent { act=com.google.android.gms.icing.IME_NOTIFICATION flg=0x10 pkg=com.google.android.apps.inputmethod.cantonese (has extras) } ordered=false userid=0 callerApp=ProcessRecord{46ef56c 3959:com.google.android.gms/u0a41}
04-01 15:52:39.151  1570  1587 V ActivityManager: Broadcast: Intent { act=com.google.android.places.signals.action.activity_recognition flg=0x10 pkg=com.google.android.gms (has extras) } ordered=true userid=0 callerApp=null
04-01 15:52:39.152  1570  2359 V ActivityManager: Broadcast: Intent { act=com.google.android.gms.icing.IME_NOTIFICATION flg=0x10 pkg=com.google.android.inputmethod.pinyin (has extras) } ordered=false userid=0 callerApp=ProcessRecord{46ef56c 3959:com.google.android.gms/u0a41}
04-01 15:52:39.152  1570  2300 V ActivityManager: Broadcast: Intent { act=com.google.android.gms.icing.IME_NOTIFICATION flg=0x10 pkg=com.google.android.apps.inputmethod.hindi (has extras) } ordered=false userid=0 callerApp=ProcessRecord{46ef56c 3959:com.google.android.gms/u0a41}
04-01 15:52:39.155  1570  1587 V ActivityManager: Broadcast: Intent { act=com.google.android.gms.icing.IME_NOTIFICATION flg=0x10 pkg=com.google.android.apps.inputmethod.zhuyin (has extras) } ordered=false userid=0 callerApp=ProcessRecord{46ef56c 3959:com.google.android.gms/u0a41}
04-01 15:52:39.159  1570  1588 V ActivityManager: Broadcast: Intent { act=com.google.android.gms.icing.IME_NOTIFICATION flg=0x10 pkg=com.google.android.inputmethod.latin.canary (has extras) } ordered=false userid=0 callerApp=ProcessRecord{46ef56c 3959:com.google.android.gms/u0a41}
04-01 15:52:39.160  1570  1588 V ActivityManager: Broadcast: Intent { act=com.google.android.gms.icing.IME_NOTIFICATION flg=0x10 pkg=com.android.inputmethod.latin (has extras) } ordered=false userid=0 callerApp=ProcessRecord{46ef56c 3959:com.google.android.gms/u0a41}
04-01 15:52:39.160  1570  1588 V ActivityManager: Broadcast: Intent { act=com.google.android.gms.icing.IME_NOTIFICATION flg=0x10 pkg=com.google.android.inputmethod.japanese (has extras) } ordered=false userid=0 callerApp=ProcessRecord{46ef56c 3959:com.google.android.gms/u0a41}
04-01 15:52:39.161  1570  1588 V ActivityManager: Broadcast: Intent { act=com.google.android.gms.icing.IME_NOTIFICATION flg=0x10 pkg=com.google.android.inputmethod.latin (has extras) } ordered=false userid=0 callerApp=ProcessRecord{46ef56c 3959:com.google.android.gms/u0a41}
04-01 15:52:39.163  1570  1587 V ActivityManager: Broadcast: Intent { act=com.google.android.gms.icing.IME_NOTIFICATION flg=0x10 pkg=com.google.android.inputmethod.latin.dev (has extras) } ordered=false userid=0 callerApp=ProcessRecord{46ef56c 3959:com.google.android.gms/u0a41}
04-01 15:52:39.169  1570  1588 V ActivityManager: Broadcast: Intent { act=com.google.android.gms.icing.IME_NOTIFICATION flg=0x10 pkg=com.google.android.inputmethod.korean (has extras) } ordered=false userid=0 callerApp=ProcessRecord{46ef56c 3959:com.google.android.gms/u0a41}
04-01 15:52:39.170  1570  1588 V ActivityManager: Broadcast: Intent { act=com.google.android.gms.icing.IME_NOTIFICATION flg=0x10 pkg=com.google.android.apps.inputmethod.cantonese (has extras) } ordered=false userid=0 callerApp=ProcessRecord{46ef56c 3959:com.google.android.gms/u0a41}
04-01 15:52:39.172  1570  1588 V ActivityManager: Broadcast: Intent { act=com.google.android.gms.icing.IME_NOTIFICATION flg=0x10 pkg=com.google.android.inputmethod.pinyin (has extras) } ordered=false userid=0 callerApp=ProcessRecord{46ef56c 3959:com.google.android.gms/u0a41}
04-01 15:52:39.174  1570  4156 V ActivityManager: Broadcast: Intent { act=com.google.android.gms.icing.IME_NOTIFICATION flg=0x10 pkg=com.google.android.apps.inputmethod.hindi (has extras) } ordered=false userid=0 callerApp=ProcessRecord{46ef56c 3959:com.google.android.gms/u0a41}
04-01 15:52:39.175  1570  4156 V ActivityManager: Broadcast: Intent { act=com.google.android.gms.icing.IME_NOTIFICATION flg=0x10 pkg=com.google.android.apps.inputmethod.zhuyin (has extras) } ordered=false userid=0 callerApp=ProcessRecord{46ef56c 3959:com.google.android.gms/u0a41}
04-01 15:52:39.177  1570  4156 V ActivityManager: Broadcast: Intent { act=com.google.android.gms.icing.IME_NOTIFICATION flg=0x10 pkg=com.google.android.inputmethod.latin.canary (has extras) } ordered=false userid=0 callerApp=ProcessRecord{46ef56c 3959:com.google.android.gms/u0a41}
04-01 15:52:39.177  1570  1588 V ActivityManager: Broadcast: Intent { act=com.google.android.gms.icing.IME_NOTIFICATION flg=0x10 pkg=com.android.inputmethod.latin (has extras) } ordered=false userid=0 callerApp=ProcessRecord{46ef56c 3959:com.google.android.gms/u0a41}
04-01 15:52:39.178  1570  2360 V ActivityManager: Broadcast: Intent { act=com.google.android.gms.icing.IME_NOTIFICATION flg=0x10 pkg=com.google.android.inputmethod.japanese (has extras) } ordered=false userid=0 callerApp=ProcessRecord{46ef56c 3959:com.google.android.gms/u0a41}
04-01 15:52:39.178  1570  1588 V ActivityManager: Broadcast: Intent { act=com.google.android.gms.icing.IME_NOTIFICATION flg=0x10 pkg=com.google.android.inputmethod.latin (has extras) } ordered=false userid=0 callerApp=ProcessRecord{46ef56c 3959:com.google.android.gms/u0a41}
04-01 15:52:39.180  1570  2300 V ActivityManager: Broadcast: Intent { act=com.google.android.gms.icing.IME_NOTIFICATION flg=0x10 pkg=com.google.android.inputmethod.latin.dev (has extras) } ordered=false userid=0 callerApp=ProcessRecord{46ef56c 3959:com.google.android.gms/u0a41}
04-01 15:52:39.182  1570  2300 V ActivityManager: Broadcast: Intent { act=com.google.android.gms.icing.IME_NOTIFICATION flg=0x10 pkg=com.google.android.inputmethod.korean (has extras) } ordered=false userid=0 callerApp=ProcessRecord{46ef56c 3959:com.google.android.gms/u0a41}
04-01 15:52:39.183  1570  2300 V ActivityManager: Broadcast: Intent { act=com.google.android.gms.icing.IME_NOTIFICATION flg=0x10 pkg=com.google.android.apps.inputmethod.cantonese (has extras) } ordered=false userid=0 callerApp=ProcessRecord{46ef56c 3959:com.google.android.gms/u0a41}
04-01 15:52:39.364  1570  2300 W BroadcastQueue: Background execution not allowed: receiving Intent { act=android.intent.action.PACKAGE_REPLACED dat=package:com.videothumbnails flg=0x4000010 (has extras) } to com.facebook.appmanager/com.facebook.oxygen.common.packages.event.manifest.ManifestPackageEventReceiver
04-01 15:52:39.365  1570  1614 W BroadcastQueue: Background execution not allowed: receiving Intent { act=android.intent.action.PACKAGE_REPLACED dat=package:com.videothumbnails flg=0x4000010 (has extras) } to com.facebook.katana/com.facebook.games.packagecontroller.PackageChangeReceiver
04-01 15:52:39.365  1570  1614 W BroadcastQueue: Background execution not allowed: receiving Intent { act=android.intent.action.PACKAGE_REPLACED dat=package:com.videothumbnails flg=0x4000010 (has extras) } to com.google.android.apps.photos/.account.full.FetchAccountPropertiesAppUpgradeBroadcastReceiver
04-01 15:52:39.365  1570  1614 W BroadcastQueue: Background execution not allowed: receiving Intent { act=android.intent.action.PACKAGE_REPLACED dat=package:com.videothumbnails flg=0x4000010 (has extras) } to com.google.android.apps.photos/.account.full.SyncAccountsForLoginBroadcastReceiver
04-01 15:52:39.365  1570  1614 W BroadcastQueue: Background execution not allowed: receiving Intent { act=android.intent.action.PACKAGE_REPLACED dat=package:com.videothumbnails flg=0x4000010 (has extras) } to com.google.android.apps.photos/.experiments.phenotype.full.PhenotypeAppUpgradeBroadcastReceiver
04-01 15:52:39.365  1570  1614 W BroadcastQueue: Background execution not allowed: receiving Intent { act=android.intent.action.PACKAGE_REPLACED dat=package:com.videothumbnails flg=0x4000010 (has extras) } to com.google.android.apps.photos/.notificationchannels.AppUpdateBroadcastReceiver
04-01 15:52:39.365  1570  1614 W BroadcastQueue: Background execution not allowed: receiving Intent { act=android.intent.action.PACKAGE_REPLACED dat=package:com.videothumbnails flg=0x4000010 (has extras) } to com.google.android.gms/.gass.chimera.PackageChangeBroadcastReceiver
04-01 15:52:39.365  1570  1614 W BroadcastQueue: Background execution not allowed: receiving Intent { act=android.intent.action.PACKAGE_REPLACED dat=package:com.videothumbnails flg=0x4000010 (has extras) } to com.google.android.gms/.chimera.GmsIntentOperationService$PersistentTrustedReceiver
04-01 15:52:39.365  1570  1614 W BroadcastQueue: Background execution not allowed: receiving Intent { act=android.intent.action.PACKAGE_REPLACED dat=package:com.videothumbnails flg=0x4000010 (has extras) } to com.google.android.googlequicksearchbox/com.google.android.apps.gsa.googlequicksearchbox.GelStubAppWatcher
04-01 15:52:39.365  1570  1614 W BroadcastQueue: Background execution not allowed: receiving Intent { act=android.intent.action.PACKAGE_REPLACED dat=package:com.videothumbnails flg=0x4000010 (has extras) } to com.google.android.ims/.receivers.RcsAutoStartReceiver
04-01 15:52:39.377  1570  5879 I ActivityManager: Killing 10910:com.android.chrome:sandboxed_process0/u0a176i217 (adj 906): empty #17
04-01 15:52:39.391  1570  5879 W ActivityManager: Scheduling restart of crashed service com.citynav.jakdojade.pl.android/org.chromium.content.app.SandboxedProcessService0 in 1000ms
04-01 15:52:39.500  1570  1613 V ActivityManager: Broadcast: Intent { act=android.search.action.SEARCHABLES_CHANGED flg=0x24000010 } ordered=false userid=0 callerApp=ProcessRecord{1876cb0 1570:system/1000}
04-01 15:52:39.507  1570  1613 V ActivityManager: Broadcast: Intent { act=android.search.action.SEARCHABLES_CHANGED flg=0x24000010 } ordered=false userid=0 callerApp=ProcessRecord{1876cb0 1570:system/1000}
04-01 15:52:39.522  1570  1613 I ActivityManager: Start proc 15863:com.android.printspooler/u0a124 for service com.android.printspooler/.model.PrintSpoolerService
04-01 15:52:39.559  1570  2359 I ActivityManager: START u0 {flg=0x10000000 cmp=com.videothumbnails/.MainActivity} from uid 2000
04-01 15:52:39.595  1570  1588 I ActivityManager: Start proc 15884:com.videothumbnails/u0a319 for activity com.videothumbnails/.MainActivity
04-01 15:52:39.633  1570  1570 I Telecom : DefaultDialerCache: Refreshing default dialer for user 0: now com.vladlee.easyblacklist: DDC.oR@E7A
04-01 15:52:40.051  1570  2300 V ActivityManager: Broadcast: Intent { act=android.gms.contextmanager.PLACE_UPDATES flg=0x10 pkg=com.google.android.gms (has extras) } ordered=false userid=0 callerApp=null
04-01 15:52:42.492  1570  1570 V ActivityManager: Broadcast sticky: Intent { act=android.intent.action.BATTERY_CHANGED flg=0x60000010 (has extras) } ordered=false userid=-1 callerApp=null
04-01 15:52:44.672  1570  5879 V ActivityManager: Broadcast: Intent { act=com.google.android.contextmanager.producer.module.DetectedActivityProducer flg=0x10 pkg=com.google.android.gms (has extras) } ordered=true userid=0 callerApp=null
04-01 15:52:44.691  1570  2300 V ActivityManager: Broadcast: Intent { act=com.google.android.places.signals.action.activity_recognition flg=0x10 pkg=com.google.android.gms (has extras) } ordered=true userid=0 callerApp=null
04-01 15:52:44.708  1570  2300 I ActivityManager: Killing 10754:com.citynav.jakdojade.pl.android/u0a176 (adj 906): empty #17
04-01 15:52:44.746  1570  4156 D ConnectivityService: ConnectivityService NetworkRequestInfo binderDied(NetworkRequest [ LISTEN id=571, [ Capabilities: INTERNET&NOT_RESTRICTED&TRUSTED&FOREGROUND] ], android.os.BinderProxy@6ab53fd)
04-01 15:52:44.746  1570  2150 E ConnectivityService: RemoteException caught trying to send a callback msg for NetworkRequest [ LISTEN id=571, [ Capabilities: INTERNET&NOT_RESTRICTED&TRUSTED&FOREGROUND] ]
04-01 15:52:44.765  1570  3656 V ActivityManager: Broadcast: Intent { act=com.google.android.gms.gcm.ACTION_SCHEDULE flg=0x10 pkg=com.google.android.gms (has extras) } ordered=false userid=0 callerApp=ProcessRecord{50174d3 3881:com.google.android.gms.persistent/u0a41}
04-01 15:52:44.803  1570  3656 I ActivityManager: START u0 {act=android.intent.action.GET_CONTENT typ=video/* cmp=com.android.documentsui/.picker.PickActivity} from uid 10319
04-01 15:52:45.052  1570  1570 V ActivityManager: Broadcast sticky: Intent { act=android.intent.action.BATTERY_CHANGED flg=0x60000010 (has extras) } ordered=false userid=-1 callerApp=null
04-01 15:52:46.661  1570  2113 W ContextImpl: Calling a method in the system process without a qualified user: android.app.ContextImpl.sendBroadcast:962 com.android.server.BatteryService$1.ExecuteThermalCamera:285 com.android.server.BatteryService$1.run:393 android.os.Handler.handleCallback:789 android.os.Handler.dispatchMessage:98 
04-01 15:52:46.662  1570  2113 V ActivityManager: Broadcast: Intent { act=com.sonyericsson.psm.action.CAMERA_COOLED_DOWN_NORMAL flg=0x10 } ordered=false userid=0 callerApp=ProcessRecord{1876cb0 1570:system/1000}
04-01 15:52:46.890  1570  1570 V ActivityManager: Broadcast sticky: Intent { act=android.intent.action.BATTERY_CHANGED flg=0x60000010 (has extras) } ordered=false userid=-1 callerApp=null
04-01 15:52:46.938  1570 10171 I ActivityManager: Start proc 15965:com.android.chrome/u0a99 for activity: rah
04-01 15:52:47.902  1570  1699 D AutomaticBrightnessController: DOWN updateAutoBrightness: value_down=0.022732165, value_mid=0.11439211, mScreenAutoBrightnessAdjustment=-0.51171875, value=0.067488
04-01 15:52:51.225  1570  1613 V ActivityManager: Broadcast: Intent { act=android.os.action.POWER_SAVE_TEMP_WHITELIST_CHANGED flg=0x40000010 } ordered=false userid=0 callerApp=ProcessRecord{1876cb0 1570:system/1000}
04-01 15:52:51.876  1570  1570 V ActivityManager: Broadcast sticky: Intent { act=android.intent.action.BATTERY_CHANGED flg=0x60000010 (has extras) } ordered=false userid=-1 callerApp=null
04-01 15:52:52.758  1570  1570 I chatty  : uid=1000 system_server identical 1 line
04-01 15:52:53.865  1570  1570 V ActivityManager: Broadcast sticky: Intent { act=android.intent.action.BATTERY_CHANGED flg=0x60000010 (has extras) } ordered=false userid=-1 callerApp=null
04-01 15:52:55.134  1570  6567 V ActivityManager: Broadcast sticky: Intent { act=android.intent.action.SIG_STR flg=0x10 (has extras) } ordered=false userid=-1 callerApp=ProcessRecord{1876cb0 1570:system/1000}
04-01 15:52:55.209  1570  1699 D AutomaticBrightnessController: DOWN updateAutoBrightness: value_down=0.039778482, value_mid=0.14187141, mScreenAutoBrightnessAdjustment=-0.51171875, value=0.08962855
04-01 15:53:00.000  1570  2121 V ActivityManager: Broadcast: Intent { act=android.intent.action.TIME_TICK flg=0x50200014 (has extras) } ordered=true userid=-1 callerApp=null
04-01 15:53:00.730  1570  2121 V ActivityManager: Broadcast: Intent { flg=0x14 cmp=com.google.android.gms/.lockbox.LockboxAlarmReceiver (has extras) } ordered=true userid=0 callerApp=null
04-01 15:53:00.765  1570  1570 I ActivityManager: Start proc 16003:com.citynav.jakdojade.pl.android/u0a176 for service com.citynav.jakdojade.pl.android/com.cluify.shadow.com.evernote.android.job.v21.PlatformJobService
04-01 15:53:00.845  1570  1570 V ActivityManager: Broadcast sticky: Intent { act=android.intent.action.BATTERY_CHANGED flg=0x60000010 (has extras) } ordered=false userid=-1 callerApp=null
04-01 15:53:01.026  1570  3620 I ActivityManager: Start proc 16039:com.facebook.katana/u0a144 for content provider com.facebook.katana/com.facebook.platform.common.provider.PlatformProviderBase
04-01 15:53:01.726  1570  3656 I ActivityManager: Start proc 16107:com.android.chrome:sandboxed_process0/u0i218 for webview_service com.citynav.jakdojade.pl.android/org.chromium.content.app.SandboxedProcessService0
--------- beginning of main
04-01 15:53:06.186 16039 16162 W zygote  : !bang JNI is deprecated. Switch to @FastNative for int com.facebook.yoga.YogaNodeJNI.jni_YGNodeGetInstanceCount()
04-01 15:53:06.186 16039 16162 W zygote  : !bang JNI is deprecated. Switch to @FastNative for void com.facebook.yoga.YogaNodeJNI.jni_YGNodePrint(long)
04-01 15:53:06.187 16039 16162 W zygote  : !bang JNI is deprecated. Switch to @FastNative for void com.facebook.yoga.YogaSetup.jni_enableFacebookInstrumentation(long)
04-01 15:53:06.187 16039 16162 W zygote  : !bang JNI is deprecated. Switch to @FastNative for void com.facebook.yoga.YogaSetup.setMeasureCacheSize(int)
04-01 15:53:06.189 16039 16039 I LoadedApk: No resource references to update in package com.facebook.katana
04-01 15:53:06.189 16039 16039 I LoadedApk: No resource references to update in package com.facebook.katana
04-01 15:53:06.231 16039 16062 W ResourceType: For resource 0x7f110b48, entry index(2888) is beyond type entryCount(132)
04-01 15:53:06.231 16039 16062 W ResourceType: Failure getting entry for 0x7f110b48 (t=16 e=2888) (error -75)
04-01 15:53:06.231 16039 16062 E GooglePlayServicesUtil: The Google Play services resources were not found. Check your project configuration to ensure that the resources are included.
04-01 15:53:06.266 16039 16062 W ResourceType: For resource 0x7f110b48, entry index(2888) is beyond type entryCount(132)
04-01 15:53:06.266 16039 16062 W ResourceType: Failure getting entry for 0x7f110b48 (t=16 e=2888) (error -75)
04-01 15:53:06.266 16039 16062 E GooglePlayServicesUtil: The Google Play services resources were not found. Check your project configuration to ensure that the resources are included.
04-01 15:53:06.284 16039 16060 W ResourceType: For resource 0x7f110b48, entry index(2888) is beyond type entryCount(132)
04-01 15:53:06.284 16039 16060 W ResourceType: Failure getting entry for 0x7f110b48 (t=16 e=2888) (error -75)
04-01 15:53:06.285 16039 16060 E GooglePlayServicesUtil: The Google Play services resources were not found. Check your project configuration to ensure that the resources are included.
04-01 15:53:06.295 16039 16060 W ResourceType: For resource 0x7f110b48, entry index(2888) is beyond type entryCount(132)
04-01 15:53:06.295 16039 16060 W ResourceType: Failure getting entry for 0x7f110b48 (t=16 e=2888) (error -75)
04-01 15:53:06.295 16039 16060 E GooglePlayServicesUtil: The Google Play services resources were not found. Check your project configuration to ensure that the resources are included.
04-01 15:53:06.310 16039 16063 W ResourceType: For resource 0x7f110b48, entry index(2888) is beyond type entryCount(132)
04-01 15:53:06.310 16039 16063 W ResourceType: Failure getting entry for 0x7f110b48 (t=16 e=2888) (error -75)
04-01 15:53:06.310 16039 16063 E GooglePlayServicesUtil: The Google Play services resources were not found. Check your project configuration to ensure that the resources are included.
04-01 15:53:06.314 16039 16063 W ResourceType: For resource 0x7f110b48, entry index(2888) is beyond type entryCount(132)
04-01 15:53:06.314 16039 16063 W ResourceType: Failure getting entry for 0x7f110b48 (t=16 e=2888) (error -75)
04-01 15:53:06.314 16039 16063 E GooglePlayServicesUtil: The Google Play services resources were not found. Check your project configuration to ensure that the resources are included.
04-01 15:53:06.331 16039 16173 W ResourceType: For resource 0x7f110b48, entry index(2888) is beyond type entryCount(132)
04-01 15:53:06.331 16039 16173 W ResourceType: Failure getting entry for 0x7f110b48 (t=16 e=2888) (error -75)
04-01 15:53:06.332 16039 16173 E GooglePlayServicesUtil: The Google Play services resources were not found. Check your project configuration to ensure that the resources are included.
04-01 15:53:06.336 16039 16173 W ResourceType: For resource 0x7f110b48, entry index(2888) is beyond type entryCount(132)
04-01 15:53:06.336 16039 16173 W ResourceType: Failure getting entry for 0x7f110b48 (t=16 e=2888) (error -75)
04-01 15:53:06.336 16039 16173 E GooglePlayServicesUtil: The Google Play services resources were not found. Check your project configuration to ensure that the resources are included.
04-01 15:53:06.529 16039 16045 I zygote  : Do partial code cache collection, code=16KB, data=31KB
04-01 15:53:06.529 16039 16045 I zygote  : After code cache collection, code=16KB, data=31KB
04-01 15:53:06.529 16039 16045 I zygote  : Increasing code cache capacity to 128KB
04-01 15:53:06.577 16003 16196 W ResourceType: Invalid package identifier when getting bag for resource number 0x00000000
04-01 15:53:06.678  1570  2113 W ContextImpl: Calling a method in the system process without a qualified user: android.app.ContextImpl.sendBroadcast:962 com.android.server.BatteryService$1.ExecuteThermalCamera:285 com.android.server.BatteryService$1.run:393 android.os.Handler.handleCallback:789 android.os.Handler.dispatchMessage:98 
04-01 15:53:06.679  1570  2113 V ActivityManager: Broadcast: Intent { act=com.sonyericsson.psm.action.CAMERA_COOLED_DOWN_NORMAL flg=0x10 } ordered=false userid=0 callerApp=ProcessRecord{1876cb0 1570:system/1000}
04-01 15:53:06.747  1570  3611 V ActivityManager: Broadcast: Intent { act=com.facebook.profilo.MAIN_PROCESS_STARTED_V3 flg=0x10 (has extras) } ordered=false userid=0 callerApp=ProcessRecord{d6763cc 16039:com.facebook.katana/u0a144}
04-01 15:53:06.763  1570  3611 V ActivityManager: Broadcast: Intent { act=com.facebook.messaging.ipc.peersPROD flg=0x10 (has extras) } ordered=false userid=0 callerApp=ProcessRecord{d6763cc 16039:com.facebook.katana/u0a144}
04-01 15:53:06.578 16003 16196 W ResourceType: Invalid package identifier when getting bag for resource number 0x00000000
04-01 15:53:07.000 16039 16216 V tigonliger: tigonliger/JNI_OnLoad called
04-01 15:53:07.095 16039 16236 E LRUInMemoryCache-inl.h: Load cache failed with key error: couldn't find key imsdbl in dynamic object
04-01 15:53:07.126 16039 16216 V tigonliger: tigonapi/JNI_OnLoad called
04-01 15:53:07.305  1220  2171 I LOWI-8.5.0.3.a: [LOWI-Scan] lowi_close_record:Scan completed in 335185689ms and Recieved 10 APs scan results
04-01 15:53:07.308  1570  2147 V ActivityManager: Broadcast: Intent { act=android.net.wifi.SCAN_RESULTS flg=0x4000010 (has extras) } ordered=false userid=-1 callerApp=ProcessRecord{1876cb0 1570:system/1000}
04-01 15:53:07.309  1570  1614 W BroadcastQueue: Background execution not allowed: receiving Intent { act=android.net.wifi.SCAN_RESULTS flg=0x4000010 (has extras) } to com.citynav.jakdojade.pl.android/com.koalametrics.sdk.SystemEventsReceiver
04-01 15:53:07.321  1570  3611 V ActivityManager: Broadcast: Intent { act=com.google.android.location.reporting.ACTION_WIFI_SCAN_RESULTS flg=0x10 pkg=com.google.android.gms (has extras) } ordered=true userid=0 callerApp=null
04-01 15:53:07.390 16039 16216 E fb4a.StartupInfraPreloader: Unknown component: feedunittreeserializer
04-01 15:53:07.551 16039 16045 I zygote  : Do partial code cache collection, code=52KB, data=61KB
04-01 15:53:07.557 16039 16045 I zygote  : After code cache collection, code=52KB, data=61KB
04-01 15:53:07.557 16039 16045 I zygote  : Increasing code cache capacity to 256KB
04-01 15:53:07.618 16039 16213 I mobileconfig: No OTA resource found
04-01 15:53:07.618 16039 16213 I mobileconfig: Using asset manager to stream (sessionless: YES) params_map.txt
04-01 15:53:07.768 16039 16213 I mobileconfig: Params map streaming - readbytes: 912181/912181
04-01 15:53:07.769 16039 16213 I mobileconfig: Successfully parsed (sessionless: YES) params_map.txt
04-01 15:53:07.779  1570  1588 V ActivityManager: Broadcast: Intent { act=com.facebook.messaging.ipc.peersPROD flg=0x10 (has extras) } ordered=false userid=0 callerApp=ProcessRecord{d6763cc 16039:com.facebook.katana/u0a144}
04-01 15:53:07.814 16039 16213 I mobileconfig: Initialized MobileConfig - directory: /data/user/0/com.facebook.katana/files, appVersion: 214.0.0.43.83, paramHash: fcf9ac21c160e8499fc0de4d2d9567ea:19838bf139096bce3253f8d1659d70c5, readOnly: false
04-01 15:53:07.872 16039 16207 I mobileconfig: Using asset manager to stream (sessionless: NO) params_map.txt
04-01 15:53:08.016 16039 16207 I mobileconfig: Params map streaming - readbytes: 912181/912181
04-01 15:53:08.016 16039 16207 I mobileconfig: Successfully parsed (sessionless: NO) params_map.txt
04-01 15:53:08.030 16039 16207 I mobileconfig: Initialized MobileConfig - directory: /data/user/0/com.facebook.katana/files, appVersion: 214.0.0.43.83, paramHash: fcf9ac21c160e8499fc0de4d2d9567ea:19838bf139096bce3253f8d1659d70c5, readOnly: false
04-01 15:53:08.204 16039 16217 I PlayCore: UID: [10144]  PID: [16039] SplitInstallListenerRegistry : registerListener
04-01 15:53:08.210 16039 16217 I PlayCore: UID: [10144]  PID: [16039] SplitInstallService : getSessionStates
04-01 15:53:08.213 16039 16253 I PlayCore: UID: [10144]  PID: [16039] SplitInstallService : Initiate binding to the service.
04-01 15:53:08.220 10831 10831 I Finsky  : [2] qsi.a(31): Connecting InstallListener to SplitInstallService broadcaster...
04-01 15:53:08.222 16039 16039 I PlayCore: UID: [10144]  PID: [16039] SplitInstallService : ServiceConnectionImpl.onServiceConnected(ComponentInfo{com.android.vending/com.google.android.finsky.splitinstallservice.SplitInstallService})
04-01 15:53:08.225 16039 16253 I PlayCore: UID: [10144]  PID: [16039] SplitInstallService : linkToDeath
04-01 15:53:08.228 10831 13248 I Finsky  : [1906] qtt.a(12): getSessionStates for package: com.facebook.katana
04-01 15:53:08.237 16039 16060 I PlayCore: UID: [10144]  PID: [16039] SplitInstallService : onGetSessionStates
04-01 15:53:08.239 16039 16253 I PlayCore: UID: [10144]  PID: [16039] SplitInstallService : Unbind from service.
04-01 15:53:08.461 16039 16039 W CombinedTP4: type=1400 audit(0.0:65431): avc: denied { read } for name="boot_id" dev="proc" ino=5361253 scontext=u:r:untrusted_app:s0:c512,c768 tcontext=u:object_r:proc:s0 tclass=file permissive=0 ppid=702 pcomm="main" pgid=16039 pgcomm="facebook.katana"
04-01 15:53:08.471 16039 16206 E fb4a.BootIdReader: Error reading boot_id from procfs
04-01 15:53:08.471 16039 16206 E fb4a.BootIdReader: java.io.FileNotFoundException: /proc/sys/kernel/random/boot_id (Permission denied)
04-01 15:53:08.471 16039 16206 E fb4a.BootIdReader: 	at java.io.FileInputStream.open0(Native Method)
04-01 15:53:08.471 16039 16206 E fb4a.BootIdReader: 	at java.io.FileInputStream.open(FileInputStream.java:200)
04-01 15:53:08.471 16039 16206 E fb4a.BootIdReader: 	at java.io.FileInputStream.<init>(FileInputStream.java:150)
04-01 15:53:08.471 16039 16206 E fb4a.BootIdReader: 	at java.io.FileInputStream.<init>(FileInputStream.java:103)
04-01 15:53:08.471 16039 16206 E fb4a.BootIdReader: 	at java.io.FileReader.<init>(FileReader.java:58)
04-01 15:53:08.471 16039 16206 E fb4a.BootIdReader: 	at X.2dg.D(:25)
04-01 15:53:08.471 16039 16206 E fb4a.BootIdReader: 	at X.A3R.<init>(:39)
04-01 15:53:08.471 16039 16206 E fb4a.BootIdReader: 	at X.A3R.B(:21)
04-01 15:53:08.471 16039 16206 E fb4a.BootIdReader: 	at X.CCw.B(:1415011)
04-01 15:53:08.471 16039 16206 E fb4a.BootIdReader: 	at X.0Pf.B(:115)
04-01 15:53:08.471 16039 16206 E fb4a.BootIdReader: 	at X.0RO.G(:23)
04-01 15:53:08.471 16039 16206 E fb4a.BootIdReader: 	at X.0RO.D(:10)
04-01 15:53:08.471 16039 16206 E fb4a.BootIdReader: 	at X.47e.B(:47)
04-01 15:53:08.471 16039 16206 E fb4a.BootIdReader: 	at X.47X.init(:37)
04-01 15:53:08.471 16039 16206 E fb4a.BootIdReader: 	at X.5Io.runNextINeedInit(:34)
