04-01 12:39:57.810   558   558 I tad     : MiscTA Unit 2491: 
04-01 12:39:57.810   558   558 I tad     : NOT WRITTEN (Identical)
04-01 12:39:57.810   558   558 I tad     : MiscTA: Write of unit 2491 completed - OK
04-01 12:40:07.477  1570  3590 I chatty  : uid=1000(system) Binder:1570_C expire 6 lines
04-01 12:40:15.637  1570  1615 I chatty  : uid=1000(system) android.ui expire 1 line
04-01 12:40:15.906  1570  1614 I chatty  : uid=1000(system) ActivityManager expire 8 lines
04-01 12:40:16.443  1570  9439 I chatty  : uid=1000(system) Binder:1570_1F expire 9 lines
04-01 12:40:22.072  1570  3695 I chatty  : uid=1000(system) Binder:1570_16 expire 2 lines
04-01 12:40:26.869  1570  2147 I chatty  : uid=1000(system) WifiScanningSer expire 4 lines
04-01 12:41:05.960  1570  2359 I chatty  : uid=1000(system) Binder:1570_8 expire 2 lines
04-01 12:41:08.197  1570  2338 I chatty  : uid=1000(system) Binder:1570_6 expire 6 lines
04-01 12:41:30.582  1570  1587 I chatty  : uid=1000(system) Binder:1570_1 expire 13 lines
04-01 12:41:30.588  1570  1668 I chatty  : uid=1000(system) android.display expire 1 line
04-01 12:41:30.873  1570  6667 I chatty  : uid=1000(system) Binder:1570_1B expire 1 line
04-01 12:41:31.035  1570  8220 I chatty  : uid=1000(system) Binder:1570_1D expire 5 lines
04-01 12:42:40.883  1570  3644 I chatty  : uid=1000(system) Binder:1570_11 expire 3 lines
04-01 12:42:58.204   558   558 I tad     : MiscTA Unit 2491: 
04-01 12:42:58.204   558   558 I tad     : NOT WRITTEN (Identical)
04-01 12:42:58.204   558   558 I tad     : MiscTA: Write of unit 2491 completed - OK
04-01 12:42:58.975  1570  2113 I chatty  : uid=1000(system) IddHandlerThrea expire 6 lines
04-01 12:43:02.273  1570  1587 I chatty  : uid=1000(system) Binder:1570_1 expire 5 lines
04-01 12:43:06.890  1570  3611 I chatty  : uid=1000(system) Binder:1570_D expire 18 lines
04-01 12:43:51.327  1570  1587 I chatty  : uid=1000(system) Binder:1570_1 expire 10 lines
04-01 12:43:53.580  1570  1570 I chatty  : uid=1000 system_server expire 13 lines
04-01 12:43:57.880  1570  8220 I chatty  : uid=1000(system) Binder:1570_1D expire 7 lines
04-01 12:43:59.059  1570  2113 I chatty  : uid=1000(system) IddHandlerThrea expire 12 lines
04-01 12:44:00.003  1570  2121 I chatty  : uid=1000(system) AlarmManager expire 16 lines
04-01 12:44:00.677  1570  3644 I chatty  : uid=1000(system) Binder:1570_11 expire 10 lines
04-01 12:44:00.679  1570  1614 I chatty  : uid=1000(system) ActivityManager expire 10 lines
04-01 12:44:30.729  1570  1699 I chatty  : uid=1000(system) PowerManagerSer expire 7 lines
04-01 12:45:46.904  1570  2147 I chatty  : uid=1000(system) WifiScanningSer expire 2 lines
04-01 12:45:58.543   558   558 I tad     : MiscTA Unit 2491: 
04-01 12:45:58.543   558   558 I tad     : NOT WRITTEN (Identical)
04-01 12:45:58.544   558   558 I tad     : MiscTA: Write of unit 2491 completed - OK
04-01 12:45:59.239  1570  2113 I chatty  : uid=1000(system) IddHandlerThrea expire 17 lines
04-01 12:46:12.733  1570  3611 I chatty  : uid=1000(system) Binder:1570_D expire 13 lines
04-01 12:46:30.829  1570  1668 I chatty  : uid=1000(system) android.display expire 1 line
04-01 12:46:30.831  1570  1615 I chatty  : uid=1000(system) android.ui expire 2 lines
04-01 12:46:30.977  1570  1587 I chatty  : uid=1000(system) Binder:1570_1 expire 2 lines
04-01 12:46:34.668  1570  9439 I chatty  : uid=1000(system) Binder:1570_1F expire 17 lines
04-01 12:46:35.385  2198  2198 V KeyguardStatusView: refresh statusview showing:true
04-01 12:46:35.398  2198  2198 V KeyguardDisplayManager: show
04-01 12:46:35.398  1570  3644 I chatty  : uid=1000(system) Binder:1570_11 expire 4 lines
04-01 12:46:45.254  1570  1613 I chatty  : uid=1000(system) android.bg expire 1 line
04-01 12:46:56.927  1570  1621 I chatty  : uid=1000(system) batterystats-sy expire 1 line
04-01 12:47:00.788  1570  2139 I chatty  : uid=1000(system) NetworkStats expire 1 line
04-01 12:48:31.299  1570  3654 I chatty  : uid=1000(system) Binder:1570_12 expire 5 lines
04-01 12:48:39.461  1570  2113 I chatty  : uid=1000(system) IddHandlerThrea expire 19 lines
04-01 12:48:53.421  1570  3611 I chatty  : uid=1000(system) Binder:1570_D expire 19 lines
04-01 12:48:56.908  1570  1570 I chatty  : uid=1000 system_server expire 6 lines
04-01 12:48:58.875   558   558 I tad     : MiscTA Unit 2491: 
04-01 12:48:58.875   558   558 I tad     : NOT WRITTEN (Identical)
04-01 12:48:58.875   558   558 I tad     : MiscTA: Write of unit 2491 completed - OK
04-01 12:49:01.181  1570  2360 I chatty  : uid=1000(system) Binder:1570_9 expire 18 lines
04-01 12:49:56.938  1570  1621 I chatty  : uid=1000(system) batterystats-sy expire 1 line
04-01 12:50:59.272  1570  9439 I chatty  : uid=1000(system) Binder:1570_1F expire 10 lines
04-01 12:51:54.009  1570  2121 I chatty  : uid=1000(system) AlarmManager expire 4 lines
04-01 12:51:54.028  1570  1615 I chatty  : uid=1000(system) android.ui expire 1 line
04-01 12:51:54.200  1570  1614 I chatty  : uid=1000(system) ActivityManager expire 31 lines
04-01 12:51:54.622  1570  3656 I chatty  : uid=1000(system) Binder:1570_13 expire 4 lines
04-01 12:51:59.242   558   558 I tad     : MiscTA Unit 2491: 
04-01 12:51:59.242   558   558 I tad     : NOT WRITTEN (Identical)
04-01 12:51:59.242   558   558 I tad     : MiscTA: Write of unit 2491 completed - OK
04-01 12:51:59.745  1570  2113 I chatty  : uid=1000(system) IddHandlerThrea expire 6 lines
04-01 12:52:04.061  1570  1613 I chatty  : uid=1000(system) android.bg expire 1 line
04-01 12:52:06.448  1570  1587 I chatty  : uid=1000(system) Binder:1570_1 expire 6 lines
04-01 12:52:40.657  1570  1717 I chatty  : uid=1000(system) PackageManager expire 19 lines
04-01 12:52:40.709 24373 24373 W ContextImpl: Calling a method in the system process without a qualified user: android.app.ContextImpl.startService:1472 android.content.ContextWrapper.startService:644 android.content.ContextWrapper.startService:644 com.qualcomm.qti.seemp.service.SeempBroadcastReceiver.onReceive:56 android.app.ActivityThread.handleReceiver:3260 
04-01 12:52:40.949  1570  2360 I chatty  : uid=1000(system) Binder:1570_9 expire 2 lines
04-01 12:52:43.323  1570  3644 I chatty  : uid=1000(system) Binder:1570_11 expire 2 lines
04-01 12:52:43.348  1570  2114 I chatty  : uid=1000(system) Binder:1570_3 expire 1 line
04-01 12:52:43.381  1570  9439 I chatty  : uid=1000(system) Binder:1570_1F expire 5 lines
04-01 12:52:43.483  1570  3611 I chatty  : uid=1000(system) Binder:1570_D expire 4 lines
04-01 12:52:43.486  1570  2359 I chatty  : uid=1000(system) Binder:1570_8 expire 1 line
04-01 12:52:43.491  1570  6567 I chatty  : uid=1000(system) Binder:1570_1A expire 23 lines
04-01 12:52:43.514  1570  9439 I chatty  : uid=1000(system) Binder:1570_1F expire 10 lines
04-01 12:52:43.516  1570  3611 I chatty  : uid=1000(system) Binder:1570_D expire 22 lines
04-01 12:52:43.519  1570  3654 I chatty  : uid=1000(system) Binder:1570_12 expire 16 lines
04-01 12:52:43.527  1570  2359 I chatty  : uid=1000(system) Binder:1570_8 expire 8 lines
04-01 12:52:43.534  1570  1570 I chatty  : uid=1000 system_server expire 10 lines
04-01 12:52:43.594  1570  6667 I chatty  : uid=1000(system) Binder:1570_1B expire 2 lines
04-01 12:52:43.600  1570  3644 I chatty  : uid=1000(system) Binder:1570_11 expire 6 lines
04-01 12:52:43.609  1570  1613 I chatty  : uid=1000(system) android.bg expire 4 lines
04-01 12:52:55.792  1570  2125 I chatty  : uid=1000(system) InputReader expire 3 lines
04-01 12:52:55.796  1570  1699 I chatty  : uid=1000(system) PowerManagerSer expire 5 lines
04-01 12:52:55.804  1570  1668 I chatty  : uid=1000(system) android.display expire 3 lines
04-01 12:52:58.361  1570  2121 I chatty  : uid=1000(system) AlarmManager expire 2 lines
04-01 12:52:58.888  2198  2198 V KeyguardDisplayManager: hide
04-01 12:52:58.889  1570  3611 I chatty  : uid=1000(system) Binder:1570_D expire 3 lines
04-01 12:52:58.909  1570  1614 I chatty  : uid=1000(system) ActivityManager expire 14 lines
04-01 12:52:59.669  1570  9439 I chatty  : uid=1000(system) Binder:1570_1F expire 5 lines
04-01 12:52:59.822  1570  2113 I chatty  : uid=1000(system) IddHandlerThrea expire 4 lines
04-01 12:53:00.490  1570  6567 I chatty  : uid=1000(system) Binder:1570_1A expire 3 lines
04-01 12:53:00.510  1570  1587 I chatty  : uid=1000(system) Binder:1570_1 expire 2 lines
04-01 12:53:00.937  1570  3695 I chatty  : uid=1000(system) Binder:1570_16 expire 2 lines
04-01 12:53:01.012  1570  2114 I chatty  : uid=1000(system) Binder:1570_3 expire 3 lines
04-01 12:53:04.008  1570  2147 I chatty  : uid=1000(system) WifiScanningSer expire 1 line
04-01 12:53:20.699  1570  1717 I chatty  : uid=1000(system) PackageManager expire 19 lines
04-01 12:53:20.749 24573 24573 W ContextImpl: Calling a method in the system process without a qualified user: android.app.ContextImpl.startService:1472 android.content.ContextWrapper.startService:644 android.content.ContextWrapper.startService:644 com.qualcomm.qti.seemp.service.SeempBroadcastReceiver.onReceive:56 android.app.ActivityThread.handleReceiver:3260 
04-01 12:53:22.074  1570  1614 I chatty  : uid=1000(system) ActivityManager expire 29 lines
04-01 12:53:22.181  1570  2147 I chatty  : uid=1000(system) WifiScanningSer expire 1 line
04-01 12:53:22.683  1570  9439 I chatty  : uid=1000(system) Binder:1570_1F expire 3 lines
04-01 12:53:23.202  1570  3656 I chatty  : uid=1000(system) Binder:1570_13 expire 8 lines
04-01 12:53:23.222  1570  1570 I chatty  : uid=1000 system_server expire 2 lines
04-01 12:53:23.222  1570  2359 I chatty  : uid=1000(system) Binder:1570_8 expire 9 lines
04-01 12:53:23.226  1570  3695 I chatty  : uid=1000(system) Binder:1570_16 expire 51 lines
04-01 12:53:23.227  1570  3644 I chatty  : uid=1000(system) Binder:1570_11 expire 6 lines
04-01 12:53:23.234  1570  3654 I chatty  : uid=1000(system) Binder:1570_12 expire 2 lines
04-01 12:53:23.234  1570  3590 I chatty  : uid=1000(system) Binder:1570_C expire 4 lines
04-01 12:53:23.381  1570  5879 I chatty  : uid=1000(system) Binder:1570_19 expire 2 lines
04-01 12:53:23.391  1570  8220 I chatty  : uid=1000(system) Binder:1570_1D expire 1 line
04-01 12:53:23.393  1570  1587 I chatty  : uid=1000(system) Binder:1570_1 expire 4 lines
04-01 12:53:23.405  1570  6667 I chatty  : uid=1000(system) Binder:1570_1B expire 7 lines
04-01 12:53:23.426  1570  1613 I chatty  : uid=1000(system) android.bg expire 6 lines
04-01 12:53:24.065  1570  6667 I chatty  : uid=1000(system) Binder:1570_1B expire 4 lines
04-01 12:53:24.077  1570  1587 I chatty  : uid=1000(system) Binder:1570_1 expire 5 lines
04-01 12:53:24.122  1570  5879 I chatty  : uid=1000(system) Binder:1570_19 expire 2 lines
04-01 12:53:24.678  1570  3656 I chatty  : uid=1000(system) Binder:1570_13 expire 6 lines
04-01 12:53:26.472  1570 10171 I chatty  : uid=1000(system) SmartCleanerSer expire 1 line
04-01 12:53:37.634  3544  3769 W ContextImpl: Calling a method in the system process without a qualified user: android.app.ContextImpl.bindService:1552 android.content.ContextWrapper.bindService:678 com.google.android.gms.ads.identifier.AdvertisingIdClient.h:34 com.google.android.gms.ads.identifier.AdvertisingIdClient.b:14 com.google.android.gms.ads.identifier.AdvertisingIdClient.getAdvertisingIdInfo:8 
04-01 12:53:39.866  1570  2113 I chatty  : uid=1000(system) IddHandlerThrea expire 2 lines
04-01 12:53:44.098  1570  2359 I chatty  : uid=1000(system) Binder:1570_8 expire 5 lines
04-01 12:53:53.939  1570  1717 I chatty  : uid=1000(system) PackageManager expire 19 lines
04-01 12:53:53.950  1570  1614 I chatty  : uid=1000(system) ActivityManager expire 31 lines
04-01 12:53:53.990 24798 24798 W ContextImpl: Calling a method in the system process without a qualified user: android.app.ContextImpl.startService:1472 android.content.ContextWrapper.startService:644 android.content.ContextWrapper.startService:644 com.qualcomm.qti.seemp.service.SeempBroadcastReceiver.onReceive:56 android.app.ActivityThread.handleReceiver:3260 
04-01 12:53:55.451  1570  3661 I chatty  : uid=1000(system) Binder:1570_14 expire 8 lines
04-01 12:53:56.025  1570  1615 I chatty  : uid=1000(system) android.ui expire 1 line
04-01 12:53:56.026  1570  1668 I chatty  : uid=1000(system) android.display expire 1 line
04-01 12:53:56.503  1570  2114 I chatty  : uid=1000(system) Binder:1570_3 expire 4 lines
04-01 12:53:56.599  1570  1570 I chatty  : uid=1000 system_server expire 3 lines
04-01 12:53:56.602  1570  8220 I chatty  : uid=1000(system) Binder:1570_1D expire 6 lines
04-01 12:53:56.649  1570  3654 I chatty  : uid=1000(system) Binder:1570_12 expire 7 lines
04-01 12:53:56.664  1570  3644 I chatty  : uid=1000(system) Binder:1570_11 expire 6 lines
04-01 12:53:56.689  1570  2338 I chatty  : uid=1000(system) Binder:1570_6 expire 2 lines
04-01 12:53:56.871  1570  9439 I chatty  : uid=1000(system) Binder:1570_1F expire 1 line
04-01 12:53:56.878  1570  2360 I chatty  : uid=1000(system) Binder:1570_9 expire 14 lines
04-01 12:53:56.915  1570  3695 I chatty  : uid=1000(system) Binder:1570_16 expire 4 lines
04-01 12:53:57.025  1570  3590 I chatty  : uid=1000(system) Binder:1570_C expire 18 lines
04-01 12:53:57.044  1570  3695 I chatty  : uid=1000(system) Binder:1570_16 expire 3 lines
04-01 12:53:57.052  1570  2360 I chatty  : uid=1000(system) Binder:1570_9 expire 24 lines
04-01 12:53:57.869  1570  3644 I chatty  : uid=1000(system) Binder:1570_11 expire 5 lines
04-01 12:53:59.891  1570  2113 I chatty  : uid=1000(system) IddHandlerThrea expire 8 lines
04-01 12:54:00.000  1570  2121 I chatty  : uid=1000(system) AlarmManager expire 3 lines
04-01 12:54:02.285  1570  2147 I chatty  : uid=1000(system) WifiScanningSer expire 2 lines
04-01 12:54:02.287  1570  1614 I chatty  : uid=1000(system) ActivityManager expire 33 lines
04-01 12:54:02.304  1570  3611 I chatty  : uid=1000(system) Binder:1570_D expire 11 lines
04-01 12:54:08.989  1570  1613 I chatty  : uid=1000(system) android.bg expire 2 lines
04-01 12:54:11.658  1570  8220 I chatty  : uid=1000(system) Binder:1570_1D expire 4 lines
04-01 12:54:33.496  1570  2290 I chatty  : uid=1000(system) Binder:1570_4 expire 1 line
04-01 12:54:38.003  1570  9439 I chatty  : uid=1000(system) Binder:1570_1F expire 6 lines
04-01 12:54:56.911  1570  1570 I chatty  : uid=1000 system_server expire 2 lines
04-01 12:54:56.959  1570  1621 I chatty  : uid=1000(system) batterystats-sy expire 1 line
04-01 12:54:59.504   558   558 I tad     : MiscTA Unit 2491: 
04-01 12:54:59.504   558   558 I tad     : NOT WRITTEN (Identical)
04-01 12:54:59.504   558   558 I tad     : MiscTA: Write of unit 2491 completed - OK
04-01 12:55:01.099  1570  1717 I chatty  : uid=1000(system) PackageManager expire 19 lines
04-01 12:55:01.154 25051 25051 W ContextImpl: Calling a method in the system process without a qualified user: android.app.ContextImpl.startService:1472 android.content.ContextWrapper.startService:644 android.content.ContextWrapper.startService:644 com.qualcomm.qti.seemp.service.SeempBroadcastReceiver.onReceive:56 android.app.ActivityThread.handleReceiver:3260 
04-01 12:55:02.573  1570  2338 I chatty  : uid=1000(system) Binder:1570_6 expire 4 lines
04-01 12:55:02.726  1570  1668 I chatty  : uid=1000(system) android.display expire 1 line
04-01 12:55:02.729  1570  1615 I chatty  : uid=1000(system) android.ui expire 1 line
04-01 12:55:03.291  1570  3068 I chatty  : uid=1000(system) Binder:1570_B expire 3 lines
04-01 12:55:03.534  1570  3590 I chatty  : uid=1000(system) Binder:1570_C expire 2 lines
04-01 12:55:03.536  1570  6567 I chatty  : uid=1000(system) Binder:1570_1A expire 1 line
04-01 12:55:03.544  1570  2114 I chatty  : uid=1000(system) Binder:1570_3 expire 2 lines
04-01 12:55:03.732  1570  1587 I chatty  : uid=1000(system) Binder:1570_1 expire 3 lines
04-01 12:55:03.747  1570  3644 I chatty  : uid=1000(system) Binder:1570_11 expire 1 line
04-01 12:55:03.759  1570  3068 I chatty  : uid=1000(system) Binder:1570_B expire 17 lines
04-01 12:55:03.760  1570  3590 I chatty  : uid=1000(system) Binder:1570_C expire 1 line
04-01 12:55:03.765  1570  5879 I chatty  : uid=1000(system) Binder:1570_19 expire 27 lines
04-01 12:55:03.768  1570  2114 I chatty  : uid=1000(system) Binder:1570_3 expire 32 lines
04-01 12:55:03.778  1570  9439 I chatty  : uid=1000(system) Binder:1570_1F expire 22 lines
04-01 12:55:03.792  1570  1613 I chatty  : uid=1000(system) android.bg expire 4 lines
04-01 12:55:03.829  1570  1570 I chatty  : uid=1000 system_server expire 3 lines
04-01 12:55:03.865  1570  2338 I chatty  : uid=1000(system) Binder:1570_6 expire 2 lines
04-01 12:55:03.866  1570  3611 I chatty  : uid=1000(system) Binder:1570_D expire 7 lines
04-01 12:55:03.941  1570  1614 I chatty  : uid=1000(system) ActivityManager expire 5 lines
04-01 12:55:16.453  1570  2121 I chatty  : uid=1000(system) AlarmManager expire 5 lines
04-01 12:55:19.984  1570  2113 I chatty  : uid=1000(system) IddHandlerThrea expire 10 lines
04-01 12:55:22.131  1570  2147 I chatty  : uid=1000(system) WifiScanningSer expire 2 lines
04-01 12:56:42.217  1570  1717 I chatty  : uid=1000(system) PackageManager expire 9 lines
04-01 12:56:42.274 25297 25297 W ContextImpl: Calling a method in the system process without a qualified user: android.app.ContextImpl.startService:1472 android.content.ContextWrapper.startService:644 android.content.ContextWrapper.startService:644 com.qualcomm.qti.seemp.service.SeempBroadcastReceiver.onReceive:56 android.app.ActivityThread.handleReceiver:3260 
04-01 12:56:42.305  1570  3068 I chatty  : uid=1000(system) Binder:1570_B expire 10 lines
04-01 12:56:43.657  1570  1717 I chatty  : uid=1000(system) PackageManager expire 10 lines
04-01 12:56:43.658  1570  1614 I chatty  : uid=1000(system) ActivityManager expire 29 lines
04-01 12:56:43.695  1570  6567 I chatty  : uid=1000(system) Binder:1570_1A expire 4 lines
04-01 12:56:43.885  1570  1668 I chatty  : uid=1000(system) android.display expire 1 line
04-01 12:56:44.299  1570  1615 I chatty  : uid=1000(system) android.ui expire 1 line
04-01 12:56:44.316  1570  5879 I chatty  : uid=1000(system) Binder:1570_19 expire 9 lines
04-01 12:56:44.636  1570  2300 I chatty  : uid=1000(system) Binder:1570_5 expire 2 lines
04-01 12:56:44.771  1570  4156 I chatty  : uid=1000(system) Binder:1570_17 expire 1 line
04-01 12:56:44.887  1570  1570 I chatty  : uid=1000 system_server expire 2 lines
04-01 12:56:44.894  1570  3590 I chatty  : uid=1000(system) Binder:1570_C expire 11 lines
04-01 12:56:44.896  1570  1588 I chatty  : uid=1000(system) Binder:1570_2 expire 4 lines
04-01 12:56:44.915  1570  3644 I chatty  : uid=1000(system) Binder:1570_11 expire 3 lines
04-01 12:56:45.060  1570  6667 I chatty  : uid=1000(system) Binder:1570_1B expire 29 lines
04-01 12:56:45.073  1570  1613 I chatty  : uid=1000(system) android.bg expire 2 lines
04-01 12:56:45.079  1570  2338 I chatty  : uid=1000(system) Binder:1570_6 expire 3 lines
04-01 12:56:45.116  1570  9439 I chatty  : uid=1000(system) Binder:1570_1F expire 4 lines
04-01 12:56:45.160  1570  3611 I chatty  : uid=1000(system) Binder:1570_D expire 27 lines
04-01 12:56:47.717  1570  1699 I chatty  : uid=1000(system) PowerManagerSer expire 2 lines
04-01 12:56:50.796  1570  3590 I chatty  : uid=1000(system) Binder:1570_C expire 27 lines
04-01 12:56:50.859  1570  3068 I chatty  : uid=1000(system) Binder:1570_B expire 1 line
04-01 12:56:54.111  1570  2121 I chatty  : uid=1000(system) AlarmManager expire 5 lines
04-01 12:56:56.904  1570  1570 I chatty  : uid=1000 system_server expire 2 lines
04-01 12:56:56.948  1570  6667 I chatty  : uid=1000(system) Binder:1570_1B expire 1 line
04-01 12:56:57.257  1570  1613 I chatty  : uid=1000(system) android.bg expire 2 lines
04-01 12:56:59.317  1570  2338 I chatty  : uid=1000(system) Binder:1570_6 expire 18 lines
04-01 12:57:00.095  1570  2113 I chatty  : uid=1000(system) IddHandlerThrea expire 8 lines
04-01 12:57:02.161  1570  1588 I chatty  : uid=1000(system) Binder:1570_2 expire 81 lines
04-01 12:57:59.775   558   558 I tad     : MiscTA Unit 2491: 
04-01 12:57:59.775   558   558 I tad     : NOT WRITTEN (Identical)
04-01 12:57:59.775   558   558 I tad     : MiscTA: Write of unit 2491 completed - OK
04-01 12:58:01.487  1570  3611 I chatty  : uid=1000(system) Binder:1570_D expire 4 lines
04-01 12:58:02.335  1570  2147 I chatty  : uid=1000(system) WifiScanningSer expire 1 line
04-01 12:58:02.337  1570  1614 I chatty  : uid=1000(system) ActivityManager expire 2 lines
04-01 12:58:04.241  1570  9439 I chatty  : uid=1000(system) Binder:1570_1F expire 37 lines
04-01 12:58:04.282  1570  3590 I chatty  : uid=1000(system) Binder:1570_C expire 56 lines
04-01 12:58:06.610  1570  6667 I chatty  : uid=1000(system) Binder:1570_1B expire 14 lines
04-01 12:58:06.628  1570  5879 I chatty  : uid=1000(system) Binder:1570_19 expire 37 lines
04-01 12:58:06.663  1570  1588 I chatty  : uid=1000(system) Binder:1570_2 expire 15 lines
04-01 12:58:06.691  1570  3611 I chatty  : uid=1000(system) Binder:1570_D expire 5 lines
04-01 12:58:06.731  1570  2338 I chatty  : uid=1000(system) Binder:1570_6 expire 14 lines
04-01 12:58:06.747  1570  3068 I chatty  : uid=1000(system) Binder:1570_B expire 32 lines
04-01 12:58:06.899  1570  3590 I chatty  : uid=1000(system) Binder:1570_C expire 15 lines
04-01 12:58:06.908  1570  9439 I chatty  : uid=1000(system) Binder:1570_1F expire 4 lines
04-01 12:58:06.914  1570  2338 I chatty  : uid=1000(system) Binder:1570_6 expire 16 lines
04-01 12:58:08.005  1570  2114 I chatty  : uid=1000(system) Binder:1570_3 expire 3 lines
04-01 12:58:08.517  1570  5879 I chatty  : uid=1000(system) Binder:1570_19 expire 24 lines
04-01 12:58:08.705  1570  2300 I chatty  : uid=1000(system) Binder:1570_5 expire 13 lines
04-01 12:58:08.903  1570  1588 I chatty  : uid=1000(system) Binder:1570_2 expire 14 lines
04-01 12:58:08.911  1570  8533 I chatty  : uid=1000(system) Binder:1570_1E expire 19 lines
04-01 12:58:08.957  1570  3611 I chatty  : uid=1000(system) Binder:1570_D expire 20 lines
04-01 12:58:20.184  1570  2113 I chatty  : uid=1000(system) IddHandlerThrea expire 8 lines
04-01 12:58:56.909  1570  1570 I chatty  : uid=1000 system_server expire 1 line
04-01 12:58:56.943  1570  1621 I chatty  : uid=1000(system) batterystats-sy expire 1 line
04-01 12:59:00.002  1570  2121 I chatty  : uid=1000(system) AlarmManager expire 2 lines
04-01 12:59:14.729  1570  2147 I chatty  : uid=1000(system) WifiScanningSer expire 1 line
04-01 12:59:14.731  1570  1614 I chatty  : uid=1000(system) ActivityManager expire 10 lines
04-01 12:59:32.472  1570  8533 I chatty  : uid=1000(system) Binder:1570_1E expire 24 lines
04-01 12:59:35.480  1570  3611 I chatty  : uid=1000(system) Binder:1570_D expire 9 lines
04-01 12:59:40.292  1570  2113 I chatty  : uid=1000(system) IddHandlerThrea expire 12 lines
04-01 12:59:56.909  1570  1570 I chatty  : uid=1000 system_server expire 12 lines
04-01 13:00:00.003  1570  2121 I chatty  : uid=1000(system) AlarmManager expire 10 lines
04-01 13:00:12.342  1570  3068 I chatty  : uid=1000(system) Binder:1570_B expire 14 lines
04-01 13:00:31.389  1570  1699 I chatty  : uid=1000(system) PowerManagerSer expire 8 lines
04-01 13:00:42.528  1570  2147 I chatty  : uid=1000(system) WifiScanningSer expire 2 lines
04-01 13:00:42.547  1570  5879 I chatty  : uid=1000(system) Binder:1570_19 expire 11 lines
04-01 13:01:00.163   558   558 I tad     : MiscTA Unit 2491: 
04-01 13:01:00.163   558   558 I tad     : NOT WRITTEN (Identical)
04-01 13:01:00.163   558   558 I tad     : MiscTA: Write of unit 2491 completed - OK
04-01 13:01:26.225  1570  1668 I chatty  : uid=1000(system) android.display expire 1 line
04-01 13:01:29.671  1570  1613 I chatty  : uid=1000(system) android.bg expire 2 lines
04-01 13:01:30.630  1570  1615 I chatty  : uid=1000(system) android.ui expire 1 line
04-01 13:01:30.775  2198  2198 V KeyguardStatusView: refresh statusview showing:true
04-01 13:01:30.785  2198  2198 V KeyguardDisplayManager: show
04-01 13:01:40.456  1570  2113 I chatty  : uid=1000(system) IddHandlerThrea expire 14 lines
04-01 13:01:54.445  1570  2145 I chatty  : uid=1000(system) WifiStateMachin expire 2 lines
04-01 13:03:33.901  1570  1588 I chatty  : uid=1000(system) Binder:1570_2 expire 18 lines
04-01 13:03:56.939  1570  1621 I chatty  : uid=1000(system) batterystats-sy expire 1 line
04-01 13:04:00.537   558   558 I tad     : MiscTA Unit 2491: 
04-01 13:04:00.537   558   558 I tad     : NOT WRITTEN (Identical)
04-01 13:04:00.537   558   558 I tad     : MiscTA: Write of unit 2491 completed - OK
04-01 13:04:00.657  1570  2113 I chatty  : uid=1000(system) IddHandlerThrea expire 12 lines
04-01 13:04:03.055  1570  5879 I chatty  : uid=1000(system) Binder:1570_19 expire 11 lines
04-01 13:04:03.951  1570  1570 I chatty  : uid=1000 system_server expire 2 lines
04-01 13:04:35.884  1570  8533 I chatty  : uid=1000(system) Binder:1570_1E expire 4 lines
04-01 13:05:41.361  1570  1588 I chatty  : uid=1000(system) Binder:1570_2 expire 11 lines
04-01 13:05:46.405  1570  2121 I chatty  : uid=1000(system) AlarmManager expire 6 lines
04-01 13:05:48.427  1570  3611 I chatty  : uid=1000(system) Binder:1570_D expire 10 lines
04-01 13:05:56.905  1570  1570 I chatty  : uid=1000 system_server expire 10 lines
04-01 13:06:00.808  1570  2113 I chatty  : uid=1000(system) IddHandlerThrea expire 8 lines
04-01 13:06:11.775  1570  3068 I chatty  : uid=1000(system) Binder:1570_B expire 11 lines
04-01 13:07:00.887   558   558 I tad     : MiscTA Unit 2491: 
04-01 13:07:00.888   558   558 I tad     : NOT WRITTEN (Identical)
04-01 13:07:00.888   558   558 I tad     : MiscTA: Write of unit 2491 completed - OK
04-01 13:07:02.258  1570  3068 I chatty  : uid=1000(system) Binder:1570_B expire 4 lines
04-01 13:07:05.639  1570  3611 I chatty  : uid=1000(system) Binder:1570_D expire 1 line
04-01 13:07:06.389  1570  2125 I chatty  : uid=1000(system) InputReader expire 3 lines
04-01 13:07:06.397  1570  1699 I chatty  : uid=1000(system) PowerManagerSer expire 5 lines
04-01 13:07:06.413  1570  1668 I chatty  : uid=1000(system) android.display expire 2 lines
04-01 13:07:06.534  1570  3590 I chatty  : uid=1000(system) Binder:1570_C expire 6 lines
04-01 13:07:08.814  2198  2198 V KeyguardDisplayManager: hide
04-01 13:07:08.842  1570  1614 I chatty  : uid=1000(system) ActivityManager expire 44 lines
04-01 13:07:10.538  1570  1621 I chatty  : uid=1000(system) batterystats-sy expire 1 line
04-01 13:07:11.334  1570  5879 I chatty  : uid=1000(system) Binder:1570_19 expire 5 lines
04-01 13:07:14.537  1570  1717 I chatty  : uid=1000(system) PackageManager expire 19 lines
04-01 13:07:14.590 26159 26159 W ContextImpl: Calling a method in the system process without a qualified user: android.app.ContextImpl.startService:1472 android.content.ContextWrapper.startService:644 android.content.ContextWrapper.startService:644 com.qualcomm.qti.seemp.service.SeempBroadcastReceiver.onReceive:56 android.app.ActivityThread.handleReceiver:3260 
04-01 13:07:14.640  1570  2147 I chatty  : uid=1000(system) WifiScanningSer expire 1 line
04-01 13:07:14.653  1570  2300 I chatty  : uid=1000(system) Binder:1570_5 expire 4 lines
04-01 13:07:16.872  1570  1615 I chatty  : uid=1000(system) android.ui expire 1 line
04-01 13:07:16.889  1570  9439 I chatty  : uid=1000(system) Binder:1570_1F expire 3 lines
04-01 13:07:17.208  1570  2114 I chatty  : uid=1000(system) Binder:1570_3 expire 3 lines
04-01 13:07:17.276  1570  2338 I chatty  : uid=1000(system) Binder:1570_6 expire 1 line
04-01 13:07:17.283  1570  1570 I chatty  : uid=1000 system_server expire 2 lines
04-01 13:07:17.307  1570  6667 I chatty  : uid=1000(system) Binder:1570_1B expire 1 line
04-01 13:07:17.314  1570  3644 I chatty  : uid=1000(system) Binder:1570_11 expire 2 lines
04-01 13:07:17.598  1570  1613 I chatty  : uid=1000(system) android.bg expire 5 lines
04-01 13:07:18.928  1570  3068 I chatty  : uid=1000(system) Binder:1570_B expire 87 lines
04-01 13:07:20.907  1570  2113 I chatty  : uid=1000(system) IddHandlerThrea expire 10 lines
04-01 13:07:23.095  1570  3611 I chatty  : uid=1000(system) Binder:1570_D expire 4 lines
04-01 13:07:29.368  1570  3590 I chatty  : uid=1000(system) Binder:1570_C expire 1 line
04-01 13:07:32.324  1570  2121 I chatty  : uid=1000(system) AlarmManager expire 7 lines
04-01 13:07:32.357  1570  1615 I chatty  : uid=1000(system) android.ui expire 1 line
04-01 13:07:32.433  1570  1588 I chatty  : uid=1000(system) Binder:1570_2 expire 5 lines
04-01 13:07:32.476  1570  9439 I chatty  : uid=1000(system) Binder:1570_1F expire 1 line
04-01 13:07:32.477  1570  2150 I chatty  : uid=1000(system) ConnectivitySer expire 1 line
04-01 13:07:32.766  1570  2147 I chatty  : uid=1000(system) WifiScanningSer expire 3 lines
04-01 13:07:32.768  1570  1614 I chatty  : uid=1000(system) ActivityManager expire 4 lines
04-01 13:07:32.784  1570  4156 I chatty  : uid=1000(system) Binder:1570_17 expire 4 lines
04-01 13:07:33.621  1570  2338 I chatty  : uid=1000(system) Binder:1570_6 expire 8 lines
04-01 13:07:56.906  1570  1570 I chatty  : uid=1000 system_server expire 3 lines
04-01 13:07:56.947  1570  1621 I chatty  : uid=1000(system) batterystats-sy expire 1 line
04-01 13:08:00.628  1570  2114 I chatty  : uid=1000(system) Binder:1570_3 expire 4 lines
04-01 13:08:21.429  1570  2360 I chatty  : uid=1000(system) Binder:1570_9 expire 3 lines
04-01 13:08:28.583  1570  8533 I chatty  : uid=1000(system) Binder:1570_1E expire 5 lines
04-01 13:08:32.192  1570  1699 I chatty  : uid=1000(system) PowerManagerSer expire 3 lines
04-01 13:08:37.705  3544  3769 W ContextImpl: Calling a method in the system process without a qualified user: android.app.ContextImpl.bindService:1552 android.content.ContextWrapper.bindService:678 com.google.android.gms.ads.identifier.AdvertisingIdClient.h:34 com.google.android.gms.ads.identifier.AdvertisingIdClient.b:14 com.google.android.gms.ads.identifier.AdvertisingIdClient.getAdvertisingIdInfo:8 
04-01 13:08:57.465  1570  6667 I chatty  : uid=1000(system) Binder:1570_1B expire 8 lines
04-01 13:09:00.228  1570  3611 I chatty  : uid=1000(system) Binder:1570_D expire 11 lines
04-01 13:09:01.028  1570  2113 I chatty  : uid=1000(system) IddHandlerThrea expire 18 lines
04-01 13:09:05.549  1570  1588 I chatty  : uid=1000(system) Binder:1570_2 expire 12 lines
04-01 13:09:15.695  1570  2121 I chatty  : uid=1000(system) AlarmManager expire 6 lines
04-01 13:09:15.706  1570  1615 I chatty  : uid=1000(system) android.ui expire 2 lines
04-01 13:09:25.748  1570  1613 I chatty  : uid=1000(system) android.bg expire 4 lines
04-01 13:09:32.891  1570  2147 I chatty  : uid=1000(system) WifiScanningSer expire 2 lines
04-01 13:09:32.893  1570  1614 I chatty  : uid=1000(system) ActivityManager expire 34 lines
04-01 13:09:32.922  1570  8533 I chatty  : uid=1000(system) Binder:1570_1E expire 9 lines
04-01 13:09:56.905  1570  1570 I chatty  : uid=1000 system_server expire 5 lines
04-01 13:10:01.256   558   558 I tad     : MiscTA Unit 2491: 
04-01 13:10:01.256   558   558 I tad     : NOT WRITTEN (Identical)
04-01 13:10:01.256   558   558 I tad     : MiscTA: Write of unit 2491 completed - OK
04-01 13:11:51.571  1570  1717 I chatty  : uid=1000(system) PackageManager expire 19 lines
04-01 13:11:51.657 26644 26644 W ContextImpl: Calling a method in the system process without a qualified user: android.app.ContextImpl.startService:1472 android.content.ContextWrapper.startService:644 android.content.ContextWrapper.startService:644 com.qualcomm.qti.seemp.service.SeempBroadcastReceiver.onReceive:56 android.app.ActivityThread.handleReceiver:3260 
04-01 13:11:51.685  1570  1588 I chatty  : uid=1000(system) Binder:1570_2 expire 7 lines
04-01 13:11:53.148  1570  2360 I chatty  : uid=1000(system) Binder:1570_9 expire 5 lines
04-01 13:11:53.150  1570  2300 I chatty  : uid=1000(system) Binder:1570_5 expire 1 line
04-01 13:11:53.667  1570  1668 I chatty  : uid=1000(system) android.display expire 1 line
04-01 13:11:53.993  1570  3068 I chatty  : uid=1000(system) Binder:1570_B expire 3 lines
04-01 13:11:54.073  1570  6567 I chatty  : uid=1000(system) Binder:1570_1A expire 5 lines
04-01 13:11:54.132  1570  9439 I chatty  : uid=1000(system) Binder:1570_1F expire 3 lines
04-01 13:11:54.318  1570  1587 I chatty  : uid=1000(system) Binder:1570_1 expire 1 line
04-01 13:11:54.356  1570  3644 I chatty  : uid=1000(system) Binder:1570_11 expire 3 lines
04-01 13:11:54.366  1570  3611 I chatty  : uid=1000(system) Binder:1570_D expire 2 lines
04-01 13:11:56.915  1570  1621 I chatty  : uid=1000(system) batterystats-sy expire 1 line
04-01 13:12:01.255  1570  2113 I chatty  : uid=1000(system) IddHandlerThrea expire 10 lines
04-01 13:12:08.681  1570  5879 I chatty  : uid=1000(system) Binder:1570_19 expire 12 lines
04-01 13:12:11.271  1570  3611 I chatty  : uid=1000(system) Binder:1570_D expire 5 lines
04-01 13:12:13.134  1570  2147 I chatty  : uid=1000(system) WifiScanningSer expire 2 lines
04-01 13:12:13.136  1570  1614 I chatty  : uid=1000(system) ActivityManager expire 10 lines
04-01 13:12:15.106  1570  2121 I chatty  : uid=1000(system) AlarmManager expire 13 lines
04-01 13:12:24.099  1570  1613 I chatty  : uid=1000(system) android.bg expire 2 lines
04-01 13:12:39.481  1570  3644 I chatty  : uid=1000(system) Binder:1570_11 expire 2 lines
04-01 13:12:55.248  1570  1570 I chatty  : uid=1000 system_server expire 13 lines
04-01 13:13:01.571   558   558 I tad     : MiscTA Unit 2491: 
04-01 13:13:01.571   558   558 I tad     : NOT WRITTEN (Identical)
04-01 13:13:01.571   558   558 I tad     : MiscTA: Write of unit 2491 completed - OK
04-01 13:13:12.444  1570  1588 I chatty  : uid=1000(system) Binder:1570_2 expire 12 lines
04-01 13:13:16.950  1570  9439 I chatty  : uid=1000(system) Binder:1570_1F expire 3 lines
04-01 13:13:30.965  1570  1699 I chatty  : uid=1000(system) PowerManagerSer expire 7 lines
04-01 13:13:31.597  1570  1668 I chatty  : uid=1000(system) android.display expire 2 lines
04-01 13:13:35.787  1570  2300 I chatty  : uid=1000(system) Binder:1570_5 expire 8 lines
04-01 13:13:35.986  1570  1615 I chatty  : uid=1000(system) android.ui expire 1 line
04-01 13:13:36.180  2198  2198 V KeyguardStatusView: refresh statusview showing:true
04-01 13:13:36.193  2198  2198 V KeyguardDisplayManager: show
04-01 13:13:38.356  1570  3590 I chatty  : uid=1000(system) Binder:1570_C expire 10 lines
04-01 13:13:41.401  1570  2113 I chatty  : uid=1000(system) IddHandlerThrea expire 16 lines
04-01 13:14:38.665  1570  8533 I chatty  : uid=1000(system) Binder:1570_1E expire 15 lines
04-01 13:15:50.995  1570  2360 I chatty  : uid=1000(system) Binder:1570_9 expire 12 lines
04-01 13:16:01.917   558   558 I tad     : MiscTA Unit 2491: 
04-01 13:16:01.917   558   558 I tad     : NOT WRITTEN (Identical)
04-01 13:16:01.917   558   558 I tad     : MiscTA: Write of unit 2491 completed - OK
04-01 13:16:21.614  1570  2113 I chatty  : uid=1000(system) IddHandlerThrea expire 8 lines
04-01 13:16:29.706  1570  1570 I chatty  : uid=1000 system_server expire 5 lines
04-01 13:16:29.741  1570  1621 I chatty  : uid=1000(system) batterystats-sy expire 1 line
04-01 13:16:42.517  1570  2139 I chatty  : uid=1000(system) NetworkStats expire 1 line
04-01 13:16:42.541  1570  3590 I chatty  : uid=1000(system) Binder:1570_C expire 4 lines
04-01 13:17:34.790  1570  2125 I chatty  : uid=1000(system) InputReader expire 3 lines
04-01 13:17:34.978  1570  6667 I chatty  : uid=1000(system) Binder:1570_1B expire 3 lines
04-01 13:17:34.981  1570  1588 I chatty  : uid=1000(system) Binder:1570_2 expire 2 lines
04-01 13:17:35.066  1570  1699 I chatty  : uid=1000(system) PowerManagerSer expire 4 lines
04-01 13:17:37.113  1570  3590 I chatty  : uid=1000(system) Binder:1570_C expire 7 lines
04-01 13:17:37.462  1570  1570 I chatty  : uid=1000 system_server expire 10 lines
04-01 13:17:37.466  2198  2198 V KeyguardDisplayManager: hide
04-01 13:17:37.468  1570  8533 I chatty  : uid=1000(system) Binder:1570_1E expire 12 lines
04-01 13:17:37.511  1570  1614 I chatty  : uid=1000(system) ActivityManager expire 17 lines
04-01 13:17:39.079  1570  2300 I chatty  : uid=1000(system) Binder:1570_5 expire 6 lines
04-01 13:17:41.712  1570  2113 I chatty  : uid=1000(system) IddHandlerThrea expire 6 lines
04-01 13:17:42.014  1570  6567 I chatty  : uid=1000(system) Binder:1570_1A expire 8 lines
04-01 13:17:42.988  1570  2147 I chatty  : uid=1000(system) WifiScanningSer expire 3 lines
04-01 13:17:51.184  1570  1587 I chatty  : uid=1000(system) Binder:1570_1 expire 4 lines
04-01 13:17:54.827  1570  2121 I chatty  : uid=1000(system) AlarmManager expire 5 lines
04-01 13:18:27.149  1570  1717 I chatty  : uid=1000(system) PackageManager expire 19 lines
04-01 13:18:27.203 27309 27309 W ContextImpl: Calling a method in the system process without a qualified user: android.app.ContextImpl.startService:1472 android.content.ContextWrapper.startService:644 android.content.ContextWrapper.startService:644 com.qualcomm.qti.seemp.service.SeempBroadcastReceiver.onReceive:56 android.app.ActivityThread.handleReceiver:3260 
04-01 13:18:27.231  1570  8533 I chatty  : uid=1000(system) Binder:1570_1E expire 1 line
04-01 13:18:28.042  1570  1614 I chatty  : uid=1000(system) ActivityManager expire 31 lines
04-01 13:18:28.846  1570  1668 I chatty  : uid=1000(system) android.display expire 1 line
04-01 13:18:29.040  1570  1615 I chatty  : uid=1000(system) android.ui expire 1 line
04-01 13:18:29.052  1570  3611 I chatty  : uid=1000(system) Binder:1570_D expire 6 lines
04-01 13:18:29.654  1570  2360 I chatty  : uid=1000(system) Binder:1570_9 expire 3 lines
04-01 13:18:29.676  1570  2338 I chatty  : uid=1000(system) Binder:1570_6 expire 3 lines
04-01 13:18:29.698  1570  3068 I chatty  : uid=1000(system) Binder:1570_B expire 4 lines
04-01 13:18:29.853  1570  3644 I chatty  : uid=1000(system) Binder:1570_11 expire 4 lines
04-01 13:18:29.909  1570  1613 I chatty  : uid=1000(system) android.bg expire 4 lines
04-01 13:18:29.957  1570  2360 I chatty  : uid=1000(system) Binder:1570_9 expire 4 lines
04-01 13:18:29.963  1570  3068 I chatty  : uid=1000(system) Binder:1570_B expire 46 lines
04-01 13:18:29.965  1570  1588 I chatty  : uid=1000(system) Binder:1570_2 expire 11 lines
04-01 13:18:29.970  1570  2338 I chatty  : uid=1000(system) Binder:1570_6 expire 7 lines
04-01 13:18:29.971  1570  3644 I chatty  : uid=1000(system) Binder:1570_11 expire 18 lines
04-01 13:18:35.410  1570  2121 I chatty  : uid=1000(system) AlarmManager expire 7 lines
04-01 13:18:35.501  1570  8533 I chatty  : uid=1000(system) Binder:1570_1E expire 6 lines
04-01 13:18:41.224  1570  2147 I chatty  : uid=1000(system) WifiScanningSer expire 3 lines
04-01 13:18:41.226  1570  1614 I chatty  : uid=1000(system) ActivityManager expire 10 lines
04-01 13:18:41.766  1570  2113 I chatty  : uid=1000(system) IddHandlerThrea expire 10 lines
04-01 13:18:56.903  1570  1570 I chatty  : uid=1000 system_server expire 4 lines
04-01 13:19:02.253   558   558 I tad     : MiscTA Unit 2491: 
04-01 13:19:02.253   558   558 I tad     : NOT WRITTEN (Identical)
04-01 13:19:02.253   558   558 I tad     : MiscTA: Write of unit 2491 completed - OK
04-01 13:19:03.995  1570  3068 I chatty  : uid=1000(system) Binder:1570_B expire 9 lines
04-01 13:19:56.919  1570  1621 I chatty  : uid=1000(system) batterystats-sy expire 1 line
04-01 13:20:02.347  1570  2300 I chatty  : uid=1000(system) Binder:1570_5 expire 2 lines
04-01 13:20:14.157  1570  1717 I chatty  : uid=1000(system) PackageManager expire 14 lines
04-01 13:20:14.229 27638 27638 W ContextImpl: Calling a method in the system process without a qualified user: android.app.ContextImpl.startService:1472 android.content.ContextWrapper.startService:644 android.content.ContextWrapper.startService:644 com.qualcomm.qti.seemp.service.SeempBroadcastReceiver.onReceive:56 android.app.ActivityThread.handleReceiver:3260 
04-01 13:20:15.723  1570  1614 I chatty  : uid=1000(system) ActivityManager expire 3 lines
04-01 13:20:16.304  1570  1615 I chatty  : uid=1000(system) android.ui expire 1 line
04-01 13:20:16.307  1570  1668 I chatty  : uid=1000(system) android.display expire 1 line
04-01 13:20:16.314  1570  6667 I chatty  : uid=1000(system) Binder:1570_1B expire 1 line
04-01 13:20:16.561  1570  5879 I chatty  : uid=1000(system) Binder:1570_19 expire 4 lines
04-01 13:20:16.589  1570  1587 I chatty  : uid=1000(system) Binder:1570_1 expire 4 lines
04-01 13:20:16.736  1570  1717 I chatty  : uid=1000(system) PackageManager expire 5 lines
04-01 13:20:16.747  1570  8533 I chatty  : uid=1000(system) Binder:1570_1E expire 7 lines
04-01 13:20:16.758  1570  3644 I chatty  : uid=1000(system) Binder:1570_11 expire 20 lines
04-01 13:20:16.770  1570  1570 I chatty  : uid=1000 system_server expire 3 lines
04-01 13:20:16.802  1570  1614 I chatty  : uid=1000(system) ActivityManager expire 28 lines
04-01 13:20:16.806  1570  2300 I chatty  : uid=1000(system) Binder:1570_5 expire 2 lines
04-01 13:20:16.827  1570  6567 I chatty  : uid=1000(system) Binder:1570_1A expire 2 lines
04-01 13:20:16.834  1570  9439 I chatty  : uid=1000(system) Binder:1570_1F expire 3 lines
04-01 13:20:16.840  1570  2338 I chatty  : uid=1000(system) Binder:1570_6 expire 9 lines
04-01 13:20:17.057  1570  3590 I chatty  : uid=1000(system) Binder:1570_C expire 58 lines
04-01 13:20:17.063  1570  1613 I chatty  : uid=1000(system) android.bg expire 4 lines
04-01 13:20:17.066  1570  6667 I chatty  : uid=1000(system) Binder:1570_1B expire 1 line
04-01 13:20:20.008  1570 10171 I chatty  : uid=1000(system) SmartCleanerSer expire 1 line
04-01 13:20:21.872  1570  2113 I chatty  : uid=1000(system) IddHandlerThrea expire 5 lines
04-01 13:20:22.687  1570  3068 I chatty  : uid=1000(system) Binder:1570_B expire 5 lines
04-01 13:20:38.322  1570  2147 I chatty  : uid=1000(system) WifiScanningSer expire 1 line
04-01 13:21:00.003  1570  2121 I chatty  : uid=1000(system) AlarmManager expire 9 lines
04-01 13:21:01.935  1570  2113 I chatty  : uid=1000(system) IddHandlerThrea expire 13 lines
04-01 13:21:02.778  1570  3590 I chatty  : uid=1000(system) Binder:1570_C expire 12 lines
04-01 13:21:04.125  1570  1570 I chatty  : uid=1000 system_server expire 11 lines
04-01 13:21:05.542  1570  3644 I chatty  : uid=1000(system) Binder:1570_11 expire 13 lines
04-01 13:21:21.569  1570  3068 I chatty  : uid=1000(system) Binder:1570_B expire 2 lines
04-01 13:21:41.689  1570  2338 I chatty  : uid=1000(system) Binder:1570_6 expire 10 lines
04-01 13:22:02.563   558   558 I tad     : MiscTA Unit 2491: 
04-01 13:22:02.564   558   558 I tad     : NOT WRITTEN (Identical)
04-01 13:22:02.564   558   558 I tad     : MiscTA: Write of unit 2491 completed - OK
04-01 13:22:09.699  1570  9439 I chatty  : uid=1000(system) Binder:1570_1F expire 8 lines
04-01 13:22:41.467  1570  2147 I chatty  : uid=1000(system) WifiScanningSer expire 1 line
04-01 13:22:41.469  1570  1614 I chatty  : uid=1000(system) ActivityManager expire 13 lines
04-01 13:22:58.316  1570  1615 I chatty  : uid=1000(system) android.ui expire 1 line
04-01 13:23:08.362  1570  1613 I chatty  : uid=1000(system) android.bg expire 2 lines
04-01 13:23:19.362  1570  2160 I chatty  : uid=1000(system) HwBinder:1570_2 expire 1 line
04-01 13:23:19.363  1570  1666 I chatty  : uid=1000(system) android.fg expire 5 lines
04-01 13:23:19.384  1570  1621 I chatty  : uid=1000(system) batterystats-sy expire 1 line
04-01 13:23:19.428  1570  1699 I chatty  : uid=1000(system) PowerManagerSer expire 8 lines
04-01 13:23:19.657  1570  1587 I chatty  : uid=1000(system) Binder:1570_1 expire 2 lines
04-01 13:23:19.701 27926 27926 W ContextImpl: Calling a method in the system process without a qualified user: android.app.ContextImpl.startService:1472 android.content.ContextWrapper.startService:644 android.content.ContextWrapper.startService:644 com.sonymobile.smartcharger.SmartChargeReceiver.onReceive:46 android.app.ActivityThread.handleReceiver:3260 
04-01 13:23:20.762 27926 27926 W ContextImpl: Calling a method in the system process without a qualified user: android.app.ContextImpl.startService:1472 android.content.ContextWrapper.startService:644 com.sonymobile.smartcharger.ChargerPlugFilterService$1.run:176 android.os.Handler.handleCallback:789 android.os.Handler.dispatchMessage:98 
04-01 13:23:20.780  1570  8533 I chatty  : uid=1000(system) Binder:1570_1E expire 1 line
04-01 13:23:20.786  1570  2338 I chatty  : uid=1000(system) Binder:1570_6 expire 8 lines
04-01 13:23:20.950 27926 27926 W ContextImpl: Calling a method in the system process without a qualified user: android.app.ContextImpl.startService:1472 android.content.ContextWrapper.startService:644 com.sonymobile.smartcharger.SmartChargeService.deleteNotif:1400 com.sonymobile.smartcharger.SmartChargeService.offState:1163 com.sonymobile.smartcharger.SmartChargeService.onStartCommand:493 
04-01 13:23:21.047  1570  3611 I chatty  : uid=1000(system) Binder:1570_D expire 4 lines
04-01 13:23:21.048  1570  2150 I chatty  : uid=1000(system) ConnectivitySer expire 1 line
04-01 13:23:22.137  1570  2113 I chatty  : uid=1000(system) IddHandlerThrea expire 4 lines
04-01 13:23:24.910  1570  3644 I chatty  : uid=1000(system) Binder:1570_11 expire 3 lines
04-01 13:23:34.829  1570  2125 I chatty  : uid=1000(system) InputReader expire 4 lines
04-01 13:23:35.191  1570  2290 I chatty  : uid=1000(system) Binder:1570_4 expire 2 lines
04-01 13:23:35.412  1570  1668 I chatty  : uid=1000(system) android.display expire 2 lines
04-01 13:23:35.563  2198  2198 V KeyguardStatusView: refresh statusview showing:true
04-01 13:23:35.571  2198  2198 V KeyguardDisplayManager: show
04-01 13:23:35.603  1570  1570 I chatty  : uid=1000 system_server expire 12 lines
04-01 13:23:37.776  3544  3769 W ContextImpl: Calling a method in the system process without a qualified user: android.app.ContextImpl.bindService:1552 android.content.ContextWrapper.bindService:678 com.google.android.gms.ads.identifier.AdvertisingIdClient.h:34 com.google.android.gms.ads.identifier.AdvertisingIdClient.b:14 com.google.android.gms.ads.identifier.AdvertisingIdClient.getAdvertisingIdInfo:8 
04-01 13:24:26.836  1570  5879 I chatty  : uid=1000(system) Binder:1570_19 expire 2 lines
04-01 13:24:26.837  1570  3590 I chatty  : uid=1000(system) Binder:1570_C expire 4 lines
04-01 13:24:29.371  2198  2198 V KeyguardDisplayManager: hide
04-01 13:24:29.402  1570  1614 I chatty  : uid=1000(system) ActivityManager expire 17 lines
04-01 13:24:30.664  1570  2124 I chatty  : uid=1000(system) InputDispatcher expire 2 lines
04-01 13:24:30.718  1570  2338 I chatty  : uid=1000(system) Binder:1570_6 expire 1 line
04-01 13:24:31.064  1570  3644 I chatty  : uid=1000(system) Binder:1570_11 expire 7 lines
04-01 13:24:31.247  1570  8220 I chatty  : uid=1000(system) Binder:1570_1D expire 2 lines
04-01 13:24:31.282  1570  3611 I chatty  : uid=1000(system) Binder:1570_D expire 13 lines
04-01 13:24:31.383  1570  5879 I chatty  : uid=1000(system) Binder:1570_19 expire 2 lines
04-01 13:24:32.413  1570  2290 I chatty  : uid=1000(system) Binder:1570_4 expire 1 line
04-01 13:24:32.485  1570  2300 I chatty  : uid=1000(system) Binder:1570_5 expire 8 lines
04-01 13:24:33.349  1570  2147 I chatty  : uid=1000(system) WifiScanningSer expire 2 lines
04-01 13:24:34.268  1570  2114 I chatty  : uid=1000(system) Binder:1570_3 expire 2 lines
04-01 13:24:34.334  1570  9439 I chatty  : uid=1000(system) Binder:1570_1F expire 9 lines
04-01 13:24:34.575  1570  3695 I chatty  : uid=1000(system) Binder:1570_16 expire 8 lines
04-01 13:24:35.042  1570  2121 I chatty  : uid=1000(system) AlarmManager expire 17 lines
04-01 13:24:36.339  1570 10171 I chatty  : uid=1000(system) SmartCleanerSer expire 1 line
04-01 13:24:37.947  1570  3068 I chatty  : uid=1000(system) Binder:1570_B expire 5 lines
04-01 13:24:38.839 28280 28280 D ActivityThread: Loading provider contacts;com.android.contacts: com.android.providers.contacts.SemcContactsProvider2
04-01 13:24:38.942  1570  1587 I chatty  : uid=1000(system) Binder:1570_1 expire 3 lines
04-01 13:24:39.161  1570  6567 I chatty  : uid=1000(system) Binder:1570_1A expire 10 lines
04-01 13:24:41.512  1570  2113 I chatty  : uid=1000(system) IddHandlerThrea expire 4 lines
04-01 13:24:43.496  1570  4156 I chatty  : uid=1000(system) Binder:1570_17 expire 6 lines
04-01 13:24:46.456  1570  6667 I chatty  : uid=1000(system) Binder:1570_1B expire 1 line
04-01 13:24:53.732  1570  1717 I chatty  : uid=1000(system) PackageManager expire 1 line
04-01 13:24:53.755  1570  3620 I chatty  : uid=1000(system) Binder:1570_F expire 3 lines
04-01 13:24:53.758  1570  1588 I chatty  : uid=1000(system) Binder:1570_2 expire 4 lines
04-01 13:24:53.767  1570  3656 I chatty  : uid=1000(system) Binder:1570_13 expire 5 lines
04-01 13:24:54.301  1570  1613 I chatty  : uid=1000(system) android.bg expire 1 line
04-01 13:24:54.390  1570  1570 I chatty  : uid=1000 system_server expire 12 lines
04-01 13:24:56.194  1570  2125 I chatty  : uid=1000(system) InputReader expire 4 lines
04-01 13:24:56.711  1570  1699 I chatty  : uid=1000(system) PowerManagerSer expire 7 lines
04-01 13:24:56.845  1570  1615 I chatty  : uid=1000(system) android.ui expire 2 lines
04-01 13:24:56.851  1570  1668 I chatty  : uid=1000(system) android.display expire 2 lines
04-01 13:24:57.018  2198  2198 V KeyguardStatusView: refresh statusview showing:true
04-01 13:24:57.032  2198  2198 V KeyguardDisplayManager: show
04-01 13:24:57.250  1570  1614 I chatty  : uid=1000(system) ActivityManager expire 7 lines
04-01 13:25:28.206  1570  1666 I chatty  : uid=1000(system) android.fg expire 4 lines
04-01 13:27:32.386  1570  3661 I chatty  : uid=1000(system) Binder:1570_14 expire 4 lines
04-01 13:27:33.880  1570  2290 I chatty  : uid=1000(system) Binder:1570_4 expire 15 lines
04-01 13:27:34.579  1570  1570 I chatty  : uid=1000 system_server expire 6 lines
04-01 13:27:34.584  2198  2198 V KeyguardDisplayManager: hide
04-01 13:27:34.588  1570  2360 I chatty  : uid=1000(system) Binder:1570_9 expire 3 lines
